Archive member included because of file (symbol)

c:/armgcc/4.8_2014_q2/bin/../lib/gcc/arm-none-eabi/4.8.4/armv7e-m\libgcc.a(_arm_addsubsf3.o)
                              ./system/BSP/STM32F4-Discovery/stm32f4_discovery_audio.o (__aeabi_ui2f)
c:/armgcc/4.8_2014_q2/bin/../lib/gcc/arm-none-eabi/4.8.4/armv7e-m\libgcc.a(_arm_muldivsf3.o)
                              ./system/BSP/Components/lis3dsh/lis3dsh.o (__aeabi_fmul)
c:/armgcc/4.8_2014_q2/bin/../lib/gcc/arm-none-eabi/4.8.4/armv7e-m\libgcc.a(_arm_fixsfsi.o)
                              ./system/BSP/Components/lis3dsh/lis3dsh.o (__aeabi_f2iz)
c:/armgcc/4.8_2014_q2/bin/../lib/gcc/arm-none-eabi/4.8.4/../../../../arm-none-eabi/lib/armv7e-m\libg.a(lib_a-errno.o)
                              ./system/src/newlib/_sbrk.o (__errno)
c:/armgcc/4.8_2014_q2/bin/../lib/gcc/arm-none-eabi/4.8.4/../../../../arm-none-eabi/lib/armv7e-m\libg.a(lib_a-impure.o)
                              c:/armgcc/4.8_2014_q2/bin/../lib/gcc/arm-none-eabi/4.8.4/../../../../arm-none-eabi/lib/armv7e-m\libg.a(lib_a-errno.o) (_impure_ptr)
c:/armgcc/4.8_2014_q2/bin/../lib/gcc/arm-none-eabi/4.8.4/../../../../arm-none-eabi/lib/armv7e-m\libg.a(lib_a-malloc.o)
                              ./system/STM32_USB_Device_Library/Class/CDC/Src/usbd_cdc.o (malloc)
c:/armgcc/4.8_2014_q2/bin/../lib/gcc/arm-none-eabi/4.8.4/../../../../arm-none-eabi/lib/armv7e-m\libg.a(lib_a-mallocr.o)
                              c:/armgcc/4.8_2014_q2/bin/../lib/gcc/arm-none-eabi/4.8.4/../../../../arm-none-eabi/lib/armv7e-m\libg.a(lib_a-malloc.o) (_malloc_r)
c:/armgcc/4.8_2014_q2/bin/../lib/gcc/arm-none-eabi/4.8.4/../../../../arm-none-eabi/lib/armv7e-m\libg.a(lib_a-memcpy.o)
                              ./src/usbd_cdc_interface.o (memcpy)
c:/armgcc/4.8_2014_q2/bin/../lib/gcc/arm-none-eabi/4.8.4/../../../../arm-none-eabi/lib/armv7e-m\libg.a(lib_a-mlock.o)
                              c:/armgcc/4.8_2014_q2/bin/../lib/gcc/arm-none-eabi/4.8.4/../../../../arm-none-eabi/lib/armv7e-m\libg.a(lib_a-mallocr.o) (__malloc_lock)
c:/armgcc/4.8_2014_q2/bin/../lib/gcc/arm-none-eabi/4.8.4/../../../../arm-none-eabi/lib/armv7e-m\libg.a(lib_a-printf.o)
                              ./src/main.o (printf)
c:/armgcc/4.8_2014_q2/bin/../lib/gcc/arm-none-eabi/4.8.4/../../../../arm-none-eabi/lib/armv7e-m\libg.a(lib_a-sbrkr.o)
                              c:/armgcc/4.8_2014_q2/bin/../lib/gcc/arm-none-eabi/4.8.4/../../../../arm-none-eabi/lib/armv7e-m\libg.a(lib_a-mallocr.o) (_sbrk_r)
c:/armgcc/4.8_2014_q2/bin/../lib/gcc/arm-none-eabi/4.8.4/../../../../arm-none-eabi/lib/armv7e-m\libg.a(lib_a-scanf.o)
                              ./src/main.o (scanf)
c:/armgcc/4.8_2014_q2/bin/../lib/gcc/arm-none-eabi/4.8.4/../../../../arm-none-eabi/lib/armv7e-m\libg.a(lib_a-vfprintf.o)
                              c:/armgcc/4.8_2014_q2/bin/../lib/gcc/arm-none-eabi/4.8.4/../../../../arm-none-eabi/lib/armv7e-m\libg.a(lib_a-printf.o) (_vfprintf_r)
c:/armgcc/4.8_2014_q2/bin/../lib/gcc/arm-none-eabi/4.8.4/../../../../arm-none-eabi/lib/armv7e-m\libg.a(lib_a-vfscanf.o)
                              c:/armgcc/4.8_2014_q2/bin/../lib/gcc/arm-none-eabi/4.8.4/../../../../arm-none-eabi/lib/armv7e-m\libg.a(lib_a-scanf.o) (_vfscanf_r)
c:/armgcc/4.8_2014_q2/bin/../lib/gcc/arm-none-eabi/4.8.4/../../../../arm-none-eabi/lib/armv7e-m\libg.a(lib_a-wsetup.o)
                              c:/armgcc/4.8_2014_q2/bin/../lib/gcc/arm-none-eabi/4.8.4/../../../../arm-none-eabi/lib/armv7e-m\libg.a(lib_a-vfprintf.o) (__swsetup_r)
c:/armgcc/4.8_2014_q2/bin/../lib/gcc/arm-none-eabi/4.8.4/../../../../arm-none-eabi/lib/armv7e-m\libg.a(lib_a-ctype_.o)
                              c:/armgcc/4.8_2014_q2/bin/../lib/gcc/arm-none-eabi/4.8.4/../../../../arm-none-eabi/lib/armv7e-m\libg.a(lib_a-vfscanf.o) (__ctype_ptr__)
c:/armgcc/4.8_2014_q2/bin/../lib/gcc/arm-none-eabi/4.8.4/../../../../arm-none-eabi/lib/armv7e-m\libg.a(lib_a-dtoa.o)
                              c:/armgcc/4.8_2014_q2/bin/../lib/gcc/arm-none-eabi/4.8.4/../../../../arm-none-eabi/lib/armv7e-m\libg.a(lib_a-vfprintf.o) (_dtoa_r)
c:/armgcc/4.8_2014_q2/bin/../lib/gcc/arm-none-eabi/4.8.4/../../../../arm-none-eabi/lib/armv7e-m\libg.a(lib_a-fflush.o)
                              c:/armgcc/4.8_2014_q2/bin/../lib/gcc/arm-none-eabi/4.8.4/../../../../arm-none-eabi/lib/armv7e-m\libg.a(lib_a-vfprintf.o) (_fflush_r)
c:/armgcc/4.8_2014_q2/bin/../lib/gcc/arm-none-eabi/4.8.4/../../../../arm-none-eabi/lib/armv7e-m\libg.a(lib_a-findfp.o)
                              c:/armgcc/4.8_2014_q2/bin/../lib/gcc/arm-none-eabi/4.8.4/../../../../arm-none-eabi/lib/armv7e-m\libg.a(lib_a-vfprintf.o) (__sinit)
c:/armgcc/4.8_2014_q2/bin/../lib/gcc/arm-none-eabi/4.8.4/../../../../arm-none-eabi/lib/armv7e-m\libg.a(lib_a-fread.o)
                              c:/armgcc/4.8_2014_q2/bin/../lib/gcc/arm-none-eabi/4.8.4/../../../../arm-none-eabi/lib/armv7e-m\libg.a(lib_a-vfscanf.o) (_fread_r)
[...]
Memory Configuration

Name             Origin             Length             Attributes
RAM              0x20000000         0x00020000         xrw
CCMRAM           0x10000000         0x00010000         xrw
FLASH            0x08000000         0x00100000         xr
FLASHB1          0x00000000         0x00000000         xr
EXTMEMB0         0x00000000         0x00000000         xr
EXTMEMB1         0x00000000         0x00000000         xr
EXTMEMB2         0x00000000         0x00000000         xr
EXTMEMB3         0x00000000         0x00000000         xr
MEMORY_ARRAY     0x20002000         0x00000020         xrw
*default*        0x00000000         0xffffffff

Linker script and memory map

LOAD ./system/src/stm32f4-hal/stm32f4xx_hal.o
LOAD ./system/src/stm32f4-hal/stm32f4xx_hal_adc.o
LOAD ./system/src/stm32f4-hal/stm32f4xx_hal_adc_ex.o
LOAD ./system/src/stm32f4-hal/stm32f4xx_hal_can.o
LOAD ./system/src/stm32f4-hal/stm32f4xx_hal_cortex.o
LOAD ./system/src/stm32f4-hal/stm32f4xx_hal_crc.o
LOAD ./system/src/stm32f4-hal/stm32f4xx_hal_cryp.o
LOAD ./system/src/stm32f4-hal/stm32f4xx_hal_cryp_ex.o
LOAD ./system/src/stm32f4-hal/stm32f4xx_hal_dac.o
LOAD ./system/src/stm32f4-hal/stm32f4xx_hal_dac_ex.o
LOAD ./system/src/stm32f4-hal/stm32f4xx_hal_dcmi.o
LOAD ./system/src/stm32f4-hal/stm32f4xx_hal_dma.o
LOAD ./system/src/stm32f4-hal/stm32f4xx_hal_dma2d.o
LOAD ./system/src/stm32f4-hal/stm32f4xx_hal_dma_ex.o
LOAD ./system/src/stm32f4-hal/stm32f4xx_hal_eth.o
LOAD ./system/src/stm32f4-hal/stm32f4xx_hal_flash.o
LOAD ./system/src/stm32f4-hal/stm32f4xx_hal_flash_ex.o
LOAD ./system/src/stm32f4-hal/stm32f4xx_hal_gpio.o
LOAD ./system/src/stm32f4-hal/stm32f4xx_hal_hash.o
LOAD ./system/src/stm32f4-hal/stm32f4xx_hal_hash_ex.o
LOAD ./system/src/stm32f4-hal/stm32f4xx_hal_hcd.o
LOAD ./system/src/stm32f4-hal/stm32f4xx_hal_i2c.o
LOAD ./system/src/stm32f4-hal/stm32f4xx_hal_i2c_ex.o
LOAD ./system/src/stm32f4-hal/stm32f4xx_hal_i2s.o
LOAD ./system/src/stm32f4-hal/stm32f4xx_hal_i2s_ex.o
LOAD ./system/src/stm32f4-hal/stm32f4xx_hal_irda.o
LOAD ./system/src/stm32f4-hal/stm32f4xx_hal_iwdg.o
LOAD ./system/src/stm32f4-hal/stm32f4xx_hal_ltdc.o
LOAD ./system/src/stm32f4-hal/stm32f4xx_hal_nand.o
LOAD ./system/src/stm32f4-hal/stm32f4xx_hal_nor.o
LOAD ./system/src/stm32f4-hal/stm32f4xx_hal_pccard.o
LOAD ./system/src/stm32f4-hal/stm32f4xx_hal_pcd.o
LOAD ./system/src/stm32f4-hal/stm32f4xx_hal_pwr.o
LOAD ./system/src/stm32f4-hal/stm32f4xx_hal_pwr_ex.o
LOAD ./system/src/stm32f4-hal/stm32f4xx_hal_rcc.o
LOAD ./system/src/stm32f4-hal/stm32f4xx_hal_rcc_ex.o
LOAD ./system/src/stm32f4-hal/stm32f4xx_hal_rng.o
LOAD ./system/src/stm32f4-hal/stm32f4xx_hal_rtc.o
LOAD ./system/src/stm32f4-hal/stm32f4xx_hal_rtc_ex.o
LOAD ./system/src/stm32f4-hal/stm32f4xx_hal_sai.o
LOAD ./system/src/stm32f4-hal/stm32f4xx_hal_sd.o
LOAD ./system/src/stm32f4-hal/stm32f4xx_hal_sdram.o
LOAD ./system/src/stm32f4-hal/stm32f4xx_hal_smartcard.o
LOAD ./system/src/stm32f4-hal/stm32f4xx_hal_spi.o
LOAD ./system/src/stm32f4-hal/stm32f4xx_hal_sram.o
LOAD ./system/src/stm32f4-hal/stm32f4xx_hal_tim.o
LOAD ./system/src/stm32f4-hal/stm32f4xx_hal_tim_ex.o
LOAD ./system/src/stm32f4-hal/stm32f4xx_hal_uart.o
LOAD ./system/src/stm32f4-hal/stm32f4xx_hal_usart.o
LOAD ./system/src/stm32f4-hal/stm32f4xx_hal_wwdg.o
LOAD ./system/src/stm32f4-hal/stm32f4xx_ll_fmc.o
LOAD ./system/src/stm32f4-hal/stm32f4xx_ll_fsmc.o
LOAD ./system/src/stm32f4-hal/stm32f4xx_ll_sdmmc.o
LOAD ./system/src/stm32f4-hal/stm32f4xx_ll_usb.o
LOAD ./system/src/newlib/_cxx.o
LOAD ./system/src/newlib/_exit.o
LOAD ./system/src/newlib/_sbrk.o
LOAD ./system/src/newlib/_startup.o
LOAD ./system/src/newlib/_syscalls.o
LOAD ./system/src/newlib/_write.o
LOAD ./system/src/newlib/assert.o
LOAD ./system/src/diag/Trace.o
LOAD ./system/src/diag/trace_impl.o
LOAD ./system/src/cortexm/_initialize_hardware.o
LOAD ./system/src/cortexm/_reset_hardware.o
LOAD ./system/src/cortexm/exception_handlers.o
LOAD ./system/src/CMSIS/system_stm32f4xx.o
LOAD ./system/src/CMSIS/vectors_stm32f4xx.o
LOAD ./system/STM32_USB_Device_Library/Core/Src/usbd_core.o
LOAD ./system/STM32_USB_Device_Library/Core/Src/usbd_ctlreq.o
LOAD ./system/STM32_USB_Device_Library/Core/Src/usbd_ioreq.o
LOAD ./system/STM32_USB_Device_Library/Class/CDC/Src/usbd_cdc.o
LOAD ./system/BSP/STM32F4-Discovery/stm32f4_discovery.o
LOAD ./system/BSP/STM32F4-Discovery/stm32f4_discovery_accelerometer.o
LOAD ./system/BSP/STM32F4-Discovery/stm32f4_discovery_audio.o
LOAD ./system/BSP/Components/wm8994/wm8994.o
LOAD ./system/BSP/Components/ts3510/ts3510.o
LOAD ./system/BSP/Components/stmpe811/stmpe811.o
LOAD ./system/BSP/Components/stmpe1600/stmpe1600.o
LOAD ./system/BSP/Components/ov2640/ov2640.o
LOAD ./system/BSP/Components/lsm303dlhc/lsm303dlhc.o
LOAD ./system/BSP/Components/lis3dsh/lis3dsh.o
LOAD ./system/BSP/Components/lis302dl/lis302dl.o
LOAD ./system/BSP/Components/l3gd20/l3gd20.o
LOAD ./system/BSP/Components/ili9341/ili9341.o
LOAD ./system/BSP/Components/ili9325/ili9325.o
LOAD ./system/BSP/Components/cs43l22/cs43l22.o
LOAD ./src/isp.o
LOAD ./src/main.o
LOAD ./src/stm32f4xx_it.o
LOAD ./src/usbd_cdc_interface.o
LOAD ./src/usbd_conf.o
LOAD ./src/usbd_desc.o
LOAD c:/armgcc/4.8_2014_q2/bin/../lib/gcc/arm-none-eabi/4.8.4/../../../../arm-none-eabi/lib/armv7e-m\libstdc++.a
LOAD c:/armgcc/4.8_2014_q2/bin/../lib/gcc/arm-none-eabi/4.8.4/../../../../arm-none-eabi/lib/armv7e-m\libm.a
START GROUP
LOAD c:/armgcc/4.8_2014_q2/bin/../lib/gcc/arm-none-eabi/4.8.4/armv7e-m\libgcc.a
LOAD c:/armgcc/4.8_2014_q2/bin/../lib/gcc/arm-none-eabi/4.8.4/../../../../arm-none-eabi/lib/armv7e-m\libg.a
LOAD c:/armgcc/4.8_2014_q2/bin/../lib/gcc/arm-none-eabi/4.8.4/../../../../arm-none-eabi/lib/armv7e-m\libc.a
END GROUP
                0x20020000                __stack = (ORIGIN (RAM) + 0x20000)
                0x20020000                _estack = __stack
                0x00000400                __Main_Stack_Size = 0x400
                0x00000400                PROVIDE (_Main_Stack_Size, __Main_Stack_Size)
                0x2001fc00                __Main_Stack_Limit = (__stack - __Main_Stack_Size)
                0x2001fc00                PROVIDE (_Main_Stack_Limit, __Main_Stack_Limit)
                0x00000100                _Minimum_Stack_Size = 0x100
                0x2000228c                PROVIDE (_Heap_Begin, _end_noinit)
                0x2001fc00                PROVIDE (_Heap_Limit, (__stack - __Main_Stack_Size))

.isr_vector     0x08000000      0x260
                0x08000000                . = ALIGN (0x4)
 *(.isr_vector)
 .isr_vector    0x08000000      0x188 ./system/src/CMSIS/vectors_stm32f4xx.o
                0x08000000                __isr_vectors
 *(.cfmconfig)
 *(.after_vectors .after_vectors.*)
 .after_vectors
                0x08000188       0xc0 ./system/src/newlib/_startup.o
                0x08000188                _start
 .after_vectors
                0x08000248       0x16 ./system/src/cortexm/exception_handlers.o
                0x08000248                Reset_Handler
 .after_vectors
                0x0800025e        0x2 ./system/src/CMSIS/vectors_stm32f4xx.o
                0x0800025e                RTC_Alarm_IRQHandler
                0x0800025e                HASH_RNG_IRQHandler
                0x0800025e                EXTI2_IRQHandler
                0x0800025e                TIM8_CC_IRQHandler
                0x0800025e                SPI4_IRQHandler
                0x0800025e                TIM1_CC_IRQHandler
                0x0800025e                DMA2_Stream5_IRQHandler
                0x0800025e                DMA1_Stream5_IRQHandler
                0x0800025e                PVD_IRQHandler
                0x0800025e                SDIO_IRQHandler
                0x0800025e                TAMP_STAMP_IRQHandler
                0x0800025e                CAN2_RX1_IRQHandler
                0x0800025e                EXTI3_IRQHandler
                0x0800025e                TIM8_TRG_COM_TIM14_IRQHandler
                0x0800025e                TIM1_UP_TIM10_IRQHandler
                0x0800025e                TIM8_UP_TIM13_IRQHandler
                0x0800025e                I2C3_ER_IRQHandler
                0x0800025e                EXTI0_IRQHandler
                0x0800025e                I2C2_EV_IRQHandler
                0x0800025e                DMA1_Stream2_IRQHandler
                0x0800025e                CAN1_RX0_IRQHandler
                0x0800025e                FPU_IRQHandler
                0x0800025e                OTG_HS_WKUP_IRQHandler
                0x0800025e                CAN2_SCE_IRQHandler
                0x0800025e                DMA2_Stream2_IRQHandler
                0x0800025e                SPI1_IRQHandler
                0x0800025e                TIM6_DAC_IRQHandler
                0x0800025e                TIM1_BRK_TIM9_IRQHandler
                0x0800025e                DCMI_IRQHandler
                0x0800025e                CAN2_RX0_IRQHandler
                0x0800025e                DMA2_Stream3_IRQHandler
                0x0800025e                USART6_IRQHandler
                0x0800025e                USART3_IRQHandler
                0x0800025e                CRYP_IRQHandler
                0x0800025e                CAN1_RX1_IRQHandler
                0x0800025e                UART5_IRQHandler
                0x0800025e                DMA2_Stream0_IRQHandler
                0x0800025e                TIM4_IRQHandler
                0x0800025e                I2C1_EV_IRQHandler
                0x0800025e                DMA1_Stream6_IRQHandler
                0x0800025e                DMA1_Stream1_IRQHandler
                0x0800025e                UART4_IRQHandler
                0x0800025e                RCC_IRQHandler
                0x0800025e                TIM8_BRK_TIM12_IRQHandler
                0x0800025e                Default_Handler
                0x0800025e                EXTI15_10_IRQHandler
                0x0800025e                ADC_IRQHandler
                0x0800025e                DMA1_Stream7_IRQHandler
                0x0800025e                TIM7_IRQHandler
                0x0800025e                CAN2_TX_IRQHandler
                0x0800025e                TIM5_IRQHandler
                0x0800025e                I2C3_EV_IRQHandler
                0x0800025e                EXTI9_5_IRQHandler
                0x0800025e                RTC_WKUP_IRQHandler
                0x0800025e                ETH_WKUP_IRQHandler
                0x0800025e                SPI2_IRQHandler
                0x0800025e                OTG_HS_EP1_IN_IRQHandler
                0x0800025e                DMA1_Stream0_IRQHandler
                0x0800025e                CAN1_TX_IRQHandler
                0x0800025e                EXTI4_IRQHandler
                0x0800025e                FSMC_IRQHandler
                0x0800025e                ETH_IRQHandler
                0x0800025e                OTG_HS_EP1_OUT_IRQHandler
                0x0800025e                WWDG_IRQHandler
                0x0800025e                TIM2_IRQHandler
                0x0800025e                OTG_FS_WKUP_IRQHandler
                0x0800025e                TIM1_TRG_COM_TIM11_IRQHandler
                0x0800025e                OTG_HS_IRQHandler
                0x0800025e                EXTI1_IRQHandler
                0x0800025e                USART2_IRQHandler
                0x0800025e                I2C2_ER_IRQHandler
                0x0800025e                DMA2_Stream1_IRQHandler
                0x0800025e                CAN1_SCE_IRQHandler
                0x0800025e                FLASH_IRQHandler
                0x0800025e                DMA2_Stream4_IRQHandler
                0x0800025e                SPI3_IRQHandler
                0x0800025e                DMA1_Stream4_IRQHandler
                0x0800025e                I2C1_ER_IRQHandler
                0x0800025e                DMA2_Stream6_IRQHandler
                0x0800025e                DMA1_Stream3_IRQHandler
                0x08000260                . = ALIGN (0x4)

.inits          0x08000260        0x0
                0x08000260                . = ALIGN (0x4)
 *(.init)
 *(.fini)
                0x08000260                . = ALIGN (0x4)
                0x08000260                PROVIDE (__preinit_array_start, .)
 *(.preinit_array_sysinit .preinit_array_sysinit.*)
 *(.preinit_array_platform .preinit_array_platform.*)
 *(.preinit_array .preinit_array.*)
                0x08000260                PROVIDE (__preinit_array_end, .)
                0x08000260                . = ALIGN (0x4)
                0x08000260                PROVIDE (__init_array_start, .)
 *(SORT(.init_array.*))
 *(.init_array)
                0x08000260                PROVIDE (__init_array_end, .)
                0x08000260                . = ALIGN (0x4)
                0x08000260                PROVIDE (__fini_array_start, .)
 *(SORT(.fini_array.*))
 *(.fini_array)
                0x08000260                PROVIDE (__fini_array_end, .)
                0x08000260                . = ALIGN (0x4)

.flashtext      0x08000260        0x0
                0x08000260                . = ALIGN (0x4)
 *(.flashtext .flashtext.*)
                0x08000260                . = ALIGN (0x4)

.text           0x08000260     0xec28
                0x08000260                . = ALIGN (0x4)
 *(.text .text.*)
 .text.HAL_MspInit
                0x08000260        0x2 ./system/src/stm32f4-hal/stm32f4xx_hal.o
                0x08000260                HAL_MspInit
 *fill*         0x08000262        0x2 
 .text.HAL_Init
                0x08000264       0x44 ./system/src/stm32f4-hal/stm32f4xx_hal.o
                0x08000264                HAL_Init
 .text.HAL_IncTick
                0x080002a8       0x10 ./system/src/stm32f4-hal/stm32f4xx_hal.o
                0x080002a8                HAL_IncTick
 .text.HAL_GetTick
                0x080002b8        0xc ./system/src/stm32f4-hal/stm32f4xx_hal.o
                0x080002b8                HAL_GetTick
 .text.HAL_Delay
                0x080002c4       0x1c ./system/src/stm32f4-hal/stm32f4xx_hal.o
                0x080002c4                HAL_Delay
 .text.HAL_NVIC_SetPriorityGrouping
                0x080002e0       0x24 ./system/src/stm32f4-hal/stm32f4xx_hal_cortex.o
                0x080002e0                HAL_NVIC_SetPriorityGrouping
 .text.HAL_NVIC_SetPriority
                0x08000304       0x64 ./system/src/stm32f4-hal/stm32f4xx_hal_cortex.o
                0x08000304                HAL_NVIC_SetPriority
 .text.HAL_NVIC_EnableIRQ
                0x08000368       0x18 ./system/src/stm32f4-hal/stm32f4xx_hal_cortex.o
                0x08000368                HAL_NVIC_EnableIRQ
 .text.HAL_SYSTICK_Config
                0x08000380       0x2c ./system/src/stm32f4-hal/stm32f4xx_hal_cortex.o
                0x08000380                HAL_SYSTICK_Config
 .text.HAL_DMA_IRQHandler
                0x080003ac      0xa2c ./system/src/stm32f4-hal/stm32f4xx_hal_dma.o
                0x080003ac                HAL_DMA_IRQHandler
 .text.HAL_GPIO_Init
                0x08000dd8      0x214 ./system/src/stm32f4-hal/stm32f4xx_hal_gpio.o
                0x08000dd8                HAL_GPIO_Init
 .text.HAL_GPIO_WritePin
                0x08000fec        0xa ./system/src/stm32f4-hal/stm32f4xx_hal_gpio.o
                0x08000fec                HAL_GPIO_WritePin
 .text.HAL_GPIO_TogglePin
                0x08000ff6        0x8 ./system/src/stm32f4-hal/stm32f4xx_hal_gpio.o
                0x08000ff6                HAL_GPIO_TogglePin
 *fill*         0x08000ffe        0x2 
 .text.HAL_PCD_Init
                0x08001000       0xdc ./system/src/stm32f4-hal/stm32f4xx_hal_pcd.o
                0x08001000                HAL_PCD_Init
 .text.HAL_PCD_Start
                0x080010dc       0x2c ./system/src/stm32f4-hal/stm32f4xx_hal_pcd.o
                0x080010dc                HAL_PCD_Start
 .text.HAL_PCD_IRQHandler
                0x08001108      0x518 ./system/src/stm32f4-hal/stm32f4xx_hal_pcd.o
                0x08001108                HAL_PCD_IRQHandler
 .text.HAL_PCD_SetAddress
                0x08001620       0x24 ./system/src/stm32f4-hal/stm32f4xx_hal_pcd.o
                0x08001620                HAL_PCD_SetAddress
 .text.HAL_PCD_EP_Open
                0x08001644       0x68 ./system/src/stm32f4-hal/stm32f4xx_hal_pcd.o
                0x08001644                HAL_PCD_EP_Open
 .text.HAL_PCD_EP_Close
                0x080016ac       0x50 ./system/src/stm32f4-hal/stm32f4xx_hal_pcd.o
                0x080016ac                HAL_PCD_EP_Close
 .text.HAL_PCD_EP_Receive
                0x080016fc       0x5c ./system/src/stm32f4-hal/stm32f4xx_hal_pcd.o
                0x080016fc                HAL_PCD_EP_Receive
 .text.HAL_PCD_EP_GetRxCount
                0x08001758       0x14 ./system/src/stm32f4-hal/stm32f4xx_hal_pcd.o
                0x08001758                HAL_PCD_EP_GetRxCount
 .text.HAL_PCD_EP_Transmit
                0x0800176c       0x5c ./system/src/stm32f4-hal/stm32f4xx_hal_pcd.o
                0x0800176c                HAL_PCD_EP_Transmit
 .text.HAL_PCD_EP_SetStall
                0x080017c8       0x64 ./system/src/stm32f4-hal/stm32f4xx_hal_pcd.o
                0x080017c8                HAL_PCD_EP_SetStall
 .text.HAL_PCD_EP_ClrStall
                0x0800182c       0x54 ./system/src/stm32f4-hal/stm32f4xx_hal_pcd.o
                0x0800182c                HAL_PCD_EP_ClrStall
 .text.HAL_PCD_SetTxFiFo
                0x08001880       0x4c ./system/src/stm32f4-hal/stm32f4xx_hal_pcd.o
                0x08001880                HAL_PCD_SetTxFiFo
 .text.HAL_PCD_SetRxFiFo
                0x080018cc        0x8 ./system/src/stm32f4-hal/stm32f4xx_hal_pcd.o
                0x080018cc                HAL_PCD_SetRxFiFo
 .text.HAL_RCC_OscConfig
                0x080018d4      0x2f8 ./system/src/stm32f4-hal/stm32f4xx_hal_rcc.o
                0x080018d4                HAL_RCC_OscConfig
 .text.HAL_RCC_GetSysClockFreq
                0x08001bcc       0xa0 ./system/src/stm32f4-hal/stm32f4xx_hal_rcc.o
                0x08001bcc                HAL_RCC_GetSysClockFreq
 .text.HAL_RCC_GetHCLKFreq
                0x08001c6c       0x38 ./system/src/stm32f4-hal/stm32f4xx_hal_rcc.o
                0x08001c6c                HAL_RCC_GetHCLKFreq
 .text.HAL_RCC_ClockConfig
                0x08001ca4      0x1c4 ./system/src/stm32f4-hal/stm32f4xx_hal_rcc.o
                0x08001ca4                HAL_RCC_ClockConfig
 .text.SPI_WaitOnFlagUntilTimeout
                0x08001e68       0x90 ./system/src/stm32f4-hal/stm32f4xx_hal_spi.o
 .text.HAL_SPI_MspInit
                0x08001ef8        0x4 ./system/src/stm32f4-hal/stm32f4xx_hal_spi.o
                0x08001ef8                HAL_SPI_MspInit
 .text.HAL_SPI_Init
                0x08001efc       0xa4 ./system/src/stm32f4-hal/stm32f4xx_hal_spi.o
                0x08001efc                HAL_SPI_Init
 .text.HAL_SPI_MspDeInit
                0x08001fa0        0x4 ./system/src/stm32f4-hal/stm32f4xx_hal_spi.o
                0x08001fa0                HAL_SPI_MspDeInit
 .text.HAL_SPI_DeInit
                0x08001fa4       0x28 ./system/src/stm32f4-hal/stm32f4xx_hal_spi.o
                0x08001fa4                HAL_SPI_DeInit
 .text.HAL_SPI_TransmitReceive
                0x08001fcc      0x2c4 ./system/src/stm32f4-hal/stm32f4xx_hal_spi.o
                0x08001fcc                HAL_SPI_TransmitReceive
 .text.HAL_SPI_GetState
                0x08002290        0x8 ./system/src/stm32f4-hal/stm32f4xx_hal_spi.o
                0x08002290                HAL_SPI_GetState
 .text.HAL_TIM_PeriodElapsedCallback
                0x08002298        0x4 ./system/src/stm32f4-hal/stm32f4xx_hal_tim.o
                0x08002298                HAL_TIM_PeriodElapsedCallback
 .text.HAL_TIM_OC_DelayElapsedCallback
                0x0800229c        0x4 ./system/src/stm32f4-hal/stm32f4xx_hal_tim.o
                0x0800229c                HAL_TIM_OC_DelayElapsedCallback
 .text.HAL_TIM_IC_CaptureCallback
                0x080022a0        0x4 ./system/src/stm32f4-hal/stm32f4xx_hal_tim.o
                0x080022a0                HAL_TIM_IC_CaptureCallback
 .text.HAL_TIM_PWM_PulseFinishedCallback
                0x080022a4        0x4 ./system/src/stm32f4-hal/stm32f4xx_hal_tim.o
                0x080022a4                HAL_TIM_PWM_PulseFinishedCallback
 .text.HAL_TIM_TriggerCallback
                0x080022a8        0x4 ./system/src/stm32f4-hal/stm32f4xx_hal_tim.o
                0x080022a8                HAL_TIM_TriggerCallback
 .text.HAL_TIM_IRQHandler
                0x080022ac      0x164 ./system/src/stm32f4-hal/stm32f4xx_hal_tim.o
                0x080022ac                HAL_TIM_IRQHandler
 .text.HAL_TIMEx_CommutationCallback
                0x08002410        0x4 ./system/src/stm32f4-hal/stm32f4xx_hal_tim_ex.o
                0x08002410                HAL_TIMEx_CommutationCallback
 .text.HAL_TIMEx_BreakCallback
                0x08002414        0x4 ./system/src/stm32f4-hal/stm32f4xx_hal_tim_ex.o
                0x08002414                HAL_TIMEx_BreakCallback
 .text.HAL_UART_RxCpltCallback
                0x08002418        0x4 ./system/src/stm32f4-hal/stm32f4xx_hal_uart.o
                0x08002418                HAL_UART_RxCpltCallback
 .text.HAL_UART_ErrorCallback
                0x0800241c        0x4 ./system/src/stm32f4-hal/stm32f4xx_hal_uart.o
                0x0800241c                HAL_UART_ErrorCallback
 .text.HAL_UART_IRQHandler
                0x08002420      0x220 ./system/src/stm32f4-hal/stm32f4xx_hal_uart.o
                0x08002420                HAL_UART_IRQHandler
 .text.USB_CoreReset
                0x08002640       0x34 ./system/src/stm32f4-hal/stm32f4xx_ll_usb.o
 .text.USB_CoreInit
                0x08002674       0x78 ./system/src/stm32f4-hal/stm32f4xx_ll_usb.o
                0x08002674                USB_CoreInit
 .text.USB_EnableGlobalInt
                0x080026ec       0x10 ./system/src/stm32f4-hal/stm32f4xx_ll_usb.o
                0x080026ec                USB_EnableGlobalInt
 .text.USB_DisableGlobalInt
                0x080026fc       0x10 ./system/src/stm32f4-hal/stm32f4xx_ll_usb.o
                0x080026fc                USB_DisableGlobalInt
 .text.USB_SetCurrentMode
                0x0800270c       0x34 ./system/src/stm32f4-hal/stm32f4xx_ll_usb.o
                0x0800270c                USB_SetCurrentMode
 .text.USB_DevInit
                0x08002740      0x174 ./system/src/stm32f4-hal/stm32f4xx_ll_usb.o
                0x08002740                USB_DevInit
 .text.USB_FlushTxFifo
                0x080028b4       0x24 ./system/src/stm32f4-hal/stm32f4xx_ll_usb.o
                0x080028b4                USB_FlushTxFifo
 .text.USB_GetDevSpeed
                0x080028d8       0x3c ./system/src/stm32f4-hal/stm32f4xx_ll_usb.o
                0x080028d8                USB_GetDevSpeed
 .text.USB_ActivateEndpoint
                0x08002914       0x90 ./system/src/stm32f4-hal/stm32f4xx_ll_usb.o
                0x08002914                USB_ActivateEndpoint
 .text.USB_DeactivateEndpoint
                0x080029a4       0x84 ./system/src/stm32f4-hal/stm32f4xx_ll_usb.o
                0x080029a4                USB_DeactivateEndpoint
 .text.USB_EPStartXfer
                0x08002a28      0x284 ./system/src/stm32f4-hal/stm32f4xx_ll_usb.o
                0x08002a28                USB_EPStartXfer
 .text.USB_EP0StartXfer
                0x08002cac      0x17c ./system/src/stm32f4-hal/stm32f4xx_ll_usb.o
                0x08002cac                USB_EP0StartXfer
 .text.USB_WritePacket
                0x08002e28       0x28 ./system/src/stm32f4-hal/stm32f4xx_ll_usb.o
                0x08002e28                USB_WritePacket
 .text.USB_ReadPacket
                0x08002e50       0x28 ./system/src/stm32f4-hal/stm32f4xx_ll_usb.o
                0x08002e50                USB_ReadPacket
 .text.USB_EPSetStall
                0x08002e78       0x40 ./system/src/stm32f4-hal/stm32f4xx_ll_usb.o
                0x08002e78                USB_EPSetStall
 .text.USB_EPClearStall
                0x08002eb8       0x3c ./system/src/stm32f4-hal/stm32f4xx_ll_usb.o
                0x08002eb8                USB_EPClearStall
 .text.USB_SetDevAddress
                0x08002ef4       0x20 ./system/src/stm32f4-hal/stm32f4xx_ll_usb.o
                0x08002ef4                USB_SetDevAddress
 .text.USB_DevConnect
                0x08002f14       0x18 ./system/src/stm32f4-hal/stm32f4xx_ll_usb.o
                0x08002f14                USB_DevConnect
 .text.USB_DevDisconnect
                0x08002f2c       0x18 ./system/src/stm32f4-hal/stm32f4xx_ll_usb.o
                0x08002f2c                USB_DevDisconnect
 .text.USB_ReadInterrupts
                0x08002f44        0x8 ./system/src/stm32f4-hal/stm32f4xx_ll_usb.o
                0x08002f44                USB_ReadInterrupts
 .text.USB_ReadDevAllOutEpInterrupt
                0x08002f4c       0x10 ./system/src/stm32f4-hal/stm32f4xx_ll_usb.o
                0x08002f4c                USB_ReadDevAllOutEpInterrupt
 .text.USB_ReadDevAllInEpInterrupt
                0x08002f5c       0x10 ./system/src/stm32f4-hal/stm32f4xx_ll_usb.o
                0x08002f5c                USB_ReadDevAllInEpInterrupt
 .text.USB_ReadDevOutEPInterrupt
                0x08002f6c       0x14 ./system/src/stm32f4-hal/stm32f4xx_ll_usb.o
                0x08002f6c                USB_ReadDevOutEPInterrupt
 .text.USB_ReadDevInEPInterrupt
                0x08002f80       0x28 ./system/src/stm32f4-hal/stm32f4xx_ll_usb.o
                0x08002f80                USB_ReadDevInEPInterrupt
 .text.USB_GetMode
                0x08002fa8        0x8 ./system/src/stm32f4-hal/stm32f4xx_ll_usb.o
                0x08002fa8                USB_GetMode
 .text.USB_ActivateSetup
                0x08002fb0       0x38 ./system/src/stm32f4-hal/stm32f4xx_ll_usb.o
                0x08002fb0                USB_ActivateSetup
 .text.USB_EP0_OutStart
                0x08002fe8       0x44 ./system/src/stm32f4-hal/stm32f4xx_ll_usb.o
                0x08002fe8                USB_EP0_OutStart
 .text._exit    0x0800302c        0x8 ./system/src/newlib/_exit.o
                0x0800302c                _exit
 .text._sbrk    0x08003034       0x40 ./system/src/newlib/_sbrk.o
                0x08003034                _sbrk
 .text.__initialize_args
                0x08003074       0x10 ./system/src/newlib/_syscalls.o
                0x08003074                __initialize_args
 .text._close   0x08003084       0x10 ./system/src/newlib/_syscalls.o
                0x08003084                _close
 .text._fstat   0x08003094       0x10 ./system/src/newlib/_syscalls.o
                0x08003094                _fstat
 .text._isatty  0x080030a4       0x10 ./system/src/newlib/_syscalls.o
                0x080030a4                _isatty
 .text._lseek   0x080030b4       0x10 ./system/src/newlib/_syscalls.o
                0x080030b4                _lseek
 .text._read    0x080030c4       0x14 ./system/src/newlib/_syscalls.o
                0x080030c4                _read
 .text._write   0x080030d8        0x8 ./system/src/newlib/_syscalls.o
                0x080030d8                _write
 .text.__initialize_hardware
                0x080030e0        0x4 ./system/src/cortexm/_initialize_hardware.o
                0x080030e0                __initialize_hardware
 .text.__reset_hardware
                0x080030e4       0x20 ./system/src/cortexm/_reset_hardware.o
                0x080030e4                __reset_hardware
 .text.SystemInit
                0x08003104       0x40 ./system/src/CMSIS/system_stm32f4xx.o
                0x08003104                SystemInit
 .text.SystemCoreClockUpdate
                0x08003144       0x74 ./system/src/CMSIS/system_stm32f4xx.o
                0x08003144                SystemCoreClockUpdate
 .text.USBD_Init
                0x080031b8       0x2c ./system/STM32_USB_Device_Library/Core/Src/usbd_core.o
                0x080031b8                USBD_Init
 .text.USBD_RegisterClass
                0x080031e4       0x10 ./system/STM32_USB_Device_Library/Core/Src/usbd_core.o
                0x080031e4                USBD_RegisterClass
 .text.USBD_Start
                0x080031f4        0xc ./system/STM32_USB_Device_Library/Core/Src/usbd_core.o
                0x080031f4                USBD_Start
 .text.USBD_SetClassConfig
                0x08003200       0x14 ./system/STM32_USB_Device_Library/Core/Src/usbd_core.o
                0x08003200                USBD_SetClassConfig
 .text.USBD_ClrClassConfig
                0x08003214       0x10 ./system/STM32_USB_Device_Library/Core/Src/usbd_core.o
                0x08003214                USBD_ClrClassConfig
 .text.USBD_LL_SetupStage
                0x08003224       0x60 ./system/STM32_USB_Device_Library/Core/Src/usbd_core.o
                0x08003224                USBD_LL_SetupStage
 .text.USBD_LL_DataOutStage
                0x08003284       0x6c ./system/STM32_USB_Device_Library/Core/Src/usbd_core.o
                0x08003284                USBD_LL_DataOutStage
 .text.USBD_LL_DataInStage
                0x080032f0       0x94 ./system/STM32_USB_Device_Library/Core/Src/usbd_core.o
                0x080032f0                USBD_LL_DataInStage
 .text.USBD_LL_Reset
                0x08003384       0x40 ./system/STM32_USB_Device_Library/Core/Src/usbd_core.o
                0x08003384                USBD_LL_Reset
 .text.USBD_LL_SetSpeed
                0x080033c4        0x8 ./system/STM32_USB_Device_Library/Core/Src/usbd_core.o
                0x080033c4                USBD_LL_SetSpeed
 .text.USBD_LL_Suspend
                0x080033cc       0x14 ./system/STM32_USB_Device_Library/Core/Src/usbd_core.o
                0x080033cc                USBD_LL_Suspend
 .text.USBD_LL_Resume
                0x080033e0       0x10 ./system/STM32_USB_Device_Library/Core/Src/usbd_core.o
                0x080033e0                USBD_LL_Resume
 .text.USBD_LL_SOF
                0x080033f0       0x20 ./system/STM32_USB_Device_Library/Core/Src/usbd_core.o
                0x080033f0                USBD_LL_SOF
 .text.USBD_LL_IsoINIncomplete
                0x08003410        0x4 ./system/STM32_USB_Device_Library/Core/Src/usbd_core.o
                0x08003410                USBD_LL_IsoINIncomplete
 .text.USBD_LL_IsoOUTIncomplete
                0x08003414        0x4 ./system/STM32_USB_Device_Library/Core/Src/usbd_core.o
                0x08003414                USBD_LL_IsoOUTIncomplete
 .text.USBD_LL_DevConnected
                0x08003418        0x4 ./system/STM32_USB_Device_Library/Core/Src/usbd_core.o
                0x08003418                USBD_LL_DevConnected
 .text.USBD_LL_DevDisconnected
                0x0800341c       0x18 ./system/STM32_USB_Device_Library/Core/Src/usbd_core.o
                0x0800341c                USBD_LL_DevDisconnected
 .text.USBD_StdDevReq
                0x08003434      0x2b8 ./system/STM32_USB_Device_Library/Core/Src/usbd_ctlreq.o
                0x08003434                USBD_StdDevReq
 .text.USBD_StdItfReq
                0x080036ec       0x3c ./system/STM32_USB_Device_Library/Core/Src/usbd_ctlreq.o
                0x080036ec                USBD_StdItfReq
 .text.USBD_StdEPReq
                0x08003728       0xb4 ./system/STM32_USB_Device_Library/Core/Src/usbd_ctlreq.o
                0x08003728                USBD_StdEPReq
 .text.USBD_ParseSetupRequest
                0x080037dc       0x28 ./system/STM32_USB_Device_Library/Core/Src/usbd_ctlreq.o
                0x080037dc                USBD_ParseSetupRequest
 .text.USBD_GetString
                0x08003804       0x4c ./system/STM32_USB_Device_Library/Core/Src/usbd_ctlreq.o
                0x08003804                USBD_GetString
 .text.USBD_CtlSendData
                0x08003850       0x1c ./system/STM32_USB_Device_Library/Core/Src/usbd_ioreq.o
                0x08003850                USBD_CtlSendData
 .text.USBD_CtlContinueSendData
                0x0800386c       0x10 ./system/STM32_USB_Device_Library/Core/Src/usbd_ioreq.o
                0x0800386c                USBD_CtlContinueSendData
 .text.USBD_CtlPrepareRx
                0x0800387c       0x20 ./system/STM32_USB_Device_Library/Core/Src/usbd_ioreq.o
                0x0800387c                USBD_CtlPrepareRx
 .text.USBD_CtlContinueRx
                0x0800389c       0x10 ./system/STM32_USB_Device_Library/Core/Src/usbd_ioreq.o
                0x0800389c                USBD_CtlContinueRx
 .text.USBD_CtlSendStatus
                0x080038ac       0x18 ./system/STM32_USB_Device_Library/Core/Src/usbd_ioreq.o
                0x080038ac                USBD_CtlSendStatus
 .text.USBD_CtlReceiveStatus
                0x080038c4       0x18 ./system/STM32_USB_Device_Library/Core/Src/usbd_ioreq.o
                0x080038c4                USBD_CtlReceiveStatus
 .text.USBD_CDC_DataIn
                0x080038dc       0x14 ./system/STM32_USB_Device_Library/Class/CDC/Src/usbd_cdc.o
 .text.USBD_CDC_EP0_RxReady
                0x080038f0       0x28 ./system/STM32_USB_Device_Library/Class/CDC/Src/usbd_cdc.o
 .text.USBD_CDC_GetFSCfgDesc
                0x08003918        0xc ./system/STM32_USB_Device_Library/Class/CDC/Src/usbd_cdc.o
 .text.USBD_CDC_GetHSCfgDesc
                0x08003924        0xc ./system/STM32_USB_Device_Library/Class/CDC/Src/usbd_cdc.o
 .text.USBD_CDC_GetOtherSpeedCfgDesc
                0x08003930        0xc ./system/STM32_USB_Device_Library/Class/CDC/Src/usbd_cdc.o
 .text.USBD_CDC_GetDeviceQualifierDescriptor
                0x0800393c        0xc ./system/STM32_USB_Device_Library/Class/CDC/Src/usbd_cdc.o
                0x0800393c                USBD_CDC_GetDeviceQualifierDescriptor
 .text.USBD_CDC_DataOut
                0x08003948       0x30 ./system/STM32_USB_Device_Library/Class/CDC/Src/usbd_cdc.o
 .text.USBD_CDC_Setup
                0x08003978       0x4c ./system/STM32_USB_Device_Library/Class/CDC/Src/usbd_cdc.o
 .text.USBD_CDC_DeInit
                0x080039c4       0x3c ./system/STM32_USB_Device_Library/Class/CDC/Src/usbd_cdc.o
 .text.USBD_CDC_Init
                0x08003a00       0x8c ./system/STM32_USB_Device_Library/Class/CDC/Src/usbd_cdc.o
 .text.USBD_CDC_RegisterInterface
                0x08003a8c       0x10 ./system/STM32_USB_Device_Library/Class/CDC/Src/usbd_cdc.o
                0x08003a8c                USBD_CDC_RegisterInterface
 .text.USBD_CDC_SetTxBuffer
                0x08003a9c       0x10 ./system/STM32_USB_Device_Library/Class/CDC/Src/usbd_cdc.o
                0x08003a9c                USBD_CDC_SetTxBuffer
 .text.USBD_CDC_SetRxBuffer
                0x08003aac        0xc ./system/STM32_USB_Device_Library/Class/CDC/Src/usbd_cdc.o
                0x08003aac                USBD_CDC_SetRxBuffer
 .text.USBD_CDC_TransmitPacket
                0x08003ab8       0x30 ./system/STM32_USB_Device_Library/Class/CDC/Src/usbd_cdc.o
                0x08003ab8                USBD_CDC_TransmitPacket
 .text.USBD_CDC_ReceivePacket
                0x08003ae8       0x2c ./system/STM32_USB_Device_Library/Class/CDC/Src/usbd_cdc.o
                0x08003ae8                USBD_CDC_ReceivePacket
 .text.BSP_LED_Init
                0x08003b14       0x5c ./system/BSP/STM32F4-Discovery/stm32f4_discovery.o
                0x08003b14                BSP_LED_Init
 .text.BSP_LED_On
                0x08003b70       0x1c ./system/BSP/STM32F4-Discovery/stm32f4_discovery.o
                0x08003b70                BSP_LED_On
 .text.BSP_LED_Toggle
                0x08003b8c       0x1c ./system/BSP/STM32F4-Discovery/stm32f4_discovery.o
                0x08003b8c                BSP_LED_Toggle
 .text.BSP_PB_Init
                0x08003ba8       0x78 ./system/BSP/STM32F4-Discovery/stm32f4_discovery.o
                0x08003ba8                BSP_PB_Init
 .text.SPIx_Disable
                0x08003c20       0x14 ./system/BSP/STM32F4-Discovery/stm32f4_discovery.o
                0x08003c20                SPIx_Disable
 .text.SPIx_Enable
                0x08003c34       0x14 ./system/BSP/STM32F4-Discovery/stm32f4_discovery.o
                0x08003c34                SPIx_Enable
 .text.SPIx_Init
                0x08003c48       0x94 ./system/BSP/STM32F4-Discovery/stm32f4_discovery.o
                0x08003c48                SPIx_Init
 .text.SPIx_WriteRead
                0x08003cdc       0x44 ./system/BSP/STM32F4-Discovery/stm32f4_discovery.o
                0x08003cdc                SPIx_WriteRead
 .text.ispUpdateExtended
                0x08003d20       0x34 ./src/isp.o
 .text.ispConnect
                0x08003d54       0x4c ./src/isp.o
                0x08003d54                ispConnect
 .text.ispDisconnect
                0x08003da0       0x24 ./src/isp.o
                0x08003da0                ispDisconnect
 .text.ispEnterProgrammingMode
                0x08003dc4       0x68 ./src/isp.o
                0x08003dc4                ispEnterProgrammingMode
 .text.ispStart
                0x08003e2c       0x30 ./src/isp.o
                0x08003e2c                ispStart
 .text.ispReadFlash
                0x08003e5c       0x30 ./src/isp.o
                0x08003e5c                ispReadFlash
 .text.ispWriteFlash
                0x08003e8c       0x3c ./src/isp.o
                0x08003e8c                ispWriteFlash
 .text.ispErase
                0x08003ec8       0x4c ./src/isp.o
                0x08003ec8                ispErase
 .text.ispWriteFuseLow
                0x08003f14       0x28 ./src/isp.o
                0x08003f14                ispWriteFuseLow
 .text.ispWriteFuseHigh
                0x08003f3c       0x28 ./src/isp.o
                0x08003f3c                ispWriteFuseHigh
 .text.ispWriteFuse
                0x08003f64       0x14 ./src/isp.o
                0x08003f64                ispWriteFuse
 .text.ispFlushPage
                0x08003f78       0x34 ./src/isp.o
                0x08003f78                ispFlushPage
 .text.SPI_command
                0x08003fac       0x7c ./src/main.o
                0x08003fac                SPI_command
 .text.fuseProgram
                0x08004028       0x40 ./src/main.o
                0x08004028                fuseProgram
 .text.verify   0x08004068       0x38 ./src/main.o
                0x08004068                verify
 .text.Error_Handler
                0x080040a0       0x14 ./src/main.o
                0x080040a0                Error_Handler
 .text.SysClockConfig
                0x080040b4       0x68 ./src/main.o
                0x080040b4                SysClockConfig
 .text.Init     0x0800411c       0xac ./src/main.o
                0x0800411c                Init
 .text.startup.main
                0x080041c8      0x104 ./src/main.o
                0x080041c8                main
 .text.NMI_Handler
                0x080042cc        0x4 ./src/stm32f4xx_it.o
                0x080042cc                NMI_Handler
 .text.HardFault_Handler
                0x080042d0        0x4 ./src/stm32f4xx_it.o
                0x080042d0                HardFault_Handler
 .text.MemManage_Handler
                0x080042d4        0x4 ./src/stm32f4xx_it.o
                0x080042d4                MemManage_Handler
 .text.BusFault_Handler
                0x080042d8        0x4 ./src/stm32f4xx_it.o
                0x080042d8                BusFault_Handler
 .text.UsageFault_Handler
                0x080042dc        0x4 ./src/stm32f4xx_it.o
                0x080042dc                UsageFault_Handler
 .text.SVC_Handler
                0x080042e0        0x4 ./src/stm32f4xx_it.o
                0x080042e0                SVC_Handler
 .text.DebugMon_Handler
                0x080042e4        0x4 ./src/stm32f4xx_it.o
                0x080042e4                DebugMon_Handler
 .text.PendSV_Handler
                0x080042e8        0x4 ./src/stm32f4xx_it.o
                0x080042e8                PendSV_Handler
 .text.SysTick_Handler
                0x080042ec        0x4 ./src/stm32f4xx_it.o
                0x080042ec                SysTick_Handler
 .text.OTG_FS_IRQHandler
                0x080042f0        0xc ./src/stm32f4xx_it.o
                0x080042f0                OTG_FS_IRQHandler
 .text.DMA2_Stream7_IRQHandler
                0x080042fc        0xc ./src/stm32f4xx_it.o
                0x080042fc                DMA2_Stream7_IRQHandler
 .text.USART1_IRQHandler
                0x08004308        0xc ./src/stm32f4xx_it.o
                0x08004308                USART1_IRQHandler
 .text.TIM3_IRQHandler
                0x08004314        0xc ./src/stm32f4xx_it.o
                0x08004314                TIM3_IRQHandler
 .text.CDC_Itf_DeInit
                0x08004320        0x4 ./src/usbd_cdc_interface.o
 .text.CDC_Itf_Receive
                0x08004324       0x18 ./src/usbd_cdc_interface.o
 .text.CDC_Itf_Init
                0x0800433c       0x30 ./src/usbd_cdc_interface.o
 .text.CDC_Itf_Control
                0x0800436c       0x74 ./src/usbd_cdc_interface.o
 .text.VCP_read
                0x080043e0       0x54 ./src/usbd_cdc_interface.o
                0x080043e0                VCP_read
 .text.VCP_write
                0x08004434       0x70 ./src/usbd_cdc_interface.o
                0x08004434                VCP_write
 .text.HAL_UART_TxCpltCallback
                0x080044a4        0xc ./src/usbd_cdc_interface.o
                0x080044a4                HAL_UART_TxCpltCallback
 .text.HAL_PCD_MspInit
                0x080044b0      0x178 ./src/usbd_conf.o
                0x080044b0                HAL_PCD_MspInit
 .text.HAL_PCD_SetupStageCallback
                0x08004628        0xc ./src/usbd_conf.o
                0x08004628                HAL_PCD_SetupStageCallback
 .text.HAL_PCD_DataOutStageCallback
                0x08004634       0x14 ./src/usbd_conf.o
                0x08004634                HAL_PCD_DataOutStageCallback
 .text.HAL_PCD_DataInStageCallback
                0x08004648       0x14 ./src/usbd_conf.o
                0x08004648                HAL_PCD_DataInStageCallback
 .text.HAL_PCD_SOFCallback
                0x0800465c        0x8 ./src/usbd_conf.o
                0x0800465c                HAL_PCD_SOFCallback
 .text.HAL_PCD_ResetCallback
                0x08004664       0x20 ./src/usbd_conf.o
                0x08004664                HAL_PCD_ResetCallback
 .text.HAL_PCD_SuspendCallback
                0x08004684        0x8 ./src/usbd_conf.o
                0x08004684                HAL_PCD_SuspendCallback
 .text.HAL_PCD_ResumeCallback
                0x0800468c        0x8 ./src/usbd_conf.o
                0x0800468c                HAL_PCD_ResumeCallback
 .text.HAL_PCD_ISOOUTIncompleteCallback
                0x08004694        0x8 ./src/usbd_conf.o
                0x08004694                HAL_PCD_ISOOUTIncompleteCallback
 .text.HAL_PCD_ISOINIncompleteCallback
                0x0800469c        0x8 ./src/usbd_conf.o
                0x0800469c                HAL_PCD_ISOINIncompleteCallback
 .text.HAL_PCD_ConnectCallback
                0x080046a4        0x8 ./src/usbd_conf.o
                0x080046a4                HAL_PCD_ConnectCallback
 .text.HAL_PCD_DisconnectCallback
                0x080046ac        0x8 ./src/usbd_conf.o
                0x080046ac                HAL_PCD_DisconnectCallback
 .text.USBD_LL_Init
                0x080046b4       0x60 ./src/usbd_conf.o
                0x080046b4                USBD_LL_Init
 .text.USBD_LL_Start
                0x08004714       0x10 ./src/usbd_conf.o
                0x08004714                USBD_LL_Start
 .text.USBD_LL_OpenEP
                0x08004724       0x14 ./src/usbd_conf.o
                0x08004724                USBD_LL_OpenEP
 .text.USBD_LL_CloseEP
                0x08004738       0x10 ./src/usbd_conf.o
                0x08004738                USBD_LL_CloseEP
 .text.USBD_LL_StallEP
                0x08004748       0x10 ./src/usbd_conf.o
                0x08004748                USBD_LL_StallEP
 .text.USBD_LL_ClearStallEP
                0x08004758       0x10 ./src/usbd_conf.o
                0x08004758                USBD_LL_ClearStallEP
 .text.USBD_LL_IsStallEP
                0x08004768       0x28 ./src/usbd_conf.o
                0x08004768                USBD_LL_IsStallEP
 .text.USBD_LL_SetUSBAddress
                0x08004790       0x10 ./src/usbd_conf.o
                0x08004790                USBD_LL_SetUSBAddress
 .text.USBD_LL_Transmit
                0x080047a0       0x10 ./src/usbd_conf.o
                0x080047a0                USBD_LL_Transmit
 .text.USBD_LL_PrepareReceive
                0x080047b0       0x10 ./src/usbd_conf.o
                0x080047b0                USBD_LL_PrepareReceive
 .text.USBD_LL_GetRxDataSize
                0x080047c0        0xc ./src/usbd_conf.o
                0x080047c0                USBD_LL_GetRxDataSize
 .text.USBD_VCP_DeviceDescriptor
                0x080047cc        0xc ./src/usbd_desc.o
                0x080047cc                USBD_VCP_DeviceDescriptor
 .text.USBD_VCP_LangIDStrDescriptor
                0x080047d8        0xc ./src/usbd_desc.o
                0x080047d8                USBD_VCP_LangIDStrDescriptor
 .text.USBD_VCP_ManufacturerStrDescriptor
                0x080047e4       0x1c ./src/usbd_desc.o
                0x080047e4                USBD_VCP_ManufacturerStrDescriptor
 .text.USBD_VCP_ProductStrDescriptor
                0x08004800       0x2c ./src/usbd_desc.o
                0x08004800                USBD_VCP_ProductStrDescriptor
 .text.USBD_VCP_SerialStrDescriptor
                0x0800482c       0x2c ./src/usbd_desc.o
                0x0800482c                USBD_VCP_SerialStrDescriptor
 .text.USBD_VCP_ConfigStrDescriptor
                0x08004858       0x1c ./src/usbd_desc.o
                0x08004858                USBD_VCP_ConfigStrDescriptor
 .text.USBD_VCP_InterfaceStrDescriptor
                0x08004874       0x1c ./src/usbd_desc.o
                0x08004874                USBD_VCP_InterfaceStrDescriptor
 .text.__errno  0x08004890        0xc c:/armgcc/4.8_2014_q2/bin/../lib/gcc/arm-none-eabi/4.8.4/../../../../arm-none-eabi/lib/armv7e-m\libg.a(lib_a-errno.o)
                0x08004890                __errno
 .text.malloc   0x0800489c       0x10 c:/armgcc/4.8_2014_q2/bin/../lib/gcc/arm-none-eabi/4.8.4/../../../../arm-none-eabi/lib/armv7e-m\libg.a(lib_a-malloc.o)
                0x0800489c                malloc
 .text.free     0x080048ac       0x10 c:/armgcc/4.8_2014_q2/bin/../lib/gcc/arm-none-eabi/4.8.4/../../../../arm-none-eabi/lib/armv7e-m\libg.a(lib_a-malloc.o)
                0x080048ac                free
 .text._malloc_r
                0x080048bc      0x538 c:/armgcc/4.8_2014_q2/bin/../lib/gcc/arm-none-eabi/4.8.4/../../../../arm-none-eabi/lib/armv7e-m\libg.a(lib_a-mallocr.o)
                0x080048bc                _malloc_r
 .text          0x08004df4      0x134 c:/armgcc/4.8_2014_q2/bin/../lib/gcc/arm-none-eabi/4.8.4/../../../../arm-none-eabi/lib/armv7e-m\libg.a(lib_a-memcpy.o)
                0x08004df4                memcpy
 .text.__malloc_lock
                0x08004f28        0x4 c:/armgcc/4.8_2014_q2/bin/../lib/gcc/arm-none-eabi/4.8.4/../../../../arm-none-eabi/lib/armv7e-m\libg.a(lib_a-mlock.o)
                0x08004f28                __malloc_lock
 .text.__malloc_unlock
                0x08004f2c        0x4 c:/armgcc/4.8_2014_q2/bin/../lib/gcc/arm-none-eabi/4.8.4/../../../../arm-none-eabi/lib/armv7e-m\libg.a(lib_a-mlock.o)
                0x08004f2c                __malloc_unlock
 .text.printf   0x08004f30       0x28 c:/armgcc/4.8_2014_q2/bin/../lib/gcc/arm-none-eabi/4.8.4/../../../../arm-none-eabi/lib/armv7e-m\libg.a(lib_a-printf.o)
                0x08004f30                printf
 .text._sbrk_r  0x08004f58       0x24 c:/armgcc/4.8_2014_q2/bin/../lib/gcc/arm-none-eabi/4.8.4/../../../../arm-none-eabi/lib/armv7e-m\libg.a(lib_a-sbrkr.o)
                0x08004f58                _sbrk_r
 .text.scanf    0x08004f7c       0x28 c:/armgcc/4.8_2014_q2/bin/../lib/gcc/arm-none-eabi/4.8.4/../../../../arm-none-eabi/lib/armv7e-m\libg.a(lib_a-scanf.o)
                0x08004f7c                scanf
 .text._vfprintf_r
                0x08004fa4     0x1544 c:/armgcc/4.8_2014_q2/bin/../lib/gcc/arm-none-eabi/4.8.4/../../../../arm-none-eabi/lib/armv7e-m\libg.a(lib_a-vfprintf.o)
                0x08004fa4                _vfprintf_r
 .text.__sbprintf
                0x080064e8       0x78 c:/armgcc/4.8_2014_q2/bin/../lib/gcc/arm-none-eabi/4.8.4/../../../../arm-none-eabi/lib/armv7e-m\libg.a(lib_a-vfprintf.o)
 .text.__svfscanf_r
                0x08006560      0xe7c c:/armgcc/4.8_2014_q2/bin/../lib/gcc/arm-none-eabi/4.8.4/../../../../arm-none-eabi/lib/armv7e-m\libg.a(lib_a-vfscanf.o)
                0x08006560                __svfscanf_r
 .text._vfscanf_r
                0x080073dc       0x28 c:/armgcc/4.8_2014_q2/bin/../lib/gcc/arm-none-eabi/4.8.4/../../../../arm-none-eabi/lib/armv7e-m\libg.a(lib_a-vfscanf.o)
                0x080073dc                _vfscanf_r
 .text.__swsetup_r
                0x08007404       0xc4 c:/armgcc/4.8_2014_q2/bin/../lib/gcc/arm-none-eabi/4.8.4/../../../../arm-none-eabi/lib/armv7e-m\libg.a(lib_a-wsetup.o)
                0x08007404                __swsetup_r
 .text.quorem   0x080074c8      0x130 c:/armgcc/4.8_2014_q2/bin/../lib/gcc/arm-none-eabi/4.8.4/../../../../arm-none-eabi/lib/armv7e-m\libg.a(lib_a-dtoa.o)
 .text._dtoa_r  0x080075f8      0xe38 c:/armgcc/4.8_2014_q2/bin/../lib/gcc/arm-none-eabi/4.8.4/../../../../arm-none-eabi/lib/armv7e-m\libg.a(lib_a-dtoa.o)
                0x080075f8                _dtoa_r
 .text.__sflush_r
                0x08008430      0x154 c:/armgcc/4.8_2014_q2/bin/../lib/gcc/arm-none-eabi/4.8.4/../../../../arm-none-eabi/lib/armv7e-m\libg.a(lib_a-fflush.o)
                0x08008430                __sflush_r
 .text._fflush_r
                0x08008584       0x2c c:/armgcc/4.8_2014_q2/bin/../lib/gcc/arm-none-eabi/4.8.4/../../../../arm-none-eabi/lib/armv7e-m\libg.a(lib_a-fflush.o)
                0x08008584                _fflush_r
 .text.fflush   0x080085b0       0x24 c:/armgcc/4.8_2014_q2/bin/../lib/gcc/arm-none-eabi/4.8.4/../../../../arm-none-eabi/lib/armv7e-m\libg.a(lib_a-fflush.o)
                0x080085b0                fflush
 .text._cleanup_r
                0x080085d4        0xc c:/armgcc/4.8_2014_q2/bin/../lib/gcc/arm-none-eabi/4.8.4/../../../../arm-none-eabi/lib/armv7e-m\libg.a(lib_a-findfp.o)
                0x080085d4                _cleanup_r
 .text.__sinit  0x080085e0       0xf4 c:/armgcc/4.8_2014_q2/bin/../lib/gcc/arm-none-eabi/4.8.4/../../../../arm-none-eabi/lib/armv7e-m\libg.a(lib_a-findfp.o)
                0x080085e0                __sinit
 .text.__sfp_lock_acquire
                0x080086d4        0x4 c:/armgcc/4.8_2014_q2/bin/../lib/gcc/arm-none-eabi/4.8.4/../../../../arm-none-eabi/lib/armv7e-m\libg.a(lib_a-findfp.o)
                0x080086d4                __sfp_lock_acquire
 .text.__sfp_lock_release
                0x080086d8        0x4 c:/armgcc/4.8_2014_q2/bin/../lib/gcc/arm-none-eabi/4.8.4/../../../../arm-none-eabi/lib/armv7e-m\libg.a(lib_a-findfp.o)
                0x080086d8                __sfp_lock_release
 .text._fread_r
                0x080086dc      0x190 c:/armgcc/4.8_2014_q2/bin/../lib/gcc/arm-none-eabi/4.8.4/../../../../arm-none-eabi/lib/armv7e-m\libg.a(lib_a-fread.o)
                0x080086dc                _fread_r
 .text._malloc_trim_r
                0x0800886c       0x9c c:/armgcc/4.8_2014_q2/bin/../lib/gcc/arm-none-eabi/4.8.4/../../../../arm-none-eabi/lib/armv7e-m\libg.a(lib_a-freer.o)
                0x0800886c                _malloc_trim_r
 .text._free_r  0x08008908      0x19c c:/armgcc/4.8_2014_q2/bin/../lib/gcc/arm-none-eabi/4.8.4/../../../../arm-none-eabi/lib/armv7e-m\libg.a(lib_a-freer.o)
                0x08008908                _free_r
 .text._fwalk   0x08008aa4       0x4c c:/armgcc/4.8_2014_q2/bin/../lib/gcc/arm-none-eabi/4.8.4/../../../../arm-none-eabi/lib/armv7e-m\libg.a(lib_a-fwalk.o)
                0x08008aa4                _fwalk
 .text._fwalk_reent
                0x08008af0       0x50 c:/armgcc/4.8_2014_q2/bin/../lib/gcc/arm-none-eabi/4.8.4/../../../../arm-none-eabi/lib/armv7e-m\libg.a(lib_a-fwalk.o)
                0x08008af0                _fwalk_reent
 .text.iswspace
                0x08008b40       0x1c c:/armgcc/4.8_2014_q2/bin/../lib/gcc/arm-none-eabi/4.8.4/../../../../arm-none-eabi/lib/armv7e-m\libg.a(lib_a-iswspace.o)
                0x08008b40                iswspace
 .text.__locale_charset
                0x08008b5c        0x8 c:/armgcc/4.8_2014_q2/bin/../lib/gcc/arm-none-eabi/4.8.4/../../../../arm-none-eabi/lib/armv7e-m\libg.a(lib_a-locale.o)
                0x08008b5c                __locale_charset
 .text.__locale_mb_cur_max
                0x08008b64        0xc c:/armgcc/4.8_2014_q2/bin/../lib/gcc/arm-none-eabi/4.8.4/../../../../arm-none-eabi/lib/armv7e-m\libg.a(lib_a-locale.o)
                0x08008b64                __locale_mb_cur_max
 .text._localeconv_r
                0x08008b70        0x8 c:/armgcc/4.8_2014_q2/bin/../lib/gcc/arm-none-eabi/4.8.4/../../../../arm-none-eabi/lib/armv7e-m\libg.a(lib_a-locale.o)
                0x08008b70                _localeconv_r
 .text.__smakebuf_r
                0x08008b78       0xe0 c:/armgcc/4.8_2014_q2/bin/../lib/gcc/arm-none-eabi/4.8.4/../../../../arm-none-eabi/lib/armv7e-m\libg.a(lib_a-makebuf.o)
                0x08008b78                __smakebuf_r
 .text._mbrtowc_r
                0x08008c58       0x5c c:/armgcc/4.8_2014_q2/bin/../lib/gcc/arm-none-eabi/4.8.4/../../../../arm-none-eabi/lib/armv7e-m\libg.a(lib_a-mbrtowc.o)
                0x08008c58                _mbrtowc_r
 .text.__ascii_mbtowc
                0x08008cb4       0x2c c:/armgcc/4.8_2014_q2/bin/../lib/gcc/arm-none-eabi/4.8.4/../../../../arm-none-eabi/lib/armv7e-m\libg.a(lib_a-mbtowc_r.o)
                0x08008cb4                __ascii_mbtowc
 .text.memchr   0x08008ce0       0x90 c:/armgcc/4.8_2014_q2/bin/../lib/gcc/arm-none-eabi/4.8.4/../../../../arm-none-eabi/lib/armv7e-m\libg.a(lib_a-memchr-stub.o)
                0x08008ce0                memchr
 .text.memset   0x08008d70       0x94 c:/armgcc/4.8_2014_q2/bin/../lib/gcc/arm-none-eabi/4.8.4/../../../../arm-none-eabi/lib/armv7e-m\libg.a(lib_a-memset.o)
                0x08008d70                memset
 .text._Balloc  0x08008e04       0x4c c:/armgcc/4.8_2014_q2/bin/../lib/gcc/arm-none-eabi/4.8.4/../../../../arm-none-eabi/lib/armv7e-m\libg.a(lib_a-mprec.o)
                0x08008e04                _Balloc
 .text._Bfree   0x08008e50       0x14 c:/armgcc/4.8_2014_q2/bin/../lib/gcc/arm-none-eabi/4.8.4/../../../../arm-none-eabi/lib/armv7e-m\libg.a(lib_a-mprec.o)
                0x08008e50                _Bfree
 .text.__multadd
                0x08008e64       0x98 c:/armgcc/4.8_2014_q2/bin/../lib/gcc/arm-none-eabi/4.8.4/../../../../arm-none-eabi/lib/armv7e-m\libg.a(lib_a-mprec.o)
                0x08008e64                __multadd
 .text.__s2b    0x08008efc       0x98 c:/armgcc/4.8_2014_q2/bin/../lib/gcc/arm-none-eabi/4.8.4/../../../../arm-none-eabi/lib/armv7e-m\libg.a(lib_a-mprec.o)
                0x08008efc                __s2b
 .text.__hi0bits
                0x08008f94       0x40 c:/armgcc/4.8_2014_q2/bin/../lib/gcc/arm-none-eabi/4.8.4/../../../../arm-none-eabi/lib/armv7e-m\libg.a(lib_a-mprec.o)
                0x08008f94                __hi0bits
 .text.__lo0bits
                0x08008fd4       0x5c c:/armgcc/4.8_2014_q2/bin/../lib/gcc/arm-none-eabi/4.8.4/../../../../arm-none-eabi/lib/armv7e-m\libg.a(lib_a-mprec.o)
                0x08008fd4                __lo0bits
 .text.__i2b    0x08009030       0x14 c:/armgcc/4.8_2014_q2/bin/../lib/gcc/arm-none-eabi/4.8.4/../../../../arm-none-eabi/lib/armv7e-m\libg.a(lib_a-mprec.o)
                0x08009030                __i2b
 .text.__multiply
                0x08009044      0x13c c:/armgcc/4.8_2014_q2/bin/../lib/gcc/arm-none-eabi/4.8.4/../../../../arm-none-eabi/lib/armv7e-m\libg.a(lib_a-mprec.o)
                0x08009044                __multiply
 .text.__pow5mult
                0x08009180       0x9c c:/armgcc/4.8_2014_q2/bin/../lib/gcc/arm-none-eabi/4.8.4/../../../../arm-none-eabi/lib/armv7e-m\libg.a(lib_a-mprec.o)
                0x08009180                __pow5mult
 .text.__lshift
                0x0800921c       0xbc c:/armgcc/4.8_2014_q2/bin/../lib/gcc/arm-none-eabi/4.8.4/../../../../arm-none-eabi/lib/armv7e-m\libg.a(lib_a-mprec.o)
                0x0800921c                __lshift
 .text.__mcmp   0x080092d8       0x48 c:/armgcc/4.8_2014_q2/bin/../lib/gcc/arm-none-eabi/4.8.4/../../../../arm-none-eabi/lib/armv7e-m\libg.a(lib_a-mprec.o)
                0x080092d8                __mcmp
 .text.__mdiff  0x08009320       0xd4 c:/armgcc/4.8_2014_q2/bin/../lib/gcc/arm-none-eabi/4.8.4/../../../../arm-none-eabi/lib/armv7e-m\libg.a(lib_a-mprec.o)
                0x08009320                __mdiff
 .text.__ulp    0x080093f4       0x40 c:/armgcc/4.8_2014_q2/bin/../lib/gcc/arm-none-eabi/4.8.4/../../../../arm-none-eabi/lib/armv7e-m\libg.a(lib_a-mprec.o)
                0x080093f4                __ulp
 .text.__b2d    0x08009434       0xb4 c:/armgcc/4.8_2014_q2/bin/../lib/gcc/arm-none-eabi/4.8.4/../../../../arm-none-eabi/lib/armv7e-m\libg.a(lib_a-mprec.o)
                0x08009434                __b2d
 .text.__d2b    0x080094e8       0xbc c:/armgcc/4.8_2014_q2/bin/../lib/gcc/arm-none-eabi/4.8.4/../../../../arm-none-eabi/lib/armv7e-m\libg.a(lib_a-mprec.o)
                0x080094e8                __d2b
 .text.__ratio  0x080095a4       0x50 c:/armgcc/4.8_2014_q2/bin/../lib/gcc/arm-none-eabi/4.8.4/../../../../arm-none-eabi/lib/armv7e-m\libg.a(lib_a-mprec.o)
                0x080095a4                __ratio
 .text.__copybits
                0x080095f4       0x48 c:/armgcc/4.8_2014_q2/bin/../lib/gcc/arm-none-eabi/4.8.4/../../../../arm-none-eabi/lib/armv7e-m\libg.a(lib_a-mprec.o)
                0x080095f4                __copybits
 .text.__any_on
                0x0800963c       0x60 c:/armgcc/4.8_2014_q2/bin/../lib/gcc/arm-none-eabi/4.8.4/../../../../arm-none-eabi/lib/armv7e-m\libg.a(lib_a-mprec.o)
                0x0800963c                __any_on
 .text.lflush   0x0800969c       0x14 c:/armgcc/4.8_2014_q2/bin/../lib/gcc/arm-none-eabi/4.8.4/../../../../arm-none-eabi/lib/armv7e-m\libg.a(lib_a-refill.o)
 .text.__srefill_r
                0x080096b0      0x114 c:/armgcc/4.8_2014_q2/bin/../lib/gcc/arm-none-eabi/4.8.4/../../../../arm-none-eabi/lib/armv7e-m\libg.a(lib_a-refill.o)
                0x080096b0                __srefill_r
 .text.__fpclassifyd
                0x080097c4       0x50 c:/armgcc/4.8_2014_q2/bin/../lib/gcc/arm-none-eabi/4.8.4/../../../../arm-none-eabi/lib/armv7e-m\libg.a(lib_a-s_fpclassify.o)
                0x080097c4                __fpclassifyd
 .text.__sccl   0x08009814       0x70 c:/armgcc/4.8_2014_q2/bin/../lib/gcc/arm-none-eabi/4.8.4/../../../../arm-none-eabi/lib/armv7e-m\libg.a(lib_a-sccl.o)
                0x08009814                __sccl
 .text.nanf     0x08009884        0x8 c:/armgcc/4.8_2014_q2/bin/../lib/gcc/arm-none-eabi/4.8.4/../../../../arm-none-eabi/lib/armv7e-m\libg.a(lib_a-sf_nan.o)
                0x08009884                nanf
 .text.sprintf  0x0800988c       0x4c c:/armgcc/4.8_2014_q2/bin/../lib/gcc/arm-none-eabi/4.8.4/../../../../arm-none-eabi/lib/armv7e-m\libg.a(lib_a-sprintf.o)
                0x0800988c                sprintf
 .text.__sread  0x080098d8       0x24 c:/armgcc/4.8_2014_q2/bin/../lib/gcc/arm-none-eabi/4.8.4/../../../../arm-none-eabi/lib/armv7e-m\libg.a(lib_a-stdio.o)
                0x080098d8                __sread
 .text.__swrite
                0x080098fc       0x38 c:/armgcc/4.8_2014_q2/bin/../lib/gcc/arm-none-eabi/4.8.4/../../../../arm-none-eabi/lib/armv7e-m\libg.a(lib_a-stdio.o)
                0x080098fc                __swrite
 .text.__sseek  0x08009934       0x20 c:/armgcc/4.8_2014_q2/bin/../lib/gcc/arm-none-eabi/4.8.4/../../../../arm-none-eabi/lib/armv7e-m\libg.a(lib_a-stdio.o)
                0x08009934                __sseek
 .text.__sclose
                0x08009954        0x8 c:/armgcc/4.8_2014_q2/bin/../lib/gcc/arm-none-eabi/4.8.4/../../../../arm-none-eabi/lib/armv7e-m\libg.a(lib_a-stdio.o)
                0x08009954                __sclose
 .text.strlen   0x0800995c       0x60 c:/armgcc/4.8_2014_q2/bin/../lib/gcc/arm-none-eabi/4.8.4/../../../../arm-none-eabi/lib/armv7e-m\libg.a(lib_a-strlen.o)
                0x0800995c                strlen
 .text.sulp     0x080099bc       0x40 c:/armgcc/4.8_2014_q2/bin/../lib/gcc/arm-none-eabi/4.8.4/../../../../arm-none-eabi/lib/armv7e-m\libg.a(lib_a-strtod.o)
 *fill*         0x080099fc        0x4 
 .text._strtod_r
                0x08009a00      0xf40 c:/armgcc/4.8_2014_q2/bin/../lib/gcc/arm-none-eabi/4.8.4/../../../../arm-none-eabi/lib/armv7e-m\libg.a(lib_a-strtod.o)
                0x08009a00                _strtod_r
 .text._strtol_r
                0x0800a940      0x114 c:/armgcc/4.8_2014_q2/bin/../lib/gcc/arm-none-eabi/4.8.4/../../../../arm-none-eabi/lib/armv7e-m\libg.a(lib_a-strtol.o)
                0x0800a940                _strtol_r
 .text._strtoll_r
                0x0800aa54      0x19c c:/armgcc/4.8_2014_q2/bin/../lib/gcc/arm-none-eabi/4.8.4/../../../../arm-none-eabi/lib/armv7e-m\libg.a(lib_a-strtoll_r.o)
                0x0800aa54                _strtoll_r
 .text._strtoul_r
                0x0800abf0      0x120 c:/armgcc/4.8_2014_q2/bin/../lib/gcc/arm-none-eabi/4.8.4/../../../../arm-none-eabi/lib/armv7e-m\libg.a(lib_a-strtoul.o)
                0x0800abf0                _strtoul_r
 .text._strtoull_r
                0x0800ad10      0x190 c:/armgcc/4.8_2014_q2/bin/../lib/gcc/arm-none-eabi/4.8.4/../../../../arm-none-eabi/lib/armv7e-m\libg.a(lib_a-strtoull_r.o)
                0x0800ad10                _strtoull_r
 .text._svfprintf_r
                0x0800aea0     0x14f8 c:/armgcc/4.8_2014_q2/bin/../lib/gcc/arm-none-eabi/4.8.4/../../../../arm-none-eabi/lib/armv7e-m\libg.a(lib_a-svfprintf.o)
                0x0800aea0                _svfprintf_r
 .text.__submore
                0x0800c398       0x78 c:/armgcc/4.8_2014_q2/bin/../lib/gcc/arm-none-eabi/4.8.4/../../../../arm-none-eabi/lib/armv7e-m\libg.a(lib_a-ungetc.o)
                0x0800c398                __submore
 .text._ungetc_r
                0x0800c410       0xd4 c:/armgcc/4.8_2014_q2/bin/../lib/gcc/arm-none-eabi/4.8.4/../../../../arm-none-eabi/lib/armv7e-m\libg.a(lib_a-ungetc.o)
                0x0800c410                _ungetc_r
 .text.__sprint_r.part.0
                0x0800c4e4       0x78 c:/armgcc/4.8_2014_q2/bin/../lib/gcc/arm-none-eabi/4.8.4/../../../../arm-none-eabi/lib/armv7e-m\libg.a(lib_a-vfiprintf.o)
 .text.__sprint_r
                0x0800c55c       0x18 c:/armgcc/4.8_2014_q2/bin/../lib/gcc/arm-none-eabi/4.8.4/../../../../arm-none-eabi/lib/armv7e-m\libg.a(lib_a-vfiprintf.o)
                0x0800c55c                __sprint_r
 .text._write_r
                0x0800c574       0x28 c:/armgcc/4.8_2014_q2/bin/../lib/gcc/arm-none-eabi/4.8.4/../../../../arm-none-eabi/lib/armv7e-m\libg.a(lib_a-writer.o)
                0x0800c574                _write_r
 .text._calloc_r
                0x0800c59c       0x60 c:/armgcc/4.8_2014_q2/bin/../lib/gcc/arm-none-eabi/4.8.4/../../../../arm-none-eabi/lib/armv7e-m\libg.a(lib_a-callocr.o)
                0x0800c59c                _calloc_r
 .text._close_r
                0x0800c5fc       0x24 c:/armgcc/4.8_2014_q2/bin/../lib/gcc/arm-none-eabi/4.8.4/../../../../arm-none-eabi/lib/armv7e-m\libg.a(lib_a-closer.o)
                0x0800c5fc                _close_r
 .text._fclose_r
                0x0800c620       0x80 c:/armgcc/4.8_2014_q2/bin/../lib/gcc/arm-none-eabi/4.8.4/../../../../arm-none-eabi/lib/armv7e-m\libg.a(lib_a-fclose.o)
                0x0800c620                _fclose_r
 .text.fclose   0x0800c6a0       0x10 c:/armgcc/4.8_2014_q2/bin/../lib/gcc/arm-none-eabi/4.8.4/../../../../arm-none-eabi/lib/armv7e-m\libg.a(lib_a-fclose.o)
                0x0800c6a0                fclose
 .text._fputwc_r
                0x0800c6b0       0xbc c:/armgcc/4.8_2014_q2/bin/../lib/gcc/arm-none-eabi/4.8.4/../../../../arm-none-eabi/lib/armv7e-m\libg.a(lib_a-fputwc.o)
                0x0800c6b0                _fputwc_r
 .text._fstat_r
                0x0800c76c       0x28 c:/armgcc/4.8_2014_q2/bin/../lib/gcc/arm-none-eabi/4.8.4/../../../../arm-none-eabi/lib/armv7e-m\libg.a(lib_a-fstatr.o)
                0x0800c76c                _fstat_r
 .text.__sfvwrite_r
                0x0800c794      0x318 c:/armgcc/4.8_2014_q2/bin/../lib/gcc/arm-none-eabi/4.8.4/../../../../arm-none-eabi/lib/armv7e-m\libg.a(lib_a-fvwrite.o)
                0x0800c794                __sfvwrite_r
 .text.rshift   0x0800caac       0xa0 c:/armgcc/4.8_2014_q2/bin/../lib/gcc/arm-none-eabi/4.8.4/../../../../arm-none-eabi/lib/armv7e-m\libg.a(lib_a-gdtoa-gethex.o)
 .text.__gethex
                0x0800cb4c      0x530 c:/armgcc/4.8_2014_q2/bin/../lib/gcc/arm-none-eabi/4.8.4/../../../../arm-none-eabi/lib/armv7e-m\libg.a(lib_a-gdtoa-gethex.o)
                0x0800cb4c                __gethex
 .text.__hexnan
                0x0800d07c      0x194 c:/armgcc/4.8_2014_q2/bin/../lib/gcc/arm-none-eabi/4.8.4/../../../../arm-none-eabi/lib/armv7e-m\libg.a(lib_a-gdtoa-hexnan.o)
                0x0800d07c                __hexnan
 .text._isatty_r
                0x0800d210       0x24 c:/armgcc/4.8_2014_q2/bin/../lib/gcc/arm-none-eabi/4.8.4/../../../../arm-none-eabi/lib/armv7e-m\libg.a(lib_a-isattyr.o)
                0x0800d210                _isatty_r
 .text._lseek_r
                0x0800d234       0x28 c:/armgcc/4.8_2014_q2/bin/../lib/gcc/arm-none-eabi/4.8.4/../../../../arm-none-eabi/lib/armv7e-m\libg.a(lib_a-lseekr.o)
                0x0800d234                _lseek_r
 .text.memmove  0x0800d25c       0xc0 c:/armgcc/4.8_2014_q2/bin/../lib/gcc/arm-none-eabi/4.8.4/../../../../arm-none-eabi/lib/armv7e-m\libg.a(lib_a-memmove.o)
                0x0800d25c                memmove
 .text._read_r  0x0800d31c       0x28 c:/armgcc/4.8_2014_q2/bin/../lib/gcc/arm-none-eabi/4.8.4/../../../../arm-none-eabi/lib/armv7e-m\libg.a(lib_a-readr.o)
                0x0800d31c                _read_r
 .text._realloc_r
                0x0800d344      0x3cc c:/armgcc/4.8_2014_q2/bin/../lib/gcc/arm-none-eabi/4.8.4/../../../../arm-none-eabi/lib/armv7e-m\libg.a(lib_a-reallocr.o)
                0x0800d344                _realloc_r
 .text.strncmp  0x0800d710       0xb4 c:/armgcc/4.8_2014_q2/bin/../lib/gcc/arm-none-eabi/4.8.4/../../../../arm-none-eabi/lib/armv7e-m\libg.a(lib_a-strncmp.o)
                0x0800d710                strncmp
 .text.__ssprint_r
                0x0800d7c4      0x100 c:/armgcc/4.8_2014_q2/bin/../lib/gcc/arm-none-eabi/4.8.4/../../../../arm-none-eabi/lib/armv7e-m\libg.a(lib_a-svfiprintf.o)
                0x0800d7c4                __ssprint_r
 .text.__swbuf_r
                0x0800d8c4       0xa8 c:/armgcc/4.8_2014_q2/bin/../lib/gcc/arm-none-eabi/4.8.4/../../../../arm-none-eabi/lib/armv7e-m\libg.a(lib_a-wbuf.o)
                0x0800d8c4                __swbuf_r
 .text._wcrtomb_r
                0x0800d96c       0x50 c:/armgcc/4.8_2014_q2/bin/../lib/gcc/arm-none-eabi/4.8.4/../../../../arm-none-eabi/lib/armv7e-m\libg.a(lib_a-wcrtomb.o)
                0x0800d96c                _wcrtomb_r
 .text.__ascii_wctomb
                0x0800d9bc       0x1c c:/armgcc/4.8_2014_q2/bin/../lib/gcc/arm-none-eabi/4.8.4/../../../../arm-none-eabi/lib/armv7e-m\libg.a(lib_a-wctomb_r.o)
                0x0800d9bc                __ascii_wctomb
 .text          0x0800d9d8      0x370 c:/armgcc/4.8_2014_q2/bin/../lib/gcc/arm-none-eabi/4.8.4/armv7e-m\libgcc.a(_arm_addsubdf3.o)
                0x0800d9d8                __aeabi_drsub
                0x0800d9e0                __aeabi_dsub
                0x0800d9e0                __subdf3
                0x0800d9e4                __aeabi_dadd
                0x0800d9e4                __adddf3
                0x0800dc5c                __floatunsidf
                0x0800dc5c                __aeabi_ui2d
                0x0800dc7c                __floatsidf
                0x0800dc7c                __aeabi_i2d
                0x0800dca0                __aeabi_f2d
                0x0800dca0                __extendsfdf2
                0x0800dcdc                __floatundidf
                0x0800dcdc                __aeabi_ul2d
                0x0800dcec                __floatdidf
                0x0800dcec                __aeabi_l2d
 .text          0x0800dd48      0x424 c:/armgcc/4.8_2014_q2/bin/../lib/gcc/arm-none-eabi/4.8.4/armv7e-m\libgcc.a(_arm_muldivdf3.o)
                0x0800dd48                __aeabi_dmul
                0x0800dd48                __muldf3
                0x0800df9c                __divdf3
                0x0800df9c                __aeabi_ddiv
 .text          0x0800e16c      0x110 c:/armgcc/4.8_2014_q2/bin/../lib/gcc/arm-none-eabi/4.8.4/armv7e-m\libgcc.a(_arm_cmpdf2.o)
                0x0800e16c                __gtdf2
                0x0800e16c                __gedf2
                0x0800e174                __ltdf2
                0x0800e174                __ledf2
                0x0800e17c                __nedf2
                0x0800e17c                __eqdf2
                0x0800e17c                __cmpdf2
                0x0800e1f8                __aeabi_cdrcmple
                0x0800e208                __aeabi_cdcmpeq
                0x0800e208                __aeabi_cdcmple
                0x0800e218                __aeabi_dcmpeq
                0x0800e22c                __aeabi_dcmplt
                0x0800e240                __aeabi_dcmple
                0x0800e254                __aeabi_dcmpge
                0x0800e268                __aeabi_dcmpgt
 .text          0x0800e27c       0x50 c:/armgcc/4.8_2014_q2/bin/../lib/gcc/arm-none-eabi/4.8.4/armv7e-m\libgcc.a(_arm_fixdfsi.o)
                0x0800e27c                __aeabi_d2iz
                0x0800e27c                __fixdfsi
 .text          0x0800e2cc       0x40 c:/armgcc/4.8_2014_q2/bin/../lib/gcc/arm-none-eabi/4.8.4/armv7e-m\libgcc.a(_arm_fixunsdfsi.o)
                0x0800e2cc                __aeabi_d2uiz
                0x0800e2cc                __fixunsdfsi
 .text          0x0800e30c       0xa0 c:/armgcc/4.8_2014_q2/bin/../lib/gcc/arm-none-eabi/4.8.4/armv7e-m\libgcc.a(_arm_truncdfsf2.o)
                0x0800e30c                __truncdfsf2
                0x0800e30c                __aeabi_d2f
 .text          0x0800e3ac       0x2c c:/armgcc/4.8_2014_q2/bin/../lib/gcc/arm-none-eabi/4.8.4/armv7e-m\libgcc.a(_aeabi_uldivmod.o)
                0x0800e3ac                __aeabi_uldivmod
 .text          0x0800e3d8       0x60 c:/armgcc/4.8_2014_q2/bin/../lib/gcc/arm-none-eabi/4.8.4/armv7e-m\libgcc.a(bpabi.o)
                0x0800e3d8                __gnu_ldivmod_helper
                0x0800e408                __gnu_uldivmod_helper
 .text          0x0800e438        0x4 c:/armgcc/4.8_2014_q2/bin/../lib/gcc/arm-none-eabi/4.8.4/armv7e-m\libgcc.a(_dvmd_tls.o)
                0x0800e438                __aeabi_idiv0
                0x0800e438                __aeabi_ldiv0
 .text          0x0800e43c      0x298 c:/armgcc/4.8_2014_q2/bin/../lib/gcc/arm-none-eabi/4.8.4/armv7e-m\libgcc.a(_divdi3.o)
                0x0800e43c                __divdi3
 .text          0x0800e6d4      0x284 c:/armgcc/4.8_2014_q2/bin/../lib/gcc/arm-none-eabi/4.8.4/armv7e-m\libgcc.a(_udivdi3.o)
                0x0800e6d4                __udivdi3
 *(.rodata .rodata.*)
 .rodata.APBAHBPrescTable
                0x0800e958       0x10 ./system/src/stm32f4-hal/stm32f4xx_hal_rcc.o
                0x0800e958                APBAHBPrescTable
 .rodata.GPIO_PIN
                0x0800e968        0x8 ./system/BSP/STM32F4-Discovery/stm32f4_discovery.o
                0x0800e968                GPIO_PIN
 .rodata.str1.4
                0x0800e970       0x43 ./src/main.o
                                 0x44 (size before relaxing)
 *fill*         0x0800e9b3        0x1 
 .rodata.str1.4
                0x0800e9b4       0x96 ./src/usbd_desc.o
                                 0x98 (size before relaxing)
 *fill*         0x0800ea4a        0x2 
 .rodata.str1.4
                0x0800ea4c        0x2 c:/armgcc/4.8_2014_q2/bin/../lib/gcc/arm-none-eabi/4.8.4/../../../../arm-none-eabi/lib/armv7e-m\libg.a(lib_a-impure.o)
                                  0x4 (size before relaxing)
 *fill*         0x0800ea4e        0x2 
 .rodata._global_impure_ptr
                0x0800ea50        0x4 c:/armgcc/4.8_2014_q2/bin/../lib/gcc/arm-none-eabi/4.8.4/../../../../arm-none-eabi/lib/armv7e-m\libg.a(lib_a-impure.o)
                0x0800ea50                _global_impure_ptr
 .rodata.blanks.6777
                0x0800ea54       0x10 c:/armgcc/4.8_2014_q2/bin/../lib/gcc/arm-none-eabi/4.8.4/../../../../arm-none-eabi/lib/armv7e-m\libg.a(lib_a-vfprintf.o)
 .rodata.str1.4
                0x0800ea64       0x42 c:/armgcc/4.8_2014_q2/bin/../lib/gcc/arm-none-eabi/4.8.4/../../../../arm-none-eabi/lib/armv7e-m\libg.a(lib_a-vfprintf.o)
                                 0x44 (size before relaxing)
 *fill*         0x0800eaa6        0x2 
 .rodata.zeroes.6778
                0x0800eaa8       0x10 c:/armgcc/4.8_2014_q2/bin/../lib/gcc/arm-none-eabi/4.8.4/../../../../arm-none-eabi/lib/armv7e-m\libg.a(lib_a-vfprintf.o)
 .rodata.str1.4
                0x0800eab8        0x5 c:/armgcc/4.8_2014_q2/bin/../lib/gcc/arm-none-eabi/4.8.4/../../../../arm-none-eabi/lib/armv7e-m\libg.a(lib_a-vfscanf.o)
                                  0x8 (size before relaxing)
 *fill*         0x0800eabd        0x3 
 .rodata.basefix.6733
                0x0800eac0       0x24 c:/armgcc/4.8_2014_q2/bin/../lib/gcc/arm-none-eabi/4.8.4/../../../../arm-none-eabi/lib/armv7e-m\libg.a(lib_a-vfscanf.o)
 .rodata._ctype_
                0x0800eae4      0x104 c:/armgcc/4.8_2014_q2/bin/../lib/gcc/arm-none-eabi/4.8.4/../../../../arm-none-eabi/lib/armv7e-m\libg.a(lib_a-ctype_.o)
                0x0800eae4                _ctype_
 .rodata.str1.4
                0x0800ebe8       0x10 c:/armgcc/4.8_2014_q2/bin/../lib/gcc/arm-none-eabi/4.8.4/../../../../arm-none-eabi/lib/armv7e-m\libg.a(lib_a-dtoa.o)
                                 0x14 (size before relaxing)
 .rodata.str1.4
                0x0800ebf8        0xa c:/armgcc/4.8_2014_q2/bin/../lib/gcc/arm-none-eabi/4.8.4/../../../../arm-none-eabi/lib/armv7e-m\libg.a(lib_a-locale.o)
                                 0x14 (size before relaxing)
 .rodata.str1.4
                0x00000000        0x4 c:/armgcc/4.8_2014_q2/bin/../lib/gcc/arm-none-eabi/4.8.4/../../../../arm-none-eabi/lib/armv7e-m\libg.a(lib_a-mbrtowc.o)
 *fill*         0x0800ec02        0x6 
 .rodata.__mprec_tens
                0x0800ec08       0xc8 c:/armgcc/4.8_2014_q2/bin/../lib/gcc/arm-none-eabi/4.8.4/../../../../arm-none-eabi/lib/armv7e-m\libg.a(lib_a-mprec.o)
                0x0800ec08                __mprec_tens
 .rodata.__mprec_bigtens
                0x0800ecd0       0x28 c:/armgcc/4.8_2014_q2/bin/../lib/gcc/arm-none-eabi/4.8.4/../../../../arm-none-eabi/lib/armv7e-m\libg.a(lib_a-mprec.o)
                0x0800ecd0                __mprec_bigtens
 .rodata.p05.5269
                0x0800ecf8        0xc c:/armgcc/4.8_2014_q2/bin/../lib/gcc/arm-none-eabi/4.8.4/../../../../arm-none-eabi/lib/armv7e-m\libg.a(lib_a-mprec.o)
 .rodata.fpi.5238
                0x0800ed04       0x14 c:/armgcc/4.8_2014_q2/bin/../lib/gcc/arm-none-eabi/4.8.4/../../../../arm-none-eabi/lib/armv7e-m\libg.a(lib_a-strtod.o)
 .rodata.str1.4
                0x0800ed18       0x10 c:/armgcc/4.8_2014_q2/bin/../lib/gcc/arm-none-eabi/4.8.4/../../../../arm-none-eabi/lib/armv7e-m\libg.a(lib_a-strtod.o)
 .rodata.fpinan.5274
                0x0800ed28       0x14 c:/armgcc/4.8_2014_q2/bin/../lib/gcc/arm-none-eabi/4.8.4/../../../../arm-none-eabi/lib/armv7e-m\libg.a(lib_a-strtod.o)
 *fill*         0x0800ed3c        0x4 
 .rodata.tinytens
                0x0800ed40       0x28 c:/armgcc/4.8_2014_q2/bin/../lib/gcc/arm-none-eabi/4.8.4/../../../../arm-none-eabi/lib/armv7e-m\libg.a(lib_a-strtod.o)
 .rodata.zeroes.6763
                0x0800ed68       0x10 c:/armgcc/4.8_2014_q2/bin/../lib/gcc/arm-none-eabi/4.8.4/../../../../arm-none-eabi/lib/armv7e-m\libg.a(lib_a-svfprintf.o)
 .rodata.str1.4
                0x00000000       0x44 c:/armgcc/4.8_2014_q2/bin/../lib/gcc/arm-none-eabi/4.8.4/../../../../arm-none-eabi/lib/armv7e-m\libg.a(lib_a-svfprintf.o)
 .rodata.blanks.6762
                0x0800ed78       0x10 c:/armgcc/4.8_2014_q2/bin/../lib/gcc/arm-none-eabi/4.8.4/../../../../arm-none-eabi/lib/armv7e-m\libg.a(lib_a-svfprintf.o)
 .rodata.__hexdig
                0x0800ed88      0x100 c:/armgcc/4.8_2014_q2/bin/../lib/gcc/arm-none-eabi/4.8.4/../../../../arm-none-eabi/lib/armv7e-m\libg.a(lib_a-gdtoa-gethex.o)
                0x0800ed88                __hexdig
 *(vtable)
 *(.eh_frame*)
 *(.glue_7)
 .glue_7        0x00000000        0x0 linker stubs
 *(.glue_7t)
 .glue_7t       0x00000000        0x0 linker stubs

.vfp11_veneer   0x0800ee88        0x0
 .vfp11_veneer  0x00000000        0x0 linker stubs

.v4_bx          0x0800ee88        0x0
 .v4_bx         0x00000000        0x0 linker stubs

.iplt           0x0800ee88        0x0
 .iplt          0x00000000        0x0 ./system/src/stm32f4-hal/stm32f4xx_hal.o

.ARM.extab
 *(.ARM.extab* .gnu.linkonce.armextab.*)
                0x0800ee88                __exidx_start = .

.ARM.exidx      0x0800ee88        0x8
 *(.ARM.exidx* .gnu.linkonce.armexidx.*)
 .ARM.exidx     0x0800ee88        0x8 c:/armgcc/4.8_2014_q2/bin/../lib/gcc/arm-none-eabi/4.8.4/armv7e-m\libgcc.a(_divdi3.o)
 .ARM.exidx     0x0800ee90        0x0 c:/armgcc/4.8_2014_q2/bin/../lib/gcc/arm-none-eabi/4.8.4/armv7e-m\libgcc.a(_udivdi3.o)
                                  0x8 (size before relaxing)
                0x0800ee90                __exidx_end = .

.rel.dyn        0x0800ee90        0x0
 .rel.iplt      0x00000000        0x0 ./system/src/stm32f4-hal/stm32f4xx_hal.o
                0x0800ee90                . = ALIGN (0x4)
                0x0800ee90                _etext = .
                0x0800ee90                __etext = .
                0x0800ee90                _sidata = _etext

.data           0x20000000      0xa3c load address 0x0800ee90
                0x20000000                . = ALIGN (0x4)
                0x20000000                _sdata = .
                0x20000000                __data_start__ = .
 *(.data_begin .data_begin.*)
 *(.data .data.*)
 .data.argv.4014
                0x20000000        0x8 ./system/src/newlib/_syscalls.o
 .data.AHBPrescTable
                0x20000008       0x10 ./system/src/CMSIS/system_stm32f4xx.o
                0x20000008                AHBPrescTable
 .data.SystemCoreClock
                0x20000018        0x4 ./system/src/CMSIS/system_stm32f4xx.o
                0x20000018                SystemCoreClock
 .data.USBD_CDC_CfgFSDesc
                0x2000001c       0x44 ./system/STM32_USB_Device_Library/Class/CDC/Src/usbd_cdc.o
                0x2000001c                USBD_CDC_CfgFSDesc
 .data.USBD_CDC
                0x20000060       0x38 ./system/STM32_USB_Device_Library/Class/CDC/Src/usbd_cdc.o
                0x20000060                USBD_CDC
 .data.USBD_CDC_DeviceQualifierDesc
                0x20000098        0xc ./system/STM32_USB_Device_Library/Class/CDC/Src/usbd_cdc.o
 .data.USBD_CDC_OtherSpeedCfgDesc
                0x200000a4       0x44 ./system/STM32_USB_Device_Library/Class/CDC/Src/usbd_cdc.o
                0x200000a4                USBD_CDC_OtherSpeedCfgDesc
 .data.USBD_CDC_CfgHSDesc
                0x200000e8       0x44 ./system/STM32_USB_Device_Library/Class/CDC/Src/usbd_cdc.o
                0x200000e8                USBD_CDC_CfgHSDesc
 .data.GPIO_PORT
                0x2000012c       0x10 ./system/BSP/STM32F4-Discovery/stm32f4_discovery.o
                0x2000012c                GPIO_PORT
 .data.SpixTimeout
                0x2000013c        0x4 ./system/BSP/STM32F4-Discovery/stm32f4_discovery.o
                0x2000013c                SpixTimeout
 .data.BUTTON_PORT
                0x20000140        0x4 ./system/BSP/STM32F4-Discovery/stm32f4_discovery.o
                0x20000140                BUTTON_PORT
 .data.speeds   0x20000144        0x4 ./src/isp.o
                0x20000144                speeds
 .data.LineCoding
                0x20000148        0x8 ./src/usbd_cdc_interface.o
                0x20000148                LineCoding
 .data.ComPortClosed
                0x20000150        0x1 ./src/usbd_cdc_interface.o
                0x20000150                ComPortClosed
 *fill*         0x20000151        0x3 
 .data.USBD_CDC_fops
                0x20000154       0x10 ./src/usbd_cdc_interface.o
                0x20000154                USBD_CDC_fops
 .data.hUSBDDeviceDesc
                0x20000164       0x14 ./src/usbd_desc.o
                0x20000164                hUSBDDeviceDesc
 .data.VCP_Desc
                0x20000178       0x1c ./src/usbd_desc.o
                0x20000178                VCP_Desc
 .data.USBD_LangIDDesc
                0x20000194        0x4 ./src/usbd_desc.o
                0x20000194                USBD_LangIDDesc
 .data.impure_data
                0x20000198      0x428 c:/armgcc/4.8_2014_q2/bin/../lib/gcc/arm-none-eabi/4.8.4/../../../../arm-none-eabi/lib/armv7e-m\libg.a(lib_a-impure.o)
 .data._impure_ptr
                0x200005c0        0x4 c:/armgcc/4.8_2014_q2/bin/../lib/gcc/arm-none-eabi/4.8.4/../../../../arm-none-eabi/lib/armv7e-m\libg.a(lib_a-impure.o)
                0x200005c0                _impure_ptr
 .data.__malloc_av_
                0x200005c4      0x408 c:/armgcc/4.8_2014_q2/bin/../lib/gcc/arm-none-eabi/4.8.4/../../../../arm-none-eabi/lib/armv7e-m\libg.a(lib_a-mallocr.o)
                0x200005c4                __malloc_av_
 .data.__malloc_trim_threshold
                0x200009cc        0x4 c:/armgcc/4.8_2014_q2/bin/../lib/gcc/arm-none-eabi/4.8.4/../../../../arm-none-eabi/lib/armv7e-m\libg.a(lib_a-mallocr.o)
                0x200009cc                __malloc_trim_threshold
 .data.__malloc_sbrk_base
                0x200009d0        0x4 c:/armgcc/4.8_2014_q2/bin/../lib/gcc/arm-none-eabi/4.8.4/../../../../arm-none-eabi/lib/armv7e-m\libg.a(lib_a-mallocr.o)
                0x200009d0                __malloc_sbrk_base
 .data.__ctype_ptr__
                0x200009d4        0x4 c:/armgcc/4.8_2014_q2/bin/../lib/gcc/arm-none-eabi/4.8.4/../../../../arm-none-eabi/lib/armv7e-m\libg.a(lib_a-ctype_.o)
                0x200009d4                __ctype_ptr__
 .data.lconv    0x200009d8       0x38 c:/armgcc/4.8_2014_q2/bin/../lib/gcc/arm-none-eabi/4.8.4/../../../../arm-none-eabi/lib/armv7e-m\libg.a(lib_a-locale.o)
 .data.lc_ctype_charset
                0x20000a10       0x20 c:/armgcc/4.8_2014_q2/bin/../lib/gcc/arm-none-eabi/4.8.4/../../../../arm-none-eabi/lib/armv7e-m\libg.a(lib_a-locale.o)
 .data.__mb_cur_max
                0x20000a30        0x4 c:/armgcc/4.8_2014_q2/bin/../lib/gcc/arm-none-eabi/4.8.4/../../../../arm-none-eabi/lib/armv7e-m\libg.a(lib_a-locale.o)
                0x20000a30                __mb_cur_max
 .data.__mbtowc
                0x20000a34        0x4 c:/armgcc/4.8_2014_q2/bin/../lib/gcc/arm-none-eabi/4.8.4/../../../../arm-none-eabi/lib/armv7e-m\libg.a(lib_a-mbtowc_r.o)
                0x20000a34                __mbtowc
 .data.__wctomb
                0x20000a38        0x4 c:/armgcc/4.8_2014_q2/bin/../lib/gcc/arm-none-eabi/4.8.4/../../../../arm-none-eabi/lib/armv7e-m\libg.a(lib_a-wctomb_r.o)
                0x20000a38                __wctomb
 *(.data_end .data_end.*)
                0x20000a3c                . = ALIGN (0x4)
                0x20000a3c                _edata = .
                0x20000a3c                __data_end__ = .

.igot.plt       0x20000a3c        0x0 load address 0x0800f8cc
 .igot.plt      0x00000000        0x0 ./system/src/stm32f4-hal/stm32f4xx_hal.o

.bss            0x20000a3c     0x1850 load address 0x0800f8cc
                0x20000a3c                . = ALIGN (0x4)
                0x20000a3c                __bss_start__ = .
                0x20000a3c                _sbss = .
 *(.bss_begin .bss_begin.*)
 *(.bss .bss.*)
 .bss.uwTick    0x20000a3c        0x4 ./system/src/stm32f4-hal/stm32f4xx_hal.o
 .bss.current_heap_end.3842
                0x20000a40        0x4 ./system/src/newlib/_sbrk.o
 .bss.name.4013
                0x20000a44        0x4 ./system/src/newlib/_syscalls.o
 .bss.cfgidx.8652
                0x20000a48        0x1 ./system/STM32_USB_Device_Library/Core/Src/usbd_ctlreq.o
 *fill*         0x20000a49        0x3 
 .bss.SpiHandle
                0x20000a4c       0x54 ./system/BSP/STM32F4-Discovery/stm32f4_discovery.o
 .bss.cmd       0x20000aa0        0x4 ./src/main.o
                0x20000aa0                cmd
 .bss.bytesWritten
                0x20000aa4        0x4 ./src/main.o
                0x20000aa4                bytesWritten
 .bss.s_RxBuffer
                0x20000aa8       0x4c ./src/usbd_cdc_interface.o
 .bss.__malloc_max_total_mem
                0x20000af4        0x4 c:/armgcc/4.8_2014_q2/bin/../lib/gcc/arm-none-eabi/4.8.4/../../../../arm-none-eabi/lib/armv7e-m\libg.a(lib_a-mallocr.o)
                0x20000af4                __malloc_max_total_mem
 .bss.__malloc_max_sbrked_mem
                0x20000af8        0x4 c:/armgcc/4.8_2014_q2/bin/../lib/gcc/arm-none-eabi/4.8.4/../../../../arm-none-eabi/lib/armv7e-m\libg.a(lib_a-mallocr.o)
                0x20000af8                __malloc_max_sbrked_mem
 .bss.__malloc_top_pad
                0x20000afc        0x4 c:/armgcc/4.8_2014_q2/bin/../lib/gcc/arm-none-eabi/4.8.4/../../../../arm-none-eabi/lib/armv7e-m\libg.a(lib_a-mallocr.o)
                0x20000afc                __malloc_top_pad
 .bss.__malloc_current_mallinfo
                0x20000b00       0x28 c:/armgcc/4.8_2014_q2/bin/../lib/gcc/arm-none-eabi/4.8.4/../../../../arm-none-eabi/lib/armv7e-m\libg.a(lib_a-mallocr.o)
                0x20000b00                __malloc_current_mallinfo
 *(COMMON)
 COMMON         0x20000b28        0x4 ./system/src/newlib/_syscalls.o
                0x20000b28                errno
 COMMON         0x20000b2c        0x1 ./system/BSP/STM32F4-Discovery/stm32f4_discovery.o
                0x20000b2c                spiSpeed
 COMMON         0x20000b2d        0x1 ./src/isp.o
                0x20000b2d                isp_hiaddr
 *fill*         0x20000b2e        0x2 
 COMMON         0x20000b30      0x230 ./src/main.o
                0x20000b30                hUSBDDevice
                0x20000d54                totalWritten
                0x20000d58                temp
                0x20000d5c                pageSize
 COMMON         0x20000d60     0x107c ./src/usbd_cdc_interface.o
                0x20000d60                UartHandle
                0x20000d9c                UserTxBuffer
                0x2000159c                g_VCPInitialized
                0x200015a0                UserRxBuffer
                0x20001da0                TimHandle
 COMMON         0x20001ddc      0x3b0 ./src/usbd_conf.o
                0x20001ddc                hpcd
 COMMON         0x2000218c      0x100 ./src/usbd_desc.o
                0x2000218c                USBD_StrDesc
 *(.bss_end .bss_end.*)
                0x2000228c                . = ALIGN (0x4)
                0x2000228c                __bss_end__ = .
                0x2000228c                _ebss = .

.noinit         0x2000228c        0x0
                0x2000228c                . = ALIGN (0x4)
                0x2000228c                _noinit = .
 *(.noinit .noinit.*)
                0x2000228c                . = ALIGN (0x4)
                0x2000228c                _end_noinit = .
                0x2000228c                PROVIDE (end, _end_noinit)
                0x2000228c                PROVIDE (_end, _end_noinit)
                0x2000228c                PROVIDE (__end, _end_noinit)
                0x2000228c                PROVIDE (__end__, _end_noinit)

._check_stack   0x2000228c      0x100 load address 0x0801111c
                0x2000228c                . = ALIGN (0x4)
                0x2000238c                . = (. + _Minimum_Stack_Size)
 *fill*         0x2000228c      0x100 
                0x2000238c                . = ALIGN (0x4)

.bss_CCMRAM
 *(.bss.CCMRAM .bss.CCMRAM.*)

.b1text
 *(.b1text)
 *(.b1rodata)
 *(.b1rodata.*)

.eb0text
 *(.eb0text)
 *(.eb0rodata)
 *(.eb0rodata.*)

.eb1text
 *(.eb1text)
 *(.eb1rodata)
 *(.eb1rodata.*)

.eb2text
 *(.eb2text)
 *(.eb2rodata)
 *(.eb2rodata.*)

.eb3text
 *(.eb3text)
 *(.eb3rodata)
 *(.eb3rodata.*)

.stab
 *(.stab)

.stabstr
 *(.stabstr)

.stab.excl
 *(.stab.excl)

.stab.exclstr
 *(.stab.exclstr)

.stab.index
 *(.stab.index)

.stab.indexstr
 *(.stab.indexstr)

.comment        0x00000000       0x70
 *(.comment)
 .comment       0x00000000       0x70 ./system/src/stm32f4-hal/stm32f4xx_hal.o
                                 0x71 (size before relaxing)
 .comment       0x00000000       0x71 ./system/src/stm32f4-hal/stm32f4xx_hal_cortex.o
 .comment       0x00000000       0x71 ./system/src/stm32f4-hal/stm32f4xx_hal_dma.o
 .comment       0x00000000       0x71 ./system/src/stm32f4-hal/stm32f4xx_hal_gpio.o
 .comment       0x00000000       0x71 ./system/src/stm32f4-hal/stm32f4xx_hal_pcd.o
 .comment       0x00000000       0x71 ./system/src/stm32f4-hal/stm32f4xx_hal_rcc.o
 .comment       0x00000000       0x71 ./system/src/stm32f4-hal/stm32f4xx_hal_spi.o
 .comment       0x00000000       0x71 ./system/src/stm32f4-hal/stm32f4xx_hal_tim.o
 .comment       0x00000000       0x71 ./system/src/stm32f4-hal/stm32f4xx_hal_tim_ex.o
 .comment       0x00000000       0x71 ./system/src/stm32f4-hal/stm32f4xx_hal_uart.o
 .comment       0x00000000       0x71 ./system/src/stm32f4-hal/stm32f4xx_ll_usb.o
 .comment       0x00000000       0x71 ./system/src/newlib/_exit.o
 .comment       0x00000000       0x71 ./system/src/newlib/_sbrk.o
 .comment       0x00000000       0x71 ./system/src/newlib/_startup.o
 .comment       0x00000000       0x71 ./system/src/newlib/_syscalls.o
 .comment       0x00000000       0x71 ./system/src/cortexm/_initialize_hardware.o
 .comment       0x00000000       0x71 ./system/src/cortexm/_reset_hardware.o
 .comment       0x00000000       0x71 ./system/src/cortexm/exception_handlers.o
 .comment       0x00000000       0x71 ./system/src/CMSIS/system_stm32f4xx.o
 .comment       0x00000000       0x71 ./system/src/CMSIS/vectors_stm32f4xx.o
 .comment       0x00000000       0x71 ./system/STM32_USB_Device_Library/Core/Src/usbd_core.o
 .comment       0x00000000       0x71 ./system/STM32_USB_Device_Library/Core/Src/usbd_ctlreq.o
 .comment       0x00000000       0x71 ./system/STM32_USB_Device_Library/Core/Src/usbd_ioreq.o
 .comment       0x00000000       0x71 ./system/STM32_USB_Device_Library/Class/CDC/Src/usbd_cdc.o
 .comment       0x00000000       0x71 ./system/BSP/STM32F4-Discovery/stm32f4_discovery.o
 .comment       0x00000000       0x71 ./src/isp.o
 .comment       0x00000000       0x71 ./src/main.o
 .comment       0x00000000       0x71 ./src/stm32f4xx_it.o
 .comment       0x00000000       0x71 ./src/usbd_cdc_interface.o
 .comment       0x00000000       0x71 ./src/usbd_conf.o
 .comment       0x00000000       0x71 ./src/usbd_desc.o

.ARM.attributes
                0x00000000       0x31
 .ARM.attributes
                0x00000000       0x33 ./system/src/stm32f4-hal/stm32f4xx_hal.o
 .ARM.attributes
                0x00000033       0x33 ./system/src/stm32f4-hal/stm32f4xx_hal_cortex.o
 .ARM.attributes
                0x00000066       0x33 ./system/src/stm32f4-hal/stm32f4xx_hal_dma.o
 .ARM.attributes
                0x00000099       0x33 ./system/src/stm32f4-hal/stm32f4xx_hal_gpio.o
 .ARM.attributes
                0x000000cc       0x33 ./system/src/stm32f4-hal/stm32f4xx_hal_pcd.o
 .ARM.attributes
                0x000000ff       0x33 ./system/src/stm32f4-hal/stm32f4xx_hal_rcc.o
 .ARM.attributes
                0x00000132       0x33 ./system/src/stm32f4-hal/stm32f4xx_hal_spi.o
 .ARM.attributes
                0x00000165       0x33 ./system/src/stm32f4-hal/stm32f4xx_hal_tim.o
 .ARM.attributes
                0x00000198       0x33 ./system/src/stm32f4-hal/stm32f4xx_hal_tim_ex.o
 .ARM.attributes
                0x000001cb       0x33 ./system/src/stm32f4-hal/stm32f4xx_hal_uart.o
 .ARM.attributes
                0x000001fe       0x33 ./system/src/stm32f4-hal/stm32f4xx_ll_usb.o
 .ARM.attributes
                0x00000231       0x33 ./system/src/newlib/_exit.o
 .ARM.attributes
                0x00000264       0x33 ./system/src/newlib/_sbrk.o
 .ARM.attributes
                0x00000297       0x33 ./system/src/newlib/_startup.o
 .ARM.attributes
                0x000002ca       0x33 ./system/src/newlib/_syscalls.o
 .ARM.attributes
                0x000002fd       0x33 ./system/src/cortexm/_initialize_hardware.o
 .ARM.attributes
                0x00000330       0x33 ./system/src/cortexm/_reset_hardware.o
 .ARM.attributes
                0x00000363       0x33 ./system/src/cortexm/exception_handlers.o
 .ARM.attributes
                0x00000396       0x33 ./system/src/CMSIS/system_stm32f4xx.o
 .ARM.attributes
                0x000003c9       0x33 ./system/src/CMSIS/vectors_stm32f4xx.o
 .ARM.attributes
                0x000003fc       0x33 ./system/STM32_USB_Device_Library/Core/Src/usbd_core.o
 .ARM.attributes
                0x0000042f       0x33 ./system/STM32_USB_Device_Library/Core/Src/usbd_ctlreq.o
 .ARM.attributes
                0x00000462       0x33 ./system/STM32_USB_Device_Library/Core/Src/usbd_ioreq.o
 .ARM.attributes
                0x00000495       0x33 ./system/STM32_USB_Device_Library/Class/CDC/Src/usbd_cdc.o
 .ARM.attributes
                0x000004c8       0x33 ./system/BSP/STM32F4-Discovery/stm32f4_discovery.o
 .ARM.attributes
                0x000004fb       0x33 ./src/isp.o
 .ARM.attributes
                0x0000052e       0x33 ./src/main.o
 .ARM.attributes
                0x00000561       0x33 ./src/stm32f4xx_it.o
 .ARM.attributes
                0x00000594       0x33 ./src/usbd_cdc_interface.o
 .ARM.attributes
                0x000005c7       0x33 ./src/usbd_conf.o
 .ARM.attributes
                0x000005fa       0x33 ./src/usbd_desc.o
 .ARM.attributes
                0x0000062d       0x2e c:/armgcc/4.8_2014_q2/bin/../lib/gcc/arm-none-eabi/4.8.4/../../../../arm-none-eabi/lib/armv7e-m\libg.a(lib_a-errno.o)
 .ARM.attributes
                0x0000065b       0x2e c:/armgcc/4.8_2014_q2/bin/../lib/gcc/arm-none-eabi/4.8.4/../../../../arm-none-eabi/lib/armv7e-m\libg.a(lib_a-impure.o)
 .ARM.attributes
                0x00000689       0x2e c:/armgcc/4.8_2014_q2/bin/../lib/gcc/arm-none-eabi/4.8.4/../../../../arm-none-eabi/lib/armv7e-m\libg.a(lib_a-malloc.o)
 .ARM.attributes
                0x000006b7       0x2e c:/armgcc/4.8_2014_q2/bin/../lib/gcc/arm-none-eabi/4.8.4/../../../../arm-none-eabi/lib/armv7e-m\libg.a(lib_a-mallocr.o)
 .ARM.attributes