Archive member included because of file (symbol)

c:/armgcc/4.8_2014_q2/bin/../lib/gcc/arm-none-eabi/4.8.4/armv7e-m\libgcc.a(_arm_addsubsf3.o)
                              ./system/BSP/STM32F4-Discovery/stm32f4_discovery_audio.o (__aeabi_ui2f)
c:/armgcc/4.8_2014_q2/bin/../lib/gcc/arm-none-eabi/4.8.4/armv7e-m\libgcc.a(_arm_muldivsf3.o)
                              ./system/BSP/Components/lis3dsh/lis3dsh.o (__aeabi_fmul)
c:/armgcc/4.8_2014_q2/bin/../lib/gcc/arm-none-eabi/4.8.4/armv7e-m\libgcc.a(_arm_fixsfsi.o)
                              ./system/BSP/Components/lis3dsh/lis3dsh.o (__aeabi_f2iz)
c:/armgcc/4.8_2014_q2/bin/../lib/gcc/arm-none-eabi/4.8.4/../../../../arm-none-eabi/lib/armv7e-m\libg.a(lib_a-errno.o)
                              ./system/src/newlib/_sbrk.o (__errno)
c:/armgcc/4.8_2014_q2/bin/../lib/gcc/arm-none-eabi/4.8.4/../../../../arm-none-eabi/lib/armv7e-m\libg.a(lib_a-impure.o)
                              c:/armgcc/4.8_2014_q2/bin/../lib/gcc/arm-none-eabi/4.8.4/../../../../arm-none-eabi/lib/armv7e-m\libg.a(lib_a-errno.o) (_impure_ptr)
c:/armgcc/4.8_2014_q2/bin/../lib/gcc/arm-none-eabi/4.8.4/../../../../arm-none-eabi/lib/armv7e-m\libg.a(lib_a-malloc.o)
                              ./system/STM32_USB_Device_Library/Class/CDC/Src/usbd_cdc.o (malloc)
c:/armgcc/4.8_2014_q2/bin/../lib/gcc/arm-none-eabi/4.8.4/../../../../arm-none-eabi/lib/armv7e-m\libg.a(lib_a-mallocr.o)
                              c:/armgcc/4.8_2014_q2/bin/../lib/gcc/arm-none-eabi/4.8.4/../../../../arm-none-eabi/lib/armv7e-m\libg.a(lib_a-malloc.o) (_malloc_r)
c:/armgcc/4.8_2014_q2/bin/../lib/gcc/arm-none-eabi/4.8.4/../../../../arm-none-eabi/lib/armv7e-m\libg.a(lib_a-mlock.o)
                              c:/armgcc/4.8_2014_q2/bin/../lib/gcc/arm-none-eabi/4.8.4/../../../../arm-none-eabi/lib/armv7e-m\libg.a(lib_a-mallocr.o) (__malloc_lock)
c:/armgcc/4.8_2014_q2/bin/../lib/gcc/arm-none-eabi/4.8.4/../../../../arm-none-eabi/lib/armv7e-m\libg.a(lib_a-sbrkr.o)
                              c:/armgcc/4.8_2014_q2/bin/../lib/gcc/arm-none-eabi/4.8.4/../../../../arm-none-eabi/lib/armv7e-m\libg.a(lib_a-mallocr.o) (_sbrk_r)
c:/armgcc/4.8_2014_q2/bin/../lib/gcc/arm-none-eabi/4.8.4/../../../../arm-none-eabi/lib/armv7e-m\libg.a(lib_a-freer.o)
                              c:/armgcc/4.8_2014_q2/bin/../lib/gcc/arm-none-eabi/4.8.4/../../../../arm-none-eabi/lib/armv7e-m\libg.a(lib_a-malloc.o) (_free_r)

Allocating common symbols
Common symbol       size              file

hUSBDDevice         0x224             ./src/main.o
timer_delayCount    0x4               ./src/Timer.o
errno               0x4               ./system/src/newlib/_syscalls.o
UartHandle          0x3c              ./src/usbd_cdc_interface.o
hpcd                0x3b0             ./src/usbd_conf.o
pFlash              0x1c              ./system/src/stm32f4-hal/stm32f4xx_hal_flash.o
Filter              0x68              ./system/BSP/STM32F4-Discovery/stm32f4_discovery_audio.o
UserTxBuffer        0x800             ./src/usbd_cdc_interface.o
UserRxBuffer        0x800             ./src/usbd_cdc_interface.o
hAudioOutI2s        0x40              ./system/BSP/STM32F4-Discovery/stm32f4_discovery_audio.o
USBD_StrDesc        0x100             ./src/usbd_desc.o
TimHandle           0x3c              ./src/usbd_cdc_interface.o
hAudioInI2s         0x40              ./system/BSP/STM32F4-Discovery/stm32f4_discovery_audio.o

Discarded input sections

 .text          0x00000000        0x0 ./system/src/stm32f4-hal/stm32f4xx_hal.o
 .data          0x00000000        0x0 ./system/src/stm32f4-hal/stm32f4xx_hal.o
 .bss           0x00000000        0x0 ./system/src/stm32f4-hal/stm32f4xx_hal.o
 .text.HAL_MspDeInit
                0x00000000        0x2 ./system/src/stm32f4-hal/stm32f4xx_hal.o
 .text.HAL_DeInit
                0x00000000       0x2c ./system/src/stm32f4-hal/stm32f4xx_hal.o
 .text.HAL_GetHalVersion
                0x00000000        0x6 ./system/src/stm32f4-hal/stm32f4xx_hal.o
 .text.HAL_GetREVID
                0x00000000        0xc ./system/src/stm32f4-hal/stm32f4xx_hal.o
 .text.HAL_GetDEVID
                0x00000000       0x10 ./system/src/stm32f4-hal/stm32f4xx_hal.o
 .text.HAL_EnableDBGSleepMode
                0x00000000       0x10 ./system/src/stm32f4-hal/stm32f4xx_hal.o
 .text.HAL_DisableDBGSleepMode
                0x00000000       0x10 ./system/src/stm32f4-hal/stm32f4xx_hal.o
 .text.HAL_EnableDBGStopMode
                0x00000000       0x10 ./system/src/stm32f4-hal/stm32f4xx_hal.o
 .text.HAL_DisableDBGStopMode
                0x00000000       0x10 ./system/src/stm32f4-hal/stm32f4xx_hal.o
 .text.HAL_EnableDBGStandbyMode
                0x00000000       0x10 ./system/src/stm32f4-hal/stm32f4xx_hal.o
 .text.HAL_DisableDBGStandbyMode
                0x00000000       0x10 ./system/src/stm32f4-hal/stm32f4xx_hal.o
 .text.HAL_EnableCompensationCell
                0x00000000        0xc ./system/src/stm32f4-hal/stm32f4xx_hal.o
 .text.HAL_DisableCompensationCell
[...]
Memory Configuration

Name             Origin             Length             Attributes
RAM              0x20000000         0x00020000         xrw
CCMRAM           0x10000000         0x00010000         xrw
FLASH            0x08000000         0x00100000         xr
FLASHB1          0x00000000         0x00000000         xr
EXTMEMB0         0x00000000         0x00000000         xr
EXTMEMB1         0x00000000         0x00000000         xr
EXTMEMB2         0x00000000         0x00000000         xr
EXTMEMB3         0x00000000         0x00000000         xr
MEMORY_ARRAY     0x20002000         0x00000020         xrw
*default*        0x00000000         0xffffffff

Linker script and memory map

LOAD ./system/src/stm32f4-hal/stm32f4xx_hal.o
LOAD ./system/src/stm32f4-hal/stm32f4xx_hal_adc.o
LOAD ./system/src/stm32f4-hal/stm32f4xx_hal_adc_ex.o
LOAD ./system/src/stm32f4-hal/stm32f4xx_hal_can.o
LOAD ./system/src/stm32f4-hal/stm32f4xx_hal_cortex.o
LOAD ./system/src/stm32f4-hal/stm32f4xx_hal_crc.o
LOAD ./system/src/stm32f4-hal/stm32f4xx_hal_cryp.o
LOAD ./system/src/stm32f4-hal/stm32f4xx_hal_cryp_ex.o
LOAD ./system/src/stm32f4-hal/stm32f4xx_hal_dac.o
LOAD ./system/src/stm32f4-hal/stm32f4xx_hal_dac_ex.o
LOAD ./system/src/stm32f4-hal/stm32f4xx_hal_dcmi.o
LOAD ./system/src/stm32f4-hal/stm32f4xx_hal_dma.o
LOAD ./system/src/stm32f4-hal/stm32f4xx_hal_dma2d.o
LOAD ./system/src/stm32f4-hal/stm32f4xx_hal_dma_ex.o
LOAD ./system/src/stm32f4-hal/stm32f4xx_hal_eth.o
LOAD ./system/src/stm32f4-hal/stm32f4xx_hal_flash.o
LOAD ./system/src/stm32f4-hal/stm32f4xx_hal_flash_ex.o
LOAD ./system/src/stm32f4-hal/stm32f4xx_hal_gpio.o
LOAD ./system/src/stm32f4-hal/stm32f4xx_hal_hash.o
LOAD ./system/src/stm32f4-hal/stm32f4xx_hal_hash_ex.o
LOAD ./system/src/stm32f4-hal/stm32f4xx_hal_hcd.o
LOAD ./system/src/stm32f4-hal/stm32f4xx_hal_i2c.o
LOAD ./system/src/stm32f4-hal/stm32f4xx_hal_i2c_ex.o
LOAD ./system/src/stm32f4-hal/stm32f4xx_hal_i2s.o
LOAD ./system/src/stm32f4-hal/stm32f4xx_hal_i2s_ex.o
LOAD ./system/src/stm32f4-hal/stm32f4xx_hal_irda.o
LOAD ./system/src/stm32f4-hal/stm32f4xx_hal_iwdg.o
LOAD ./system/src/stm32f4-hal/stm32f4xx_hal_ltdc.o
LOAD ./system/src/stm32f4-hal/stm32f4xx_hal_nand.o
LOAD ./system/src/stm32f4-hal/stm32f4xx_hal_nor.o
LOAD ./system/src/stm32f4-hal/stm32f4xx_hal_pccard.o
LOAD ./system/src/stm32f4-hal/stm32f4xx_hal_pcd.o
LOAD ./system/src/stm32f4-hal/stm32f4xx_hal_pwr.o
LOAD ./system/src/stm32f4-hal/stm32f4xx_hal_pwr_ex.o
LOAD ./system/src/stm32f4-hal/stm32f4xx_hal_rcc.o
LOAD ./system/src/stm32f4-hal/stm32f4xx_hal_rcc_ex.o
LOAD ./system/src/stm32f4-hal/stm32f4xx_hal_rng.o
LOAD ./system/src/stm32f4-hal/stm32f4xx_hal_rtc.o
LOAD ./system/src/stm32f4-hal/stm32f4xx_hal_rtc_ex.o
LOAD ./system/src/stm32f4-hal/stm32f4xx_hal_sai.o
LOAD ./system/src/stm32f4-hal/stm32f4xx_hal_sd.o
LOAD ./system/src/stm32f4-hal/stm32f4xx_hal_sdram.o
LOAD ./system/src/stm32f4-hal/stm32f4xx_hal_smartcard.o
LOAD ./system/src/stm32f4-hal/stm32f4xx_hal_spi.o
LOAD ./system/src/stm32f4-hal/stm32f4xx_hal_sram.o
LOAD ./system/src/stm32f4-hal/stm32f4xx_hal_tim.o
LOAD ./system/src/stm32f4-hal/stm32f4xx_hal_tim_ex.o
LOAD ./system/src/stm32f4-hal/stm32f4xx_hal_uart.o
LOAD ./system/src/stm32f4-hal/stm32f4xx_hal_usart.o
LOAD ./system/src/stm32f4-hal/stm32f4xx_hal_wwdg.o
LOAD ./system/src/stm32f4-hal/stm32f4xx_ll_fmc.o
LOAD ./system/src/stm32f4-hal/stm32f4xx_ll_fsmc.o
LOAD ./system/src/stm32f4-hal/stm32f4xx_ll_sdmmc.o
LOAD ./system/src/stm32f4-hal/stm32f4xx_ll_usb.o
LOAD ./system/src/newlib/_cxx.o
LOAD ./system/src/newlib/_exit.o
LOAD ./system/src/newlib/_sbrk.o
LOAD ./system/src/newlib/_startup.o
LOAD ./system/src/newlib/_syscalls.o
LOAD ./system/src/newlib/_write.o
LOAD ./system/src/newlib/assert.o
LOAD ./system/src/diag/Trace.o
LOAD ./system/src/diag/trace_impl.o
LOAD ./system/src/cortexm/_initialize_hardware.o
LOAD ./system/src/cortexm/_reset_hardware.o
LOAD ./system/src/cortexm/exception_handlers.o
LOAD ./system/src/CMSIS/system_stm32f4xx.o
LOAD ./system/src/CMSIS/vectors_stm32f4xx.o
LOAD ./system/STM32_USB_Device_Library/Core/Src/usbd_core.o
LOAD ./system/STM32_USB_Device_Library/Core/Src/usbd_ctlreq.o
LOAD ./system/STM32_USB_Device_Library/Core/Src/usbd_ioreq.o
LOAD ./system/STM32_USB_Device_Library/Class/CDC/Src/usbd_cdc.o
LOAD ./system/BSP/STM32F4-Discovery/stm32f4_discovery.o
LOAD ./system/BSP/STM32F4-Discovery/stm32f4_discovery_accelerometer.o
LOAD ./system/BSP/STM32F4-Discovery/stm32f4_discovery_audio.o
LOAD ./system/BSP/Components/wm8994/wm8994.o
LOAD ./system/BSP/Components/ts3510/ts3510.o
LOAD ./system/BSP/Components/stmpe811/stmpe811.o
LOAD ./system/BSP/Components/stmpe1600/stmpe1600.o
LOAD ./system/BSP/Components/ov2640/ov2640.o
LOAD ./system/BSP/Components/lsm303dlhc/lsm303dlhc.o
LOAD ./system/BSP/Components/lis3dsh/lis3dsh.o
LOAD ./system/BSP/Components/lis302dl/lis302dl.o
LOAD ./system/BSP/Components/l3gd20/l3gd20.o
LOAD ./system/BSP/Components/ili9341/ili9341.o
LOAD ./system/BSP/Components/ili9325/ili9325.o
LOAD ./system/BSP/Components/cs43l22/cs43l22.o
LOAD ./src/BlinkLed.o
LOAD ./src/Timer.o
LOAD ./src/main.o
LOAD ./src/stm32f4xx_it.o
LOAD ./src/usbd_cdc_interface.o
LOAD ./src/usbd_conf.o
LOAD ./src/usbd_desc.o
LOAD c:/armgcc/4.8_2014_q2/bin/../lib/gcc/arm-none-eabi/4.8.4/../../../../arm-none-eabi/lib/armv7e-m\libstdc++.a
LOAD c:/armgcc/4.8_2014_q2/bin/../lib/gcc/arm-none-eabi/4.8.4/../../../../arm-none-eabi/lib/armv7e-m\libm.a
START GROUP
LOAD c:/armgcc/4.8_2014_q2/bin/../lib/gcc/arm-none-eabi/4.8.4/armv7e-m\libgcc.a
LOAD c:/armgcc/4.8_2014_q2/bin/../lib/gcc/arm-none-eabi/4.8.4/../../../../arm-none-eabi/lib/armv7e-m\libg.a
LOAD c:/armgcc/4.8_2014_q2/bin/../lib/gcc/arm-none-eabi/4.8.4/../../../../arm-none-eabi/lib/armv7e-m\libc.a
END GROUP
                0x20020000                __stack = (ORIGIN (RAM) + 0x20000)
                0x20020000                _estack = __stack
                0x00000400                __Main_Stack_Size = 0x400
                0x00000400                PROVIDE (_Main_Stack_Size, __Main_Stack_Size)
                0x2001fc00                __Main_Stack_Limit = (__stack - __Main_Stack_Size)
                0x2001fc00                PROVIDE (_Main_Stack_Limit, __Main_Stack_Limit)
                0x00000100                _Minimum_Stack_Size = 0x100
                0x2000215c                PROVIDE (_Heap_Begin, _end_noinit)
                0x2001fc00                PROVIDE (_Heap_Limit, (__stack - __Main_Stack_Size))

.isr_vector     0x08000000      0x260
                0x08000000                . = ALIGN (0x4)
 *(.isr_vector)
 .isr_vector    0x08000000      0x188 ./system/src/CMSIS/vectors_stm32f4xx.o
                0x08000000                __isr_vectors
 *(.cfmconfig)
 *(.after_vectors .after_vectors.*)
 .after_vectors
                0x08000188       0xc0 ./system/src/newlib/_startup.o
                0x08000188                _start
 .after_vectors
                0x08000248       0x16 ./system/src/cortexm/exception_handlers.o
                0x08000248                Reset_Handler
 .after_vectors
                0x0800025e        0x2 ./system/src/CMSIS/vectors_stm32f4xx.o
                0x0800025e                RTC_Alarm_IRQHandler
                0x0800025e                HASH_RNG_IRQHandler
                0x0800025e                EXTI2_IRQHandler
                0x0800025e                TIM8_CC_IRQHandler
                0x0800025e                SPI4_IRQHandler
                0x0800025e                TIM1_CC_IRQHandler
                0x0800025e                DMA2_Stream5_IRQHandler
                0x0800025e                DMA1_Stream5_IRQHandler
                0x0800025e                PVD_IRQHandler
                0x0800025e                SDIO_IRQHandler
                0x0800025e                TAMP_STAMP_IRQHandler
                0x0800025e                CAN2_RX1_IRQHandler
                0x0800025e                EXTI3_IRQHandler
                0x0800025e                TIM8_TRG_COM_TIM14_IRQHandler
                0x0800025e                TIM1_UP_TIM10_IRQHandler
                0x0800025e                TIM8_UP_TIM13_IRQHandler
                0x0800025e                I2C3_ER_IRQHandler
                0x0800025e                EXTI0_IRQHandler
                0x0800025e                I2C2_EV_IRQHandler
                0x0800025e                DMA1_Stream2_IRQHandler
                0x0800025e                CAN1_RX0_IRQHandler
                0x0800025e                FPU_IRQHandler
                0x0800025e                OTG_HS_WKUP_IRQHandler
                0x0800025e                CAN2_SCE_IRQHandler
                0x0800025e                DMA2_Stream2_IRQHandler
                0x0800025e                SPI1_IRQHandler
                0x0800025e                TIM6_DAC_IRQHandler
                0x0800025e                TIM1_BRK_TIM9_IRQHandler
                0x0800025e                DCMI_IRQHandler
                0x0800025e                CAN2_RX0_IRQHandler
                0x0800025e                DMA2_Stream3_IRQHandler
                0x0800025e                USART6_IRQHandler
                0x0800025e                USART3_IRQHandler
                0x0800025e                CRYP_IRQHandler
                0x0800025e                CAN1_RX1_IRQHandler
                0x0800025e                UART5_IRQHandler
                0x0800025e                DMA2_Stream0_IRQHandler
                0x0800025e                TIM4_IRQHandler
                0x0800025e                I2C1_EV_IRQHandler
                0x0800025e                DMA1_Stream6_IRQHandler
                0x0800025e                DMA1_Stream1_IRQHandler
                0x0800025e                UART4_IRQHandler
                0x0800025e                RCC_IRQHandler
                0x0800025e                TIM8_BRK_TIM12_IRQHandler
                0x0800025e                Default_Handler
                0x0800025e                EXTI15_10_IRQHandler
                0x0800025e                ADC_IRQHandler
                0x0800025e                DMA1_Stream7_IRQHandler
                0x0800025e                TIM7_IRQHandler
                0x0800025e                CAN2_TX_IRQHandler
                0x0800025e                TIM5_IRQHandler
                0x0800025e                I2C3_EV_IRQHandler
                0x0800025e                EXTI9_5_IRQHandler
                0x0800025e                RTC_WKUP_IRQHandler
                0x0800025e                ETH_WKUP_IRQHandler
                0x0800025e                SPI2_IRQHandler
                0x0800025e                OTG_HS_EP1_IN_IRQHandler
                0x0800025e                DMA1_Stream0_IRQHandler
                0x0800025e                CAN1_TX_IRQHandler
                0x0800025e                EXTI4_IRQHandler
                0x0800025e                FSMC_IRQHandler
                0x0800025e                ETH_IRQHandler
                0x0800025e                OTG_HS_EP1_OUT_IRQHandler
                0x0800025e                WWDG_IRQHandler
                0x0800025e                TIM2_IRQHandler
                0x0800025e                OTG_FS_WKUP_IRQHandler
                0x0800025e                TIM1_TRG_COM_TIM11_IRQHandler
                0x0800025e                EXTI1_IRQHandler
                0x0800025e                USART2_IRQHandler
                0x0800025e                I2C2_ER_IRQHandler
                0x0800025e                DMA2_Stream1_IRQHandler
                0x0800025e                CAN1_SCE_IRQHandler
                0x0800025e                FLASH_IRQHandler
                0x0800025e                DMA2_Stream4_IRQHandler
                0x0800025e                OTG_FS_IRQHandler
                0x0800025e                SPI3_IRQHandler
                0x0800025e                DMA1_Stream4_IRQHandler
                0x0800025e                I2C1_ER_IRQHandler
                0x0800025e                DMA2_Stream6_IRQHandler
                0x0800025e                DMA1_Stream3_IRQHandler
                0x08000260                . = ALIGN (0x4)

.inits          0x08000260        0x0
                0x08000260                . = ALIGN (0x4)
 *(.init)
 *(.fini)
                0x08000260                . = ALIGN (0x4)
                0x08000260                PROVIDE (__preinit_array_start, .)
 *(.preinit_array_sysinit .preinit_array_sysinit.*)
 *(.preinit_array_platform .preinit_array_platform.*)
 *(.preinit_array .preinit_array.*)
                0x08000260                PROVIDE (__preinit_array_end, .)
                0x08000260                . = ALIGN (0x4)
                0x08000260                PROVIDE (__init_array_start, .)
 *(SORT(.init_array.*))
 *(.init_array)
                0x08000260                PROVIDE (__init_array_end, .)
                0x08000260                . = ALIGN (0x4)
                0x08000260                PROVIDE (__fini_array_start, .)
 *(SORT(.fini_array.*))
 *(.fini_array)
                0x08000260                PROVIDE (__fini_array_end, .)
                0x08000260                . = ALIGN (0x4)

.flashtext      0x08000260        0x0
                0x08000260                . = ALIGN (0x4)
 *(.flashtext .flashtext.*)
                0x08000260                . = ALIGN (0x4)

.text           0x08000260     0x42e8
                0x08000260                . = ALIGN (0x4)
 *(.text .text.*)
 .text.HAL_MspInit
                0x08000260        0x2 ./system/src/stm32f4-hal/stm32f4xx_hal.o
                0x08000260                HAL_MspInit
 *fill*         0x08000262        0x2 
 .text.HAL_Init
                0x08000264       0x44 ./system/src/stm32f4-hal/stm32f4xx_hal.o
                0x08000264                HAL_Init
 .text.HAL_IncTick
                0x080002a8       0x10 ./system/src/stm32f4-hal/stm32f4xx_hal.o
                0x080002a8                HAL_IncTick
 .text.HAL_GetTick
                0x080002b8        0xc ./system/src/stm32f4-hal/stm32f4xx_hal.o
                0x080002b8                HAL_GetTick
 .text.HAL_Delay
                0x080002c4       0x1c ./system/src/stm32f4-hal/stm32f4xx_hal.o
                0x080002c4                HAL_Delay
 .text.HAL_NVIC_SetPriorityGrouping
                0x080002e0       0x24 ./system/src/stm32f4-hal/stm32f4xx_hal_cortex.o
                0x080002e0                HAL_NVIC_SetPriorityGrouping
 .text.HAL_SYSTICK_Config
                0x08000304       0x2c ./system/src/stm32f4-hal/stm32f4xx_hal_cortex.o
                0x08000304                HAL_SYSTICK_Config
 .text.HAL_DMA_Start_IT
                0x08000330       0x70 ./system/src/stm32f4-hal/stm32f4xx_hal_dma.o
                0x08000330                HAL_DMA_Start_IT
 .text.HAL_DMA_IRQHandler
                0x080003a0      0xa2c ./system/src/stm32f4-hal/stm32f4xx_hal_dma.o
                0x080003a0                HAL_DMA_IRQHandler
 .text.HAL_GPIO_Init
                0x08000dcc      0x214 ./system/src/stm32f4-hal/stm32f4xx_hal_gpio.o
                0x08000dcc                HAL_GPIO_Init
 .text.HAL_GPIO_WritePin
                0x08000fe0        0xa ./system/src/stm32f4-hal/stm32f4xx_hal_gpio.o
                0x08000fe0                HAL_GPIO_WritePin
 .text.HAL_GPIO_TogglePin
                0x08000fea        0x8 ./system/src/stm32f4-hal/stm32f4xx_hal_gpio.o
                0x08000fea                HAL_GPIO_TogglePin
 *fill*         0x08000ff2        0x2 
 .text.HAL_PCD_Start
                0x08000ff4       0x2c ./system/src/stm32f4-hal/stm32f4xx_hal_pcd.o
                0x08000ff4                HAL_PCD_Start
 .text.HAL_PCD_IRQHandler
                0x08001020      0x518 ./system/src/stm32f4-hal/stm32f4xx_hal_pcd.o
                0x08001020                HAL_PCD_IRQHandler
 .text.HAL_PCD_SetAddress
                0x08001538       0x24 ./system/src/stm32f4-hal/stm32f4xx_hal_pcd.o
                0x08001538                HAL_PCD_SetAddress
 .text.HAL_PCD_EP_Open
                0x0800155c       0x68 ./system/src/stm32f4-hal/stm32f4xx_hal_pcd.o
                0x0800155c                HAL_PCD_EP_Open
 .text.HAL_PCD_EP_Close
                0x080015c4       0x50 ./system/src/stm32f4-hal/stm32f4xx_hal_pcd.o
                0x080015c4                HAL_PCD_EP_Close
 .text.HAL_PCD_EP_Receive
                0x08001614       0x5c ./system/src/stm32f4-hal/stm32f4xx_hal_pcd.o
                0x08001614                HAL_PCD_EP_Receive
 .text.HAL_PCD_EP_GetRxCount
                0x08001670       0x14 ./system/src/stm32f4-hal/stm32f4xx_hal_pcd.o
                0x08001670                HAL_PCD_EP_GetRxCount
 .text.HAL_PCD_EP_Transmit
                0x08001684       0x5c ./system/src/stm32f4-hal/stm32f4xx_hal_pcd.o
                0x08001684                HAL_PCD_EP_Transmit
 .text.HAL_PCD_EP_SetStall
                0x080016e0       0x64 ./system/src/stm32f4-hal/stm32f4xx_hal_pcd.o
                0x080016e0                HAL_PCD_EP_SetStall
 .text.HAL_PCD_EP_ClrStall
                0x08001744       0x54 ./system/src/stm32f4-hal/stm32f4xx_hal_pcd.o
                0x08001744                HAL_PCD_EP_ClrStall
 .text.HAL_RCC_OscConfig
                0x08001798      0x2f8 ./system/src/stm32f4-hal/stm32f4xx_hal_rcc.o
                0x08001798                HAL_RCC_OscConfig
 .text.HAL_RCC_GetSysClockFreq
                0x08001a90       0xa0 ./system/src/stm32f4-hal/stm32f4xx_hal_rcc.o
                0x08001a90                HAL_RCC_GetSysClockFreq
 .text.HAL_RCC_GetHCLKFreq
                0x08001b30       0x38 ./system/src/stm32f4-hal/stm32f4xx_hal_rcc.o
                0x08001b30                HAL_RCC_GetHCLKFreq
 .text.HAL_RCC_ClockConfig
                0x08001b68      0x1c4 ./system/src/stm32f4-hal/stm32f4xx_hal_rcc.o
                0x08001b68                HAL_RCC_ClockConfig
 .text.HAL_RCC_GetPCLK1Freq
                0x08001d2c       0x30 ./system/src/stm32f4-hal/stm32f4xx_hal_rcc.o
                0x08001d2c                HAL_RCC_GetPCLK1Freq
 .text.HAL_RCC_GetPCLK2Freq
                0x08001d5c       0x30 ./system/src/stm32f4-hal/stm32f4xx_hal_rcc.o
                0x08001d5c                HAL_RCC_GetPCLK2Freq
 .text.HAL_TIM_Base_MspInit
                0x08001d8c        0x4 ./system/src/stm32f4-hal/stm32f4xx_hal_tim.o
                0x08001d8c                HAL_TIM_Base_MspInit
 .text.HAL_TIM_Base_Start_IT
                0x08001d90       0x18 ./system/src/stm32f4-hal/stm32f4xx_hal_tim.o
                0x08001d90                HAL_TIM_Base_Start_IT
 .text.HAL_TIM_OC_DelayElapsedCallback
                0x08001da8        0x4 ./system/src/stm32f4-hal/stm32f4xx_hal_tim.o
                0x08001da8                HAL_TIM_OC_DelayElapsedCallback
 .text.HAL_TIM_IC_CaptureCallback
                0x08001dac        0x4 ./system/src/stm32f4-hal/stm32f4xx_hal_tim.o
                0x08001dac                HAL_TIM_IC_CaptureCallback
 .text.HAL_TIM_PWM_PulseFinishedCallback
                0x08001db0        0x4 ./system/src/stm32f4-hal/stm32f4xx_hal_tim.o
                0x08001db0                HAL_TIM_PWM_PulseFinishedCallback
 .text.HAL_TIM_TriggerCallback
                0x08001db4        0x4 ./system/src/stm32f4-hal/stm32f4xx_hal_tim.o
                0x08001db4                HAL_TIM_TriggerCallback
 .text.HAL_TIM_IRQHandler
                0x08001db8      0x164 ./system/src/stm32f4-hal/stm32f4xx_hal_tim.o
                0x08001db8                HAL_TIM_IRQHandler
 .text.TIM_Base_SetConfig
                0x08001f1c       0xc8 ./system/src/stm32f4-hal/stm32f4xx_hal_tim.o
                0x08001f1c                TIM_Base_SetConfig
 .text.HAL_TIM_Base_Init
                0x08001fe4       0x30 ./system/src/stm32f4-hal/stm32f4xx_hal_tim.o
                0x08001fe4                HAL_TIM_Base_Init
 .text.HAL_TIMEx_CommutationCallback
                0x08002014        0x4 ./system/src/stm32f4-hal/stm32f4xx_hal_tim_ex.o
                0x08002014                HAL_TIMEx_CommutationCallback
 .text.HAL_TIMEx_BreakCallback
                0x08002018        0x4 ./system/src/stm32f4-hal/stm32f4xx_hal_tim_ex.o
                0x08002018                HAL_TIMEx_BreakCallback
 .text.UART_SetConfig
                0x0800201c      0x1b4 ./system/src/stm32f4-hal/stm32f4xx_hal_uart.o
 .text.UART_WaitOnFlagUntilTimeout.constprop.0
                0x080021d0       0x5c ./system/src/stm32f4-hal/stm32f4xx_hal_uart.o
 .text.HAL_UART_MspInit
                0x0800222c        0x4 ./system/src/stm32f4-hal/stm32f4xx_hal_uart.o
                0x0800222c                HAL_UART_MspInit
 .text.HAL_UART_Init
                0x08002230       0x58 ./system/src/stm32f4-hal/stm32f4xx_hal_uart.o
                0x08002230                HAL_UART_Init
 .text.HAL_UART_MspDeInit
                0x08002288        0x4 ./system/src/stm32f4-hal/stm32f4xx_hal_uart.o
                0x08002288                HAL_UART_MspDeInit
 .text.HAL_UART_DeInit
                0x0800228c       0x24 ./system/src/stm32f4-hal/stm32f4xx_hal_uart.o
                0x0800228c                HAL_UART_DeInit
 .text.HAL_UART_Receive_IT
                0x080022b0       0x68 ./system/src/stm32f4-hal/stm32f4xx_hal_uart.o
                0x080022b0                HAL_UART_Receive_IT
 .text.HAL_UART_Transmit_DMA
                0x08002318       0x88 ./system/src/stm32f4-hal/stm32f4xx_hal_uart.o
                0x08002318                HAL_UART_Transmit_DMA
 .text.HAL_UART_TxHalfCpltCallback
                0x080023a0        0x4 ./system/src/stm32f4-hal/stm32f4xx_hal_uart.o
                0x080023a0                HAL_UART_TxHalfCpltCallback
 .text.UART_DMATxHalfCplt
                0x080023a4        0xc ./system/src/stm32f4-hal/stm32f4xx_hal_uart.o
 .text.UART_DMAError
                0x080023b0       0x24 ./system/src/stm32f4-hal/stm32f4xx_hal_uart.o
 .text.UART_DMATransmitCplt
                0x080023d4       0x48 ./system/src/stm32f4-hal/stm32f4xx_hal_uart.o
 .text.HAL_UART_IRQHandler
                0x0800241c      0x220 ./system/src/stm32f4-hal/stm32f4xx_hal_uart.o
                0x0800241c                HAL_UART_IRQHandler
 .text.USB_EnableGlobalInt
                0x0800263c       0x10 ./system/src/stm32f4-hal/stm32f4xx_ll_usb.o
                0x0800263c                USB_EnableGlobalInt
 .text.USB_FlushTxFifo
                0x0800264c       0x24 ./system/src/stm32f4-hal/stm32f4xx_ll_usb.o
                0x0800264c                USB_FlushTxFifo
 .text.USB_GetDevSpeed
                0x08002670       0x3c ./system/src/stm32f4-hal/stm32f4xx_ll_usb.o
                0x08002670                USB_GetDevSpeed
 .text.USB_ActivateEndpoint
                0x080026ac       0x90 ./system/src/stm32f4-hal/stm32f4xx_ll_usb.o
                0x080026ac                USB_ActivateEndpoint
 .text.USB_DeactivateEndpoint
                0x0800273c       0x84 ./system/src/stm32f4-hal/stm32f4xx_ll_usb.o
                0x0800273c                USB_DeactivateEndpoint
 .text.USB_EPStartXfer
                0x080027c0      0x284 ./system/src/stm32f4-hal/stm32f4xx_ll_usb.o
                0x080027c0                USB_EPStartXfer
 .text.USB_EP0StartXfer
                0x08002a44      0x17c ./system/src/stm32f4-hal/stm32f4xx_ll_usb.o
                0x08002a44                USB_EP0StartXfer
 .text.USB_WritePacket
                0x08002bc0       0x28 ./system/src/stm32f4-hal/stm32f4xx_ll_usb.o
                0x08002bc0                USB_WritePacket
 .text.USB_ReadPacket
                0x08002be8       0x28 ./system/src/stm32f4-hal/stm32f4xx_ll_usb.o
                0x08002be8                USB_ReadPacket
 .text.USB_EPSetStall
                0x08002c10       0x40 ./system/src/stm32f4-hal/stm32f4xx_ll_usb.o
                0x08002c10                USB_EPSetStall
 .text.USB_EPClearStall
                0x08002c50       0x3c ./system/src/stm32f4-hal/stm32f4xx_ll_usb.o
                0x08002c50                USB_EPClearStall
 .text.USB_SetDevAddress
                0x08002c8c       0x20 ./system/src/stm32f4-hal/stm32f4xx_ll_usb.o
                0x08002c8c                USB_SetDevAddress
 .text.USB_DevConnect
                0x08002cac       0x18 ./system/src/stm32f4-hal/stm32f4xx_ll_usb.o
                0x08002cac                USB_DevConnect
 .text.USB_ReadInterrupts
                0x08002cc4        0x8 ./system/src/stm32f4-hal/stm32f4xx_ll_usb.o
                0x08002cc4                USB_ReadInterrupts
 .text.USB_ReadDevAllOutEpInterrupt
                0x08002ccc       0x10 ./system/src/stm32f4-hal/stm32f4xx_ll_usb.o
                0x08002ccc                USB_ReadDevAllOutEpInterrupt
 .text.USB_ReadDevAllInEpInterrupt
                0x08002cdc       0x10 ./system/src/stm32f4-hal/stm32f4xx_ll_usb.o
                0x08002cdc                USB_ReadDevAllInEpInterrupt
 .text.USB_ReadDevOutEPInterrupt
                0x08002cec       0x14 ./system/src/stm32f4-hal/stm32f4xx_ll_usb.o
                0x08002cec                USB_ReadDevOutEPInterrupt
 .text.USB_ReadDevInEPInterrupt
                0x08002d00       0x28 ./system/src/stm32f4-hal/stm32f4xx_ll_usb.o
                0x08002d00                USB_ReadDevInEPInterrupt
 .text.USB_GetMode
                0x08002d28        0x8 ./system/src/stm32f4-hal/stm32f4xx_ll_usb.o
                0x08002d28                USB_GetMode
 .text.USB_ActivateSetup
                0x08002d30       0x38 ./system/src/stm32f4-hal/stm32f4xx_ll_usb.o
                0x08002d30                USB_ActivateSetup
 .text.USB_EP0_OutStart
                0x08002d68       0x44 ./system/src/stm32f4-hal/stm32f4xx_ll_usb.o
                0x08002d68                USB_EP0_OutStart
 .text._exit    0x08002dac        0x6 ./system/src/newlib/_exit.o
                0x08002dac                _exit
 *fill*         0x08002db2        0x2 
 .text._sbrk    0x08002db4       0x40 ./system/src/newlib/_sbrk.o
                0x08002db4                _sbrk
 .text.__initialize_args
                0x08002df4       0x10 ./system/src/newlib/_syscalls.o
                0x08002df4                __initialize_args
 .text.__initialize_hardware
                0x08002e04        0x4 ./system/src/cortexm/_initialize_hardware.o
                0x08002e04                __initialize_hardware
 .text.__reset_hardware
                0x08002e08       0x20 ./system/src/cortexm/_reset_hardware.o
                0x08002e08                __reset_hardware
 .text.SystemInit
                0x08002e28       0x40 ./system/src/CMSIS/system_stm32f4xx.o
                0x08002e28                SystemInit
 .text.SystemCoreClockUpdate
                0x08002e68       0x74 ./system/src/CMSIS/system_stm32f4xx.o
                0x08002e68                SystemCoreClockUpdate
 .text.USBD_Init
                0x08002edc       0x2a ./system/STM32_USB_Device_Library/Core/Src/usbd_core.o
                0x08002edc                USBD_Init
 .text.USBD_RegisterClass
                0x08002f06        0xe ./system/STM32_USB_Device_Library/Core/Src/usbd_core.o
                0x08002f06                USBD_RegisterClass
 .text.USBD_Start
                0x08002f14        0xa ./system/STM32_USB_Device_Library/Core/Src/usbd_core.o
                0x08002f14                USBD_Start
 .text.USBD_SetClassConfig
                0x08002f1e       0x16 ./system/STM32_USB_Device_Library/Core/Src/usbd_core.o
                0x08002f1e                USBD_SetClassConfig
 .text.USBD_ClrClassConfig
                0x08002f34        0xe ./system/STM32_USB_Device_Library/Core/Src/usbd_core.o
                0x08002f34                USBD_ClrClassConfig
 .text.USBD_LL_SetupStage
                0x08002f42       0x5a ./system/STM32_USB_Device_Library/Core/Src/usbd_core.o
                0x08002f42                USBD_LL_SetupStage
 .text.USBD_LL_DataOutStage
                0x08002f9c       0x60 ./system/STM32_USB_Device_Library/Core/Src/usbd_core.o
                0x08002f9c                USBD_LL_DataOutStage
 .text.USBD_LL_DataInStage
                0x08002ffc       0x8a ./system/STM32_USB_Device_Library/Core/Src/usbd_core.o
                0x08002ffc                USBD_LL_DataInStage
 .text.USBD_LL_Reset
                0x08003086       0x3e ./system/STM32_USB_Device_Library/Core/Src/usbd_core.o
                0x08003086                USBD_LL_Reset
 .text.USBD_LL_SetSpeed
                0x080030c4        0x6 ./system/STM32_USB_Device_Library/Core/Src/usbd_core.o
                0x080030c4                USBD_LL_SetSpeed
 .text.USBD_LL_Suspend
                0x080030ca       0x12 ./system/STM32_USB_Device_Library/Core/Src/usbd_core.o
                0x080030ca                USBD_LL_Suspend
 .text.USBD_LL_Resume
                0x080030dc        0xc ./system/STM32_USB_Device_Library/Core/Src/usbd_core.o
                0x080030dc                USBD_LL_Resume
 .text.USBD_LL_SOF
                0x080030e8       0x18 ./system/STM32_USB_Device_Library/Core/Src/usbd_core.o
                0x080030e8                USBD_LL_SOF
 .text.USBD_LL_IsoINIncomplete
                0x08003100        0x4 ./system/STM32_USB_Device_Library/Core/Src/usbd_core.o
                0x08003100                USBD_LL_IsoINIncomplete
 .text.USBD_LL_IsoOUTIncomplete
                0x08003104        0x4 ./system/STM32_USB_Device_Library/Core/Src/usbd_core.o
                0x08003104                USBD_LL_IsoOUTIncomplete
 .text.USBD_LL_DevConnected
                0x08003108        0x4 ./system/STM32_USB_Device_Library/Core/Src/usbd_core.o
                0x08003108                USBD_LL_DevConnected
 .text.USBD_LL_DevDisconnected
                0x0800310c       0x16 ./system/STM32_USB_Device_Library/Core/Src/usbd_core.o
                0x0800310c                USBD_LL_DevDisconnected
 .text.USBD_ParseSetupRequest
                0x08003122       0x28 ./system/STM32_USB_Device_Library/Core/Src/usbd_ctlreq.o
                0x08003122                USBD_ParseSetupRequest
 .text.USBD_CtlError
                0x0800314a       0x16 ./system/STM32_USB_Device_Library/Core/Src/usbd_ctlreq.o
                0x0800314a                USBD_CtlError
 .text.USBD_StdDevReq
                0x08003160      0x218 ./system/STM32_USB_Device_Library/Core/Src/usbd_ctlreq.o
                0x08003160                USBD_StdDevReq
 .text.USBD_StdItfReq
                0x08003378       0x30 ./system/STM32_USB_Device_Library/Core/Src/usbd_ctlreq.o
                0x08003378                USBD_StdItfReq
 .text.USBD_StdEPReq
                0x080033a8       0xb4 ./system/STM32_USB_Device_Library/Core/Src/usbd_ctlreq.o
                0x080033a8                USBD_StdEPReq
 .text.USBD_GetString
                0x0800345c       0x3c ./system/STM32_USB_Device_Library/Core/Src/usbd_ctlreq.o
                0x0800345c                USBD_GetString
 .text.USBD_CtlSendData
                0x08003498       0x1c ./system/STM32_USB_Device_Library/Core/Src/usbd_ioreq.o
                0x08003498                USBD_CtlSendData
 .text.USBD_CtlContinueSendData
                0x080034b4       0x12 ./system/STM32_USB_Device_Library/Core/Src/usbd_ioreq.o
                0x080034b4                USBD_CtlContinueSendData
 .text.USBD_CtlPrepareRx
                0x080034c6       0x20 ./system/STM32_USB_Device_Library/Core/Src/usbd_ioreq.o
                0x080034c6                USBD_CtlPrepareRx
 .text.USBD_CtlContinueRx
                0x080034e6       0x12 ./system/STM32_USB_Device_Library/Core/Src/usbd_ioreq.o
                0x080034e6                USBD_CtlContinueRx
 .text.USBD_CtlSendStatus
                0x080034f8       0x16 ./system/STM32_USB_Device_Library/Core/Src/usbd_ioreq.o
                0x080034f8                USBD_CtlSendStatus
 .text.USBD_CtlReceiveStatus
                0x0800350e       0x16 ./system/STM32_USB_Device_Library/Core/Src/usbd_ioreq.o
                0x0800350e                USBD_CtlReceiveStatus
 .text.USBD_CDC_DataIn
                0x08003524       0x12 ./system/STM32_USB_Device_Library/Class/CDC/Src/usbd_cdc.o
 .text.USBD_CDC_EP0_RxReady
                0x08003536       0x28 ./system/STM32_USB_Device_Library/Class/CDC/Src/usbd_cdc.o
 *fill*         0x0800355e        0x2 
 .text.USBD_CDC_GetFSCfgDesc
                0x08003560        0xc ./system/STM32_USB_Device_Library/Class/CDC/Src/usbd_cdc.o
 .text.USBD_CDC_GetHSCfgDesc
                0x0800356c        0xc ./system/STM32_USB_Device_Library/Class/CDC/Src/usbd_cdc.o
 .text.USBD_CDC_GetOtherSpeedCfgDesc
                0x08003578        0xc ./system/STM32_USB_Device_Library/Class/CDC/Src/usbd_cdc.o
 .text.USBD_CDC_GetDeviceQualifierDescriptor
                0x08003584        0xc ./system/STM32_USB_Device_Library/Class/CDC/Src/usbd_cdc.o
                0x08003584                USBD_CDC_GetDeviceQualifierDescriptor
 .text.USBD_CDC_DataOut
                0x08003590       0x2e ./system/STM32_USB_Device_Library/Class/CDC/Src/usbd_cdc.o
 .text.USBD_CDC_Setup
                0x080035be       0x4e ./system/STM32_USB_Device_Library/Class/CDC/Src/usbd_cdc.o
 .text.USBD_CDC_DeInit
                0x0800360c       0x3a ./system/STM32_USB_Device_Library/Class/CDC/Src/usbd_cdc.o
 .text.USBD_CDC_Init
                0x08003646       0x86 ./system/STM32_USB_Device_Library/Class/CDC/Src/usbd_cdc.o
 .text.USBD_CDC_RegisterInterface
                0x080036cc        0xe ./system/STM32_USB_Device_Library/Class/CDC/Src/usbd_cdc.o
                0x080036cc                USBD_CDC_RegisterInterface
 .text.USBD_CDC_SetTxBuffer
                0x080036da       0x10 ./system/STM32_USB_Device_Library/Class/CDC/Src/usbd_cdc.o
                0x080036da                USBD_CDC_SetTxBuffer
 .text.USBD_CDC_SetRxBuffer
                0x080036ea        0xc ./system/STM32_USB_Device_Library/Class/CDC/Src/usbd_cdc.o
                0x080036ea                USBD_CDC_SetRxBuffer
 .text.USBD_CDC_TransmitPacket
                0x080036f6       0x2e ./system/STM32_USB_Device_Library/Class/CDC/Src/usbd_cdc.o
                0x080036f6                USBD_CDC_TransmitPacket
 .text.USBD_CDC_ReceivePacket
                0x08003724       0x26 ./system/STM32_USB_Device_Library/Class/CDC/Src/usbd_cdc.o
                0x08003724                USBD_CDC_ReceivePacket
 *fill*         0x0800374a        0x2 
 .text.BSP_LED_Init
                0x0800374c       0x5c ./system/BSP/STM32F4-Discovery/stm32f4_discovery.o
                0x0800374c                BSP_LED_Init
 .text.BSP_LED_Toggle
                0x080037a8       0x1c ./system/BSP/STM32F4-Discovery/stm32f4_discovery.o
                0x080037a8                BSP_LED_Toggle
 .text.configure_system_clock
                0x080037c4       0x68 ./src/main.o
                0x080037c4                configure_system_clock
 .text.startup.main
                0x0800382c       0x70 ./src/main.o
                0x0800382c                main
 .text.NMI_Handler
                0x0800389c        0x2 ./src/stm32f4xx_it.o
                0x0800389c                NMI_Handler
 .text.HardFault_Handler
                0x0800389e        0x2 ./src/stm32f4xx_it.o
                0x0800389e                HardFault_Handler
 .text.MemManage_Handler
                0x080038a0        0x2 ./src/stm32f4xx_it.o
                0x080038a0                MemManage_Handler
 .text.BusFault_Handler
                0x080038a2        0x2 ./src/stm32f4xx_it.o
                0x080038a2                BusFault_Handler
 .text.UsageFault_Handler
                0x080038a4        0x2 ./src/stm32f4xx_it.o
                0x080038a4                UsageFault_Handler
 .text.SVC_Handler
                0x080038a6        0x2 ./src/stm32f4xx_it.o
                0x080038a6                SVC_Handler
 .text.DebugMon_Handler
                0x080038a8        0x2 ./src/stm32f4xx_it.o
                0x080038a8                DebugMon_Handler
 .text.PendSV_Handler
                0x080038aa        0x2 ./src/stm32f4xx_it.o
                0x080038aa                PendSV_Handler
 .text.SysTick_Handler
                0x080038ac        0x4 ./src/stm32f4xx_it.o
                0x080038ac                SysTick_Handler
 .text.OTG_HS_IRQHandler
                0x080038b0        0xc ./src/stm32f4xx_it.o
                0x080038b0                OTG_HS_IRQHandler
 .text.DMA2_Stream7_IRQHandler
                0x080038bc        0xc ./src/stm32f4xx_it.o
                0x080038bc                DMA2_Stream7_IRQHandler
 .text.USART1_IRQHandler
                0x080038c8        0xc ./src/stm32f4xx_it.o
                0x080038c8                USART1_IRQHandler
 .text.TIM3_IRQHandler
                0x080038d4        0xc ./src/stm32f4xx_it.o
                0x080038d4                TIM3_IRQHandler
 .text.CDC_Itf_Receive
                0x080038e0       0x18 ./src/usbd_cdc_interface.o
 .text.CDC_Itf_DeInit
                0x080038f8       0x10 ./src/usbd_cdc_interface.o
 .text.CDC_Itf_Init
                0x08003908       0x80 ./src/usbd_cdc_interface.o
 .text.CDC_Itf_Control
                0x08003988       0xdc ./src/usbd_cdc_interface.o
 .text.HAL_TIM_PeriodElapsedCallback
                0x08003a64       0x50 ./src/usbd_cdc_interface.o
                0x08003a64                HAL_TIM_PeriodElapsedCallback
 .text.HAL_UART_RxCpltCallback
                0x08003ab4       0x24 ./src/usbd_cdc_interface.o
                0x08003ab4                HAL_UART_RxCpltCallback
 .text.HAL_UART_TxCpltCallback
                0x08003ad8        0xc ./src/usbd_cdc_interface.o
                0x08003ad8                HAL_UART_TxCpltCallback
 .text.HAL_UART_ErrorCallback
                0x08003ae4        0x2 ./src/usbd_cdc_interface.o
                0x08003ae4                HAL_UART_ErrorCallback
 .text.HAL_PCD_SetupStageCallback
                0x08003ae6        0xe ./src/usbd_conf.o
                0x08003ae6                HAL_PCD_SetupStageCallback
 .text.HAL_PCD_DataOutStageCallback
                0x08003af4       0x12 ./src/usbd_conf.o
                0x08003af4                HAL_PCD_DataOutStageCallback
 .text.HAL_PCD_DataInStageCallback
                0x08003b06       0x10 ./src/usbd_conf.o
                0x08003b06                HAL_PCD_DataInStageCallback
 .text.HAL_PCD_SOFCallback
                0x08003b16        0x8 ./src/usbd_conf.o
                0x08003b16                HAL_PCD_SOFCallback
 .text.HAL_PCD_ResetCallback
                0x08003b1e       0x20 ./src/usbd_conf.o
                0x08003b1e                HAL_PCD_ResetCallback
 .text.HAL_PCD_SuspendCallback
                0x08003b3e        0x8 ./src/usbd_conf.o
                0x08003b3e                HAL_PCD_SuspendCallback
 .text.HAL_PCD_ResumeCallback
                0x08003b46        0x8 ./src/usbd_conf.o
                0x08003b46                HAL_PCD_ResumeCallback
 .text.HAL_PCD_ISOOUTIncompleteCallback
                0x08003b4e        0x8 ./src/usbd_conf.o
                0x08003b4e                HAL_PCD_ISOOUTIncompleteCallback
 .text.HAL_PCD_ISOINIncompleteCallback
                0x08003b56        0x8 ./src/usbd_conf.o
                0x08003b56                HAL_PCD_ISOINIncompleteCallback
 .text.HAL_PCD_ConnectCallback
                0x08003b5e        0x8 ./src/usbd_conf.o
                0x08003b5e                HAL_PCD_ConnectCallback
 .text.HAL_PCD_DisconnectCallback
                0x08003b66        0x8 ./src/usbd_conf.o
                0x08003b66                HAL_PCD_DisconnectCallback
 *fill*         0x08003b6e        0x2 
 .text.USBD_LL_Init
                0x08003b70       0x10 ./src/usbd_conf.o
                0x08003b70                USBD_LL_Init
 .text.USBD_LL_Start
                0x08003b80        0xe ./src/usbd_conf.o
                0x08003b80                USBD_LL_Start
 .text.USBD_LL_OpenEP
                0x08003b8e       0x14 ./src/usbd_conf.o
                0x08003b8e                USBD_LL_OpenEP
 .text.USBD_LL_CloseEP
                0x08003ba2        0xe ./src/usbd_conf.o
                0x08003ba2                USBD_LL_CloseEP
 .text.USBD_LL_StallEP
                0x08003bb0        0xe ./src/usbd_conf.o
                0x08003bb0                USBD_LL_StallEP
 .text.USBD_LL_ClearStallEP
                0x08003bbe        0xe ./src/usbd_conf.o
                0x08003bbe                USBD_LL_ClearStallEP
 .text.USBD_LL_IsStallEP
                0x08003bcc       0x26 ./src/usbd_conf.o
                0x08003bcc                USBD_LL_IsStallEP
 .text.USBD_LL_SetUSBAddress
                0x08003bf2        0xe ./src/usbd_conf.o
                0x08003bf2                USBD_LL_SetUSBAddress
 .text.USBD_LL_Transmit
                0x08003c00        0xe ./src/usbd_conf.o
                0x08003c00                USBD_LL_Transmit
 .text.USBD_LL_PrepareReceive
                0x08003c0e        0xe ./src/usbd_conf.o
                0x08003c0e                USBD_LL_PrepareReceive
 .text.USBD_LL_GetRxDataSize
                0x08003c1c        0xc ./src/usbd_conf.o
                0x08003c1c                USBD_LL_GetRxDataSize
 .text.USBD_VCP_DeviceDescriptor
                0x08003c28        0xc ./src/usbd_desc.o
                0x08003c28                USBD_VCP_DeviceDescriptor
 .text.USBD_VCP_LangIDStrDescriptor
                0x08003c34        0xc ./src/usbd_desc.o
                0x08003c34                USBD_VCP_LangIDStrDescriptor
 .text.USBD_VCP_ManufacturerStrDescriptor
                0x08003c40       0x1c ./src/usbd_desc.o
                0x08003c40                USBD_VCP_ManufacturerStrDescriptor
 .text.USBD_VCP_ProductStrDescriptor
                0x08003c5c       0x24 ./src/usbd_desc.o
                0x08003c5c                USBD_VCP_ProductStrDescriptor
 .text.USBD_VCP_SerialStrDescriptor
                0x08003c80       0x24 ./src/usbd_desc.o
                0x08003c80                USBD_VCP_SerialStrDescriptor
 .text.USBD_VCP_ConfigStrDescriptor
                0x08003ca4       0x1c ./src/usbd_desc.o
                0x08003ca4                USBD_VCP_ConfigStrDescriptor
 .text.USBD_VCP_InterfaceStrDescriptor
                0x08003cc0       0x1c ./src/usbd_desc.o
                0x08003cc0                USBD_VCP_InterfaceStrDescriptor
 .text.__errno  0x08003cdc        0xc c:/armgcc/4.8_2014_q2/bin/../lib/gcc/arm-none-eabi/4.8.4/../../../../arm-none-eabi/lib/armv7e-m\libg.a(lib_a-errno.o)
                0x08003cdc                __errno
 .text.malloc   0x08003ce8       0x10 c:/armgcc/4.8_2014_q2/bin/../lib/gcc/arm-none-eabi/4.8.4/../../../../arm-none-eabi/lib/armv7e-m\libg.a(lib_a-malloc.o)
                0x08003ce8                malloc
 .text.free     0x08003cf8       0x10 c:/armgcc/4.8_2014_q2/bin/../lib/gcc/arm-none-eabi/4.8.4/../../../../arm-none-eabi/lib/armv7e-m\libg.a(lib_a-malloc.o)
                0x08003cf8                free
 .text._malloc_r
                0x08003d08      0x538 c:/armgcc/4.8_2014_q2/bin/../lib/gcc/arm-none-eabi/4.8.4/../../../../arm-none-eabi/lib/armv7e-m\libg.a(lib_a-mallocr.o)
                0x08003d08                _malloc_r
 .text.__malloc_lock
                0x08004240        0x4 c:/armgcc/4.8_2014_q2/bin/../lib/gcc/arm-none-eabi/4.8.4/../../../../arm-none-eabi/lib/armv7e-m\libg.a(lib_a-mlock.o)
                0x08004240                __malloc_lock
 .text.__malloc_unlock
                0x08004244        0x4 c:/armgcc/4.8_2014_q2/bin/../lib/gcc/arm-none-eabi/4.8.4/../../../../arm-none-eabi/lib/armv7e-m\libg.a(lib_a-mlock.o)
                0x08004244                __malloc_unlock
 .text._sbrk_r  0x08004248       0x24 c:/armgcc/4.8_2014_q2/bin/../lib/gcc/arm-none-eabi/4.8.4/../../../../arm-none-eabi/lib/armv7e-m\libg.a(lib_a-sbrkr.o)
                0x08004248                _sbrk_r
 .text._malloc_trim_r
                0x0800426c       0x9c c:/armgcc/4.8_2014_q2/bin/../lib/gcc/arm-none-eabi/4.8.4/../../../../arm-none-eabi/lib/armv7e-m\libg.a(lib_a-freer.o)
                0x0800426c                _malloc_trim_r
 .text._free_r  0x08004308      0x19c c:/armgcc/4.8_2014_q2/bin/../lib/gcc/arm-none-eabi/4.8.4/../../../../arm-none-eabi/lib/armv7e-m\libg.a(lib_a-freer.o)
                0x08004308                _free_r
 *(.rodata .rodata.*)
 .rodata.APBAHBPrescTable
                0x080044a4       0x10 ./system/src/stm32f4-hal/stm32f4xx_hal_rcc.o
                0x080044a4                APBAHBPrescTable
 .rodata.GPIO_PIN
                0x080044b4        0x8 ./system/BSP/STM32F4-Discovery/stm32f4_discovery.o
                0x080044b4                GPIO_PIN
 .rodata.str1.1
                0x080044bc       0x88 ./src/usbd_desc.o
 .rodata.str1.4
                0x08004544        0x4 c:/armgcc/4.8_2014_q2/bin/../lib/gcc/arm-none-eabi/4.8.4/../../../../arm-none-eabi/lib/armv7e-m\libg.a(lib_a-impure.o)
 *(vtable)
 *(.eh_frame*)
 *(.glue_7)
 .glue_7        0x00000000        0x0 linker stubs
 *(.glue_7t)
 .glue_7t       0x00000000        0x0 linker stubs

.vfp11_veneer   0x08004548        0x0
 .vfp11_veneer  0x00000000        0x0 linker stubs

.v4_bx          0x08004548        0x0
 .v4_bx         0x00000000        0x0 linker stubs

.iplt           0x08004548        0x0
 .iplt          0x00000000        0x0 ./system/src/stm32f4-hal/stm32f4xx_hal.o

.rel.dyn        0x08004548        0x0
 .rel.iplt      0x00000000        0x0 ./system/src/stm32f4-hal/stm32f4xx_hal.o

.ARM.extab
 *(.ARM.extab* .gnu.linkonce.armextab.*)
                0x08004548                __exidx_start = .

.ARM.exidx
 *(.ARM.exidx* .gnu.linkonce.armexidx.*)
                0x08004548                __exidx_end = .
                0x08004548                . = ALIGN (0x4)
                0x08004548                _etext = .
                0x08004548                __etext = .
                0x08004548                _sidata = _etext

.data           0x20000000      0x9c4 load address 0x08004548
                0x20000000                . = ALIGN (0x4)
                0x20000000                _sdata = .
                0x20000000                __data_start__ = .
 *(.data_begin .data_begin.*)
 *(.data .data.*)
 .data.argv.4014
                0x20000000        0x8 ./system/src/newlib/_syscalls.o
 .data.AHBPrescTable
                0x20000008       0x10 ./system/src/CMSIS/system_stm32f4xx.o
                0x20000008                AHBPrescTable
 .data.SystemCoreClock
                0x20000018        0x4 ./system/src/CMSIS/system_stm32f4xx.o
                0x20000018                SystemCoreClock
 .data.USBD_CDC_CfgFSDesc
                0x2000001c       0x44 ./system/STM32_USB_Device_Library/Class/CDC/Src/usbd_cdc.o
                0x2000001c                USBD_CDC_CfgFSDesc
 .data.USBD_CDC
                0x20000060       0x38 ./system/STM32_USB_Device_Library/Class/CDC/Src/usbd_cdc.o
                0x20000060                USBD_CDC
 .data.USBD_CDC_DeviceQualifierDesc
                0x20000098        0xc ./system/STM32_USB_Device_Library/Class/CDC/Src/usbd_cdc.o
 .data.USBD_CDC_OtherSpeedCfgDesc
                0x200000a4       0x44 ./system/STM32_USB_Device_Library/Class/CDC/Src/usbd_cdc.o
                0x200000a4                USBD_CDC_OtherSpeedCfgDesc
 .data.USBD_CDC_CfgHSDesc
                0x200000e8       0x44 ./system/STM32_USB_Device_Library/Class/CDC/Src/usbd_cdc.o
                0x200000e8                USBD_CDC_CfgHSDesc
 .data.GPIO_PORT
                0x2000012c       0x10 ./system/BSP/STM32F4-Discovery/stm32f4_discovery.o
                0x2000012c                GPIO_PORT
 .data.LineCoding
                0x2000013c        0x8 ./src/usbd_cdc_interface.o
                0x2000013c                LineCoding
 .data.USBD_CDC_fops
                0x20000144       0x10 ./src/usbd_cdc_interface.o
                0x20000144                USBD_CDC_fops
 .data.hUSBDDeviceDesc
                0x20000154       0x14 ./src/usbd_desc.o
                0x20000154                hUSBDDeviceDesc
 .data.VCP_Desc
                0x20000168       0x1c ./src/usbd_desc.o
                0x20000168                VCP_Desc
 .data.USBD_LangIDDesc
                0x20000184        0x4 ./src/usbd_desc.o
                0x20000184                USBD_LangIDDesc
 .data.impure_data
                0x20000188      0x428 c:/armgcc/4.8_2014_q2/bin/../lib/gcc/arm-none-eabi/4.8.4/../../../../arm-none-eabi/lib/armv7e-m\libg.a(lib_a-impure.o)
 .data._impure_ptr
                0x200005b0        0x4 c:/armgcc/4.8_2014_q2/bin/../lib/gcc/arm-none-eabi/4.8.4/../../../../arm-none-eabi/lib/armv7e-m\libg.a(lib_a-impure.o)
                0x200005b0                _impure_ptr
 .data.__malloc_av_
                0x200005b4      0x408 c:/armgcc/4.8_2014_q2/bin/../lib/gcc/arm-none-eabi/4.8.4/../../../../arm-none-eabi/lib/armv7e-m\libg.a(lib_a-mallocr.o)
                0x200005b4                __malloc_av_
 .data.__malloc_trim_threshold
                0x200009bc        0x4 c:/armgcc/4.8_2014_q2/bin/../lib/gcc/arm-none-eabi/4.8.4/../../../../arm-none-eabi/lib/armv7e-m\libg.a(lib_a-mallocr.o)
                0x200009bc                __malloc_trim_threshold
 .data.__malloc_sbrk_base
                0x200009c0        0x4 c:/armgcc/4.8_2014_q2/bin/../lib/gcc/arm-none-eabi/4.8.4/../../../../arm-none-eabi/lib/armv7e-m\libg.a(lib_a-mallocr.o)
                0x200009c0                __malloc_sbrk_base
 *(.data_end .data_end.*)
                0x200009c4                . = ALIGN (0x4)
                0x200009c4                _edata = .
                0x200009c4                __data_end__ = .

.igot.plt       0x200009c4        0x0 load address 0x08004f0c
 .igot.plt      0x00000000        0x0 ./system/src/stm32f4-hal/stm32f4xx_hal.o

.bss            0x200009c4     0x1798 load address 0x08004f0c
                0x200009c4                . = ALIGN (0x4)
                0x200009c4                __bss_start__ = .
                0x200009c4                _sbss = .
 *(.bss_begin .bss_begin.*)
 *(.bss .bss.*)
 .bss.uwTick    0x200009c4        0x4 ./system/src/stm32f4-hal/stm32f4xx_hal.o
 .bss.current_heap_end.3842
                0x200009c8        0x4 ./system/src/newlib/_sbrk.o
 .bss.name.4013
                0x200009cc        0x1 ./system/src/newlib/_syscalls.o
 .bss.cfgidx.8652
                0x200009cd        0x1 ./system/STM32_USB_Device_Library/Core/Src/usbd_ctlreq.o
 *fill*         0x200009ce        0x2 
 .bss.UserTxBufPtrIn
                0x200009d0        0x4 ./src/usbd_cdc_interface.o
                0x200009d0                UserTxBufPtrIn
 .bss.UserTxBufPtrOut
                0x200009d4        0x4 ./src/usbd_cdc_interface.o
                0x200009d4                UserTxBufPtrOut
 .bss.__malloc_max_total_mem
                0x200009d8        0x4 c:/armgcc/4.8_2014_q2/bin/../lib/gcc/arm-none-eabi/4.8.4/../../../../arm-none-eabi/lib/armv7e-m\libg.a(lib_a-mallocr.o)
                0x200009d8                __malloc_max_total_mem
 .bss.__malloc_max_sbrked_mem
                0x200009dc        0x4 c:/armgcc/4.8_2014_q2/bin/../lib/gcc/arm-none-eabi/4.8.4/../../../../arm-none-eabi/lib/armv7e-m\libg.a(lib_a-mallocr.o)
                0x200009dc                __malloc_max_sbrked_mem
 .bss.__malloc_top_pad
                0x200009e0        0x4 c:/armgcc/4.8_2014_q2/bin/../lib/gcc/arm-none-eabi/4.8.4/../../../../arm-none-eabi/lib/armv7e-m\libg.a(lib_a-mallocr.o)
                0x200009e0                __malloc_top_pad
 .bss.__malloc_current_mallinfo
                0x200009e4       0x28 c:/armgcc/4.8_2014_q2/bin/../lib/gcc/arm-none-eabi/4.8.4/../../../../arm-none-eabi/lib/armv7e-m\libg.a(lib_a-mallocr.o)
                0x200009e4                __malloc_current_mallinfo
 *(COMMON)
 COMMON         0x20000a0c        0x4 ./system/src/newlib/_syscalls.o
                0x20000a0c                errno
 COMMON         0x20000a10      0x224 ./src/main.o
                0x20000a10                hUSBDDevice
 COMMON         0x20000c34     0x1078 ./src/usbd_cdc_interface.o
                0x20000c34                UartHandle
                0x20000c70                UserTxBuffer
                0x20001470                UserRxBuffer
                0x20001c70                TimHandle
 COMMON         0x20001cac      0x3b0 ./src/usbd_conf.o
                0x20001cac                hpcd
 COMMON         0x2000205c      0x100 ./src/usbd_desc.o
                0x2000205c                USBD_StrDesc
 *(.bss_end .bss_end.*)
                0x2000215c                . = ALIGN (0x4)
                0x2000215c                __bss_end__ = .
                0x2000215c                _ebss = .

.noinit         0x2000215c        0x0
                0x2000215c                . = ALIGN (0x4)
                0x2000215c                _noinit = .
 *(.noinit .noinit.*)
                0x2000215c                . = ALIGN (0x4)
                0x2000215c                _end_noinit = .
                0x2000215c                PROVIDE (end, _end_noinit)
                0x2000215c                PROVIDE (_end, _end_noinit)
                0x2000215c                PROVIDE (__end, _end_noinit)
                0x2000215c                PROVIDE (__end__, _end_noinit)

._check_stack   0x2000215c      0x100 load address 0x080066a4
                0x2000215c                . = ALIGN (0x4)
                0x2000225c                . = (. + _Minimum_Stack_Size)
 *fill*         0x2000215c      0x100 
                0x2000225c                . = ALIGN (0x4)

.bss_CCMRAM
 *(.bss.CCMRAM .bss.CCMRAM.*)

.b1text
 *(.b1text)
 *(.b1rodata)
 *(.b1rodata.*)

.eb0text
 *(.eb0text)
 *(.eb0rodata)
 *(.eb0rodata.*)

.eb1text
 *(.eb1text)
 *(.eb1rodata)
 *(.eb1rodata.*)

.eb2text
 *(.eb2text)
 *(.eb2rodata)
 *(.eb2rodata.*)

.eb3text
 *(.eb3text)
 *(.eb3rodata)
 *(.eb3rodata.*)

.stab
 *(.stab)

.stabstr
 *(.stabstr)

.stab.excl
 *(.stab.excl)

.stab.exclstr
 *(.stab.exclstr)

.stab.index
 *(.stab.index)

.stab.indexstr
 *(.stab.indexstr)

.comment        0x00000000       0x70
 *(.comment)
 .comment       0x00000000       0x70 ./system/src/stm32f4-hal/stm32f4xx_hal.o
                                 0x71 (size before relaxing)
 .comment       0x00000000       0x71 ./system/src/stm32f4-hal/stm32f4xx_hal_cortex.o
 .comment       0x00000000       0x71 ./system/src/stm32f4-hal/stm32f4xx_hal_dma.o
 .comment       0x00000000       0x71 ./system/src/stm32f4-hal/stm32f4xx_hal_gpio.o
 .comment       0x00000000       0x71 ./system/src/stm32f4-hal/stm32f4xx_hal_pcd.o
 .comment       0x00000000       0x71 ./system/src/stm32f4-hal/stm32f4xx_hal_rcc.o
 .comment       0x00000000       0x71 ./system/src/stm32f4-hal/stm32f4xx_hal_tim.o
 .comment       0x00000000       0x71 ./system/src/stm32f4-hal/stm32f4xx_hal_tim_ex.o
 .comment       0x00000000       0x71 ./system/src/stm32f4-hal/stm32f4xx_hal_uart.o
 .comment       0x00000000       0x71 ./system/src/stm32f4-hal/stm32f4xx_ll_usb.o
 .comment       0x00000000       0x71 ./system/src/newlib/_exit.o
 .comment       0x00000000       0x71 ./system/src/newlib/_sbrk.o
 .comment       0x00000000       0x71 ./system/src/newlib/_startup.o
 .comment       0x00000000       0x71 ./system/src/newlib/_syscalls.o
 .comment       0x00000000       0x71 ./system/src/cortexm/_initialize_hardware.o
 .comment       0x00000000       0x71 ./system/src/cortexm/_reset_hardware.o
 .comment       0x00000000       0x71 ./system/src/cortexm/exception_handlers.o
 .comment       0x00000000       0x71 ./system/src/CMSIS/system_stm32f4xx.o
 .comment       0x00000000       0x71 ./system/src/CMSIS/vectors_stm32f4xx.o
 .comment       0x00000000       0x71 ./system/STM32_USB_Device_Library/Core/Src/usbd_core.o
 .comment       0x00000000       0x71 ./system/STM32_USB_Device_Library/Core/Src/usbd_ctlreq.o
 .comment       0x00000000       0x71 ./system/STM32_USB_Device_Library/Core/Src/usbd_ioreq.o
 .comment       0x00000000       0x71 ./system/STM32_USB_Device_Library/Class/CDC/Src/usbd_cdc.o
 .comment       0x00000000       0x71 ./system/BSP/STM32F4-Discovery/stm32f4_discovery.o
 .comment       0x00000000       0x71 ./src/main.o
 .comment       0x00000000       0x71 ./src/stm32f4xx_it.o
 .comment       0x00000000       0x71 ./src/usbd_cdc_interface.o
 .comment       0x00000000       0x71 ./src/usbd_conf.o
 .comment       0x00000000       0x71 ./src/usbd_desc.o

.ARM.attributes
                0x00000000       0x33
 .ARM.attributes
                0x00000000       0x33 ./system/src/stm32f4-hal/stm32f4xx_hal.o
 .ARM.attributes
                0x00000033       0x33 ./system/src/stm32f4-hal/stm32f4xx_hal_cortex.o
 .ARM.attributes
                0x00000066       0x33 ./system/src/stm32f4-hal/stm32f4xx_hal_dma.o
 .ARM.attributes
                0x00000099       0x33 ./system/src/stm32f4-hal/stm32f4xx_hal_gpio.o
 .ARM.attributes
                0x000000cc       0x33 ./system/src/stm32f4-hal/stm32f4xx_hal_pcd.o
 .ARM.attributes
                0x000000ff       0x33 ./system/src/stm32f4-hal/stm32f4xx_hal_rcc.o
 .ARM.attributes
                0x00000132       0x33 ./system/src/stm32f4-hal/stm32f4xx_hal_tim.o
 .ARM.attributes
                0x00000165       0x33 ./system/src/stm32f4-hal/stm32f4xx_hal_tim_ex.o
 .ARM.attributes
                0x00000198       0x33 ./system/src/stm32f4-hal/stm32f4xx_hal_uart.o
 .ARM.attributes
                0x000001cb       0x33 ./system/src/stm32f4-hal/stm32f4xx_ll_usb.o
 .ARM.attributes
                0x000001fe       0x33 ./system/src/newlib/_exit.o
 .ARM.attributes
                0x00000231       0x33 ./system/src/newlib/_sbrk.o
 .ARM.attributes
                0x00000264       0x33 ./system/src/newlib/_startup.o
 .ARM.attributes
                0x00000297       0x33 ./system/src/newlib/_syscalls.o
 .ARM.attributes
                0x000002ca       0x33 ./system/src/cortexm/_initialize_hardware.o
 .ARM.attributes
                0x000002fd       0x33 ./system/src/cortexm/_reset_hardware.o
 .ARM.attributes
                0x00000330       0x33 ./system/src/cortexm/exception_handlers.o
 .ARM.attributes
                0x00000363       0x33 ./system/src/CMSIS/system_stm32f4xx.o
 .ARM.attributes
                0x00000396       0x33 ./system/src/CMSIS/vectors_stm32f4xx.o
 .ARM.attributes
                0x000003c9       0x33 ./system/STM32_USB_Device_Library/Core/Src/usbd_core.o
 .ARM.attributes
                0x000003fc       0x33 ./system/STM32_USB_Device_Library/Core/Src/usbd_ctlreq.o
 .ARM.attributes
                0x0000042f       0x33 ./system/STM32_USB_Device_Library/Core/Src/usbd_ioreq.o
 .ARM.attributes
                0x00000462       0x33 ./system/STM32_USB_Device_Library/Class/CDC/Src/usbd_cdc.o
 .ARM.attributes
                0x00000495       0x33 ./system/BSP/STM32F4-Discovery/stm32f4_discovery.o
 .ARM.attributes
                0x000004c8       0x33 ./src/main.o
 .ARM.attributes
                0x000004fb       0x33 ./src/stm32f4xx_it.o
 .ARM.attributes
                0x0000052e       0x33 ./src/usbd_cdc_interface.o
 .ARM.attributes
                0x00000561       0x33 ./src/usbd_conf.o
 .ARM.attributes
                0x00000594       0x33 ./src/usbd_desc.o
 .ARM.attributes
                0x000005c7       0x2e c:/armgcc/4.8_2014_q2/bin/../lib/gcc/arm-none-eabi/4.8.4/../../../../arm-none-eabi/lib/armv7e-m\libg.a(lib_a-errno.o)
 .ARM.attributes
                0x000005f5       0x2e c:/armgcc/4.8_2014_q2/bin/../lib/gcc/arm-none-eabi/4.8.4/../../../../arm-none-eabi/lib/armv7e-m\libg.a(lib_a-impure.o)
 .ARM.attributes
                0x00000623       0x2e c:/armgcc/4.8_2014_q2/bin/../lib/gcc/arm-none-eabi/4.8.4/../../../../arm-none-eabi/lib/armv7e-m\libg.a(lib_a-malloc.o)
 .ARM.attributes
                0x00000651       0x2e c:/armgcc/4.8_2014_q2/bin/../lib/gcc/arm-none-eabi/4.8.4/../../../../arm-none-eabi/lib/armv7e-m\libg.a(lib_a-mallocr.o)
 .ARM.attributes
                0x0000067f       0x2e c:/armgcc/4.8_2014_q2/bin/../lib/gcc/arm-none-eabi/4.8.4/../../../../arm-none-eabi/lib/armv7e-m\libg.a(lib_a-mlock.o)
 .ARM.attributes
                0x000006ad       0x2e c:/armgcc/4.8_2014_q2/bin/../lib/gcc/arm-none-eabi/4.8.4/../../../../arm-none-eabi/lib/armv7e-m\libg.a(lib_a-sbrkr.o)
 .ARM.attributes
                0x000006db       0x2e c:/armgcc/4.8_2014_q2/bin/../lib/gcc/arm-none-eabi/4.8.4/../../../../arm-none-eabi/lib/armv7e-m\libg.a(lib_a-freer.o)

.debug
 *(.debug)

.line
 *(.line)

.debug_srcinfo
 *(.debug_srcinfo)

.debug_sfnames
 *(.debug_sfnames)

.debug_aranges  0x00000000     0x1118
 *(.debug_aranges)
 .debug_aranges
                0x00000000       0xa8 ./system/src/stm32f4-hal/stm32f4xx_hal.o
 .debug_aranges
                0x000000a8       0x90 ./system/src/stm32f4-hal/stm32f4xx_hal_cortex.o
 .debug_aranges
                0x00000138       0x60 ./system/src/stm32f4-hal/stm32f4xx_hal_dma.o
 .debug_aranges
                0x00000198       0x50 ./system/src/stm32f4-hal/stm32f4xx_hal_gpio.o
 .debug_aranges
                0x000001e8      0x128 ./system/src/stm32f4-hal/stm32f4xx_hal_pcd.o
 .debug_aranges
                0x00000310       0x88 ./system/src/stm32f4-hal/stm32f4xx_hal_rcc.o
 .debug_aranges
                0x00000398      0x320 ./system/src/stm32f4-hal/stm32f4xx_hal_tim.o
 .debug_aranges
                0x000006b8      0x138 ./system/src/stm32f4-hal/stm32f4xx_hal_tim_ex.o
 .debug_aranges
                0x000007f0      0x138 ./system/src/stm32f4-hal/stm32f4xx_hal_uart.o
 .debug_aranges
                0x00000928      0x180 ./system/src/stm32f4-hal/stm32f4xx_ll_usb.o
 .debug_aranges
                0x00000aa8       0x28 ./system/src/newlib/_exit.o
 .debug_aranges
                0x00000ad0       0x20 ./system/src/newlib/_sbrk.o
 .debug_aranges
                0x00000af0       0x40 ./system/src/newlib/_startup.o
 .debug_aranges
                0x00000b30       0x30 ./system/src/newlib/_syscalls.o
 .debug_aranges
                0x00000b60       0x20 ./system/src/cortexm/_initialize_hardware.o
 .debug_aranges
                0x00000b80       0x20 ./system/src/cortexm/_reset_hardware.o
 .debug_aranges
                0x00000ba0       0x68 ./system/src/cortexm/exception_handlers.o
 .debug_aranges
                0x00000c08       0x28 ./system/src/CMSIS/system_stm32f4xx.o
 .debug_aranges
                0x00000c30       0x20 ./system/src/CMSIS/vectors_stm32f4xx.o
 .debug_aranges
                0x00000c50       0xb8 ./system/STM32_USB_Device_Library/Core/Src/usbd_core.o
 .debug_aranges
                0x00000d08       0x48 ./system/STM32_USB_Device_Library/Core/Src/usbd_ctlreq.o
 .debug_aranges
                0x00000d50       0x50 ./system/STM32_USB_Device_Library/Core/Src/usbd_ioreq.o
 .debug_aranges
                0x00000da0       0x90 ./system/STM32_USB_Device_Library/Class/CDC/Src/usbd_cdc.o
 .debug_aranges
                0x00000e30       0xa0 ./system/BSP/STM32F4-Discovery/stm32f4_discovery.o
 .debug_aranges
                0x00000ed0       0x28 ./src/main.o
 .debug_aranges
                0x00000ef8       0x80 ./src/stm32f4xx_it.o
 .debug_aranges
                0x00000f78       0x58 ./src/usbd_cdc_interface.o
 .debug_aranges
                0x00000fd0       0xf8 ./src/usbd_conf.o
 .debug_aranges
                0x000010c8       0x50 ./src/usbd_desc.o

.debug_pubnames
 *(.debug_pubnames)

.debug_info     0x00000000    0x15e21
 *(.debug_info .gnu.linkonce.wi.*)
 .debug_info    0x00000000      0x563 ./system/src/stm32f4-hal/stm32f4xx_hal.o
 .debug_info    0x00000563      0xcb6 ./system/src/stm32f4-hal/stm32f4xx_hal_cortex.o
 .debug_info    0x00001219      0x6fe ./system/src/stm32f4-hal/stm32f4xx_hal_dma.o
 .debug_info    0x00001917      0x653 ./system/src/stm32f4-hal/stm32f4xx_hal_gpio.o
 .debug_info    0x00001f6a     0x15ef ./system/src/stm32f4-hal/stm32f4xx_hal_pcd.o
 .debug_info    0x00003559     0x156a ./system/src/stm32f4-hal/stm32f4xx_hal_rcc.o
 .debug_info    0x00004ac3     0x35e8 ./system/src/stm32f4-hal/stm32f4xx_hal_tim.o
 .debug_info    0x000080ab     0x153d ./system/src/stm32f4-hal/stm32f4xx_hal_tim_ex.o
 .debug_info    0x000095e8     0x1152 ./system/src/stm32f4-hal/stm32f4xx_hal_uart.o
 .debug_info    0x0000a73a     0x17a0 ./system/src/stm32f4-hal/stm32f4xx_ll_usb.o
 .debug_info    0x0000beda      0x100 ./system/src/newlib/_exit.o
 .debug_info    0x0000bfda      0x121 ./system/src/newlib/_sbrk.o
 .debug_info    0x0000c0fb      0x406 ./system/src/newlib/_startup.o
 .debug_info    0x0000c501      0x1a5 ./system/src/newlib/_syscalls.o
 .debug_info    0x0000c6a6       0xb5 ./system/src/cortexm/_initialize_hardware.o
 .debug_info    0x0000c75b      0x291 ./system/src/cortexm/_reset_hardware.o
 .debug_info    0x0000c9ec       0xd0 ./system/src/cortexm/exception_handlers.o
 .debug_info    0x0000cabc      0x482 ./system/src/CMSIS/system_stm32f4xx.o
 .debug_info    0x0000cf3e       0x8e ./system/src/CMSIS/vectors_stm32f4xx.o
 .debug_info    0x0000cfcc      0xc78 ./system/STM32_USB_Device_Library/Core/Src/usbd_core.o
 .debug_info    0x0000dc44      0xbd7 ./system/STM32_USB_Device_Library/Core/Src/usbd_ctlreq.o
 .debug_info    0x0000e81b      0x766 ./system/STM32_USB_Device_Library/Core/Src/usbd_ioreq.o
 .debug_info    0x0000ef81      0xcb1 ./system/STM32_USB_Device_Library/Class/CDC/Src/usbd_cdc.o
 .debug_info    0x0000fc32     0x194d ./system/BSP/STM32F4-Discovery/stm32f4_discovery.o
 .debug_info    0x0001157f      0xb2f ./src/main.o
 .debug_info    0x000120ae      0xc7a ./src/stm32f4xx_it.o
 .debug_info    0x00012d28     0x111a ./src/usbd_cdc_interface.o
 .debug_info    0x00013e42     0x1b25 ./src/usbd_conf.o
 .debug_info    0x00015967      0x4ba ./src/usbd_desc.o

.debug_abbrev   0x00000000     0x3906
 *(.debug_abbrev)
 .debug_abbrev  0x00000000      0x1ff ./system/src/stm32f4-hal/stm32f4xx_hal.o
 .debug_abbrev  0x000001ff      0x29f ./system/src/stm32f4-hal/stm32f4xx_hal_cortex.o
 .debug_abbrev  0x0000049e      0x211 ./system/src/stm32f4-hal/stm32f4xx_hal_dma.o
 .debug_abbrev  0x000006af      0x1b0 ./system/src/stm32f4-hal/stm32f4xx_hal_gpio.o
 .debug_abbrev  0x0000085f      0x2de ./system/src/stm32f4-hal/stm32f4xx_hal_pcd.o
 .debug_abbrev  0x00000b3d      0x2ea ./system/src/stm32f4-hal/stm32f4xx_hal_rcc.o
 .debug_abbrev  0x00000e27      0x325 ./system/src/stm32f4-hal/stm32f4xx_hal_tim.o
 .debug_abbrev  0x0000114c      0x271 ./system/src/stm32f4-hal/stm32f4xx_hal_tim_ex.o
 .debug_abbrev  0x000013bd      0x2b1 ./system/src/stm32f4-hal/stm32f4xx_hal_uart.o
 .debug_abbrev  0x0000166e      0x355 ./system/src/stm32f4-hal/stm32f4xx_ll_usb.o
 .debug_abbrev  0x000019c3       0xb8 ./system/src/newlib/_exit.o
 .debug_abbrev  0x00001a7b       0xb8 ./system/src/newlib/_sbrk.o
 .debug_abbrev  0x00001b33      0x1c3 ./system/src/newlib/_startup.o
 .debug_abbrev  0x00001cf6       0xe4 ./system/src/newlib/_syscalls.o
 .debug_abbrev  0x00001dda       0x88 ./system/src/cortexm/_initialize_hardware.o
 .debug_abbrev  0x00001e62       0xe7 ./system/src/cortexm/_reset_hardware.o
 .debug_abbrev  0x00001f49       0x2c ./system/src/cortexm/exception_handlers.o
 .debug_abbrev  0x00001f75      0x101 ./system/src/CMSIS/system_stm32f4xx.o
 .debug_abbrev  0x00002076       0x8f ./system/src/CMSIS/vectors_stm32f4xx.o
 .debug_abbrev  0x00002105      0x26d ./system/STM32_USB_Device_Library/Core/Src/usbd_core.o
 .debug_abbrev  0x00002372      0x2d2 ./system/STM32_USB_Device_Library/Core/Src/usbd_ctlreq.o
 .debug_abbrev  0x00002644      0x16a ./system/STM32_USB_Device_Library/Core/Src/usbd_ioreq.o
 .debug_abbrev  0x000027ae      0x272 ./system/STM32_USB_Device_Library/Class/CDC/Src/usbd_cdc.o
 .debug_abbrev  0x00002a20      0x34f ./system/BSP/STM32F4-Discovery/stm32f4_discovery.o
 .debug_abbrev  0x00002d6f      0x23a ./src/main.o
 .debug_abbrev  0x00002fa9      0x1d6 ./src/stm32f4xx_it.o
 .debug_abbrev  0x0000317f      0x32e ./src/usbd_cdc_interface.o
 .debug_abbrev  0x000034ad      0x2e0 ./src/usbd_conf.o
 .debug_abbrev  0x0000378d      0x179 ./src/usbd_desc.o

.debug_line     0x00000000     0x7657
 *(.debug_line)
 .debug_line    0x00000000      0x2a1 ./system/src/stm32f4-hal/stm32f4xx_hal.o
 .debug_line    0x000002a1      0x2b4 ./system/src/stm32f4-hal/stm32f4xx_hal_cortex.o
 .debug_line    0x00000555      0xd87 ./system/src/stm32f4-hal/stm32f4xx_hal_dma.o
 .debug_line    0x000012dc      0x1f9 ./system/src/stm32f4-hal/stm32f4xx_hal_gpio.o
 .debug_line    0x000014d5      0x759 ./system/src/stm32f4-hal/stm32f4xx_hal_pcd.o
 .debug_line    0x00001c2e      0x507 ./system/src/stm32f4-hal/stm32f4xx_hal_rcc.o
 .debug_line    0x00002135     0x15bb ./system/src/stm32f4-hal/stm32f4xx_hal_tim.o
 .debug_line    0x000036f0      0x83a ./system/src/stm32f4-hal/stm32f4xx_hal_tim_ex.o
 .debug_line    0x00003f2a      0xaed ./system/src/stm32f4-hal/stm32f4xx_hal_uart.o
 .debug_line    0x00004a17      0x8a5 ./system/src/stm32f4-hal/stm32f4xx_ll_usb.o
 .debug_line    0x000052bc       0xf3 ./system/src/newlib/_exit.o
 .debug_line    0x000053af       0x9f ./system/src/newlib/_sbrk.o
 .debug_line    0x0000544e      0x103 ./system/src/newlib/_startup.o
 .debug_line    0x00005551       0xf5 ./system/src/newlib/_syscalls.o
 .debug_line    0x00005646       0xe3 ./system/src/cortexm/_initialize_hardware.o
 .debug_line    0x00005729       0xec ./system/src/cortexm/_reset_hardware.o
 .debug_line    0x00005815       0x6d ./system/src/cortexm/exception_handlers.o
 .debug_line    0x00005882      0x10b ./system/src/CMSIS/system_stm32f4xx.o
 .debug_line    0x0000598d       0x58 ./system/src/CMSIS/vectors_stm32f4xx.o
 .debug_line    0x000059e5      0x314 ./system/STM32_USB_Device_Library/Core/Src/usbd_core.o
 .debug_line    0x00005cf9      0x257 ./system/STM32_USB_Device_Library/Core/Src/usbd_ctlreq.o
 .debug_line    0x00005f50      0x1bb ./system/STM32_USB_Device_Library/Core/Src/usbd_ioreq.o
 .debug_line    0x0000610b      0x360 ./system/STM32_USB_Device_Library/Class/CDC/Src/usbd_cdc.o
 .debug_line    0x0000646b      0x403 ./system/BSP/STM32F4-Discovery/stm32f4_discovery.o
 .debug_line    0x0000686e      0x2d8 ./src/main.o
 .debug_line    0x00006b46      0x246 ./src/stm32f4xx_it.o
 .debug_line    0x00006d8c      0x2fb ./src/usbd_cdc_interface.o
 .debug_line    0x00007087      0x437 ./src/usbd_conf.o
 .debug_line    0x000074be      0x199 ./src/usbd_desc.o

.debug_frame    0x00000000     0x29c0
 *(.debug_frame)
 .debug_frame   0x00000000      0x144 ./system/src/stm32f4-hal/stm32f4xx_hal.o
 .debug_frame   0x00000144      0x120 ./system/src/stm32f4-hal/stm32f4xx_hal_cortex.o
 .debug_frame   0x00000264      0x104 ./system/src/stm32f4-hal/stm32f4xx_hal_dma.o
 .debug_frame   0x00000368       0xac ./system/src/stm32f4-hal/stm32f4xx_hal_gpio.o
 .debug_frame   0x00000414      0x2e4 ./system/src/stm32f4-hal/stm32f4xx_hal_pcd.o
 .debug_frame   0x000006f8      0x144 ./system/src/stm32f4-hal/stm32f4xx_hal_rcc.o
 .debug_frame   0x0000083c      0x834 ./system/src/stm32f4-hal/stm32f4xx_hal_tim.o
 .debug_frame   0x00001070      0x310 ./system/src/stm32f4-hal/stm32f4xx_hal_tim_ex.o
 .debug_frame   0x00001380      0x340 ./system/src/stm32f4-hal/stm32f4xx_hal_uart.o
 .debug_frame   0x000016c0      0x420 ./system/src/stm32f4-hal/stm32f4xx_ll_usb.o
 .debug_frame   0x00001ae0       0x40 ./system/src/newlib/_exit.o
 .debug_frame   0x00001b20       0x28 ./system/src/newlib/_sbrk.o
 .debug_frame   0x00001b48       0x84 ./system/src/newlib/_startup.o
 .debug_frame   0x00001bcc       0x50 ./system/src/newlib/_syscalls.o
 .debug_frame   0x00001c1c       0x20 ./system/src/cortexm/_initialize_hardware.o
 .debug_frame   0x00001c3c       0x20 ./system/src/cortexm/_reset_hardware.o
 .debug_frame   0x00001c5c       0xb0 ./system/src/cortexm/exception_handlers.o
 .debug_frame   0x00001d0c       0x30 ./system/src/CMSIS/system_stm32f4xx.o
 .debug_frame   0x00001d3c       0x20 ./system/src/CMSIS/vectors_stm32f4xx.o
 .debug_frame   0x00001d5c      0x1c0 ./system/STM32_USB_Device_Library/Core/Src/usbd_core.o
 .debug_frame   0x00001f1c       0xac ./system/STM32_USB_Device_Library/Core/Src/usbd_ctlreq.o
 .debug_frame   0x00001fc8       0xc0 ./system/STM32_USB_Device_Library/Core/Src/usbd_ioreq.o
 .debug_frame   0x00002088      0x150 ./system/STM32_USB_Device_Library/Class/CDC/Src/usbd_cdc.o
 .debug_frame   0x000021d8      0x1d4 ./system/BSP/STM32F4-Discovery/stm32f4_discovery.o
 .debug_frame   0x000023ac       0x48 ./src/main.o
 .debug_frame   0x000023f4       0xe0 ./src/stm32f4xx_it.o
 .debug_frame   0x000024d4       0xc4 ./src/usbd_cdc_interface.o
 .debug_frame   0x00002598      0x24c ./src/usbd_conf.o
 .debug_frame   0x000027e4       0xa8 ./src/usbd_desc.o
 .debug_frame   0x0000288c       0x20 c:/armgcc/4.8_2014_q2/bin/../lib/gcc/arm-none-eabi/4.8.4/../../../../arm-none-eabi/lib/armv7e-m\libg.a(lib_a-errno.o)
 .debug_frame   0x000028ac       0x30 c:/armgcc/4.8_2014_q2/bin/../lib/gcc/arm-none-eabi/4.8.4/../../../../arm-none-eabi/lib/armv7e-m\libg.a(lib_a-malloc.o)
 .debug_frame   0x000028dc       0x38 c:/armgcc/4.8_2014_q2/bin/../lib/gcc/arm-none-eabi/4.8.4/../../../../arm-none-eabi/lib/armv7e-m\libg.a(lib_a-mallocr.o)
 .debug_frame   0x00002914       0x30 c:/armgcc/4.8_2014_q2/bin/../lib/gcc/arm-none-eabi/4.8.4/../../../../arm-none-eabi/lib/armv7e-m\libg.a(lib_a-mlock.o)
 .debug_frame   0x00002944       0x2c c:/armgcc/4.8_2014_q2/bin/../lib/gcc/arm-none-eabi/4.8.4/../../../../arm-none-eabi/lib/armv7e-m\libg.a(lib_a-sbrkr.o)
 .debug_frame   0x00002970       0x50 c:/armgcc/4.8_2014_q2/bin/../lib/gcc/arm-none-eabi/4.8.4/../../../../arm-none-eabi/lib/armv7e-m\libg.a(lib_a-freer.o)

.debug_str      0x00000000     0x5454
 *(.debug_str)
 .debug_str     0x00000000      0x4bb ./system/src/stm32f4-hal/stm32f4xx_hal.o
                                0x507 (size before relaxing)
 .debug_str     0x000004bb      0x7c4 ./system/src/stm32f4-hal/stm32f4xx_hal_cortex.o
                                0xadb (size before relaxing)
 .debug_str     0x00000c7f      0x49f ./system/src/stm32f4-hal/stm32f4xx_hal_dma.o
                                0x5f7 (size before relaxing)
 .debug_str     0x0000111e      0x1b6 ./system/src/stm32f4-hal/stm32f4xx_hal_gpio.o
                                0x48f (size before relaxing)
 .debug_str     0x000012d4      0x95a ./system/src/stm32f4-hal/stm32f4xx_hal_pcd.o
                                0xbb8 (size before relaxing)
 .debug_str     0x00001c2e      0x2e0 ./system/src/stm32f4-hal/stm32f4xx_hal_rcc.o
                                0xc85 (size before relaxing)
 .debug_str     0x00001f0e      0xea9 ./system/src/stm32f4-hal/stm32f4xx_hal_tim.o
                               0x139f (size before relaxing)
 .debug_str     0x00002db7      0x4ff ./system/src/stm32f4-hal/stm32f4xx_hal_tim_ex.o
                                0xc96 (size before relaxing)
 .debug_str     0x000032b6      0x570 ./system/src/stm32f4-hal/stm32f4xx_hal_uart.o
                                0xaaf (size before relaxing)
 .debug_str     0x00003826      0x3a6 ./system/src/stm32f4-hal/stm32f4xx_ll_usb.o
                                0xb66 (size before relaxing)
 .debug_str     0x00003bcc       0x51 ./system/src/newlib/_exit.o
                                0x1e8 (size before relaxing)
 .debug_str     0x00003c1d       0x77 ./system/src/newlib/_sbrk.o
                                0x215 (size before relaxing)
 .debug_str     0x00003c94      0x153 ./system/src/newlib/_startup.o
                                0x313 (size before relaxing)
 .debug_str     0x00003de7       0x45 ./system/src/newlib/_syscalls.o
                                0x208 (size before relaxing)
 .debug_str     0x00003e2c       0x38 ./system/src/cortexm/_initialize_hardware.o
                                0x1f0 (size before relaxing)
 .debug_str     0x00003e64       0x28 ./system/src/cortexm/_reset_hardware.o
                                0x261 (size before relaxing)
 .debug_str     0x00003e8c       0xc9 ./system/src/cortexm/exception_handlers.o
                                0x1c9 (size before relaxing)
 .debug_str     0x00003f55       0x47 ./system/src/CMSIS/system_stm32f4xx.o
                                0x384 (size before relaxing)
 .debug_str     0x00003f9c       0x57 ./system/src/CMSIS/vectors_stm32f4xx.o
                                0x16d (size before relaxing)
 .debug_str     0x00003ff3      0x5ac ./system/STM32_USB_Device_Library/Core/Src/usbd_core.o
                                0x82d (size before relaxing)
 .debug_str     0x0000459f      0x12e ./system/STM32_USB_Device_Library/Core/Src/usbd_ctlreq.o
                                0x75e (size before relaxing)
 .debug_str     0x000046cd       0x99 ./system/STM32_USB_Device_Library/Core/Src/usbd_ioreq.o
                                0x68b (size before relaxing)
 .debug_str     0x00004766      0x287 ./system/STM32_USB_Device_Library/Class/CDC/Src/usbd_cdc.o
                                0x8bd (size before relaxing)
 .debug_str     0x000049ed      0x752 ./system/BSP/STM32F4-Discovery/stm32f4_discovery.o
                               0x137d (size before relaxing)
 .debug_str     0x0000513f       0x48 ./src/main.o
                                0x930 (size before relaxing)
 .debug_str     0x00005187       0x77 ./src/stm32f4xx_it.o
                                0xbfa (size before relaxing)
 .debug_str     0x000051fe      0x113 ./src/usbd_cdc_interface.o
                                0xebc (size before relaxing)
 .debug_str     0x00005311       0x31 ./src/usbd_conf.o
                               0x13dc (size before relaxing)
 .debug_str     0x00005342      0x112 ./src/usbd_desc.o
                                0x403 (size before relaxing)

.debug_loc      0x00000000     0xca69
 *(.debug_loc)
 .debug_loc     0x00000000      0x422 ./system/src/stm32f4-hal/stm32f4xx_hal_cortex.o
 .debug_loc     0x00000422      0x784 ./system/src/stm32f4-hal/stm32f4xx_hal_dma.o
 .debug_loc     0x00000ba6      0x26e ./system/src/stm32f4-hal/stm32f4xx_hal_gpio.o
 .debug_loc     0x00000e14      0xf3f ./system/src/stm32f4-hal/stm32f4xx_hal_pcd.o
 .debug_loc     0x00001d53      0x818 ./system/src/stm32f4-hal/stm32f4xx_hal_rcc.o
 .debug_loc     0x0000256b     0x40b8 ./system/src/stm32f4-hal/stm32f4xx_hal_tim.o
 .debug_loc     0x00006623     0x12a3 ./system/src/stm32f4-hal/stm32f4xx_hal_tim_ex.o
 .debug_loc     0x000078c6     0x10d1 ./system/src/stm32f4-hal/stm32f4xx_hal_uart.o
 .debug_loc     0x00008997     0x1a75 ./system/src/stm32f4-hal/stm32f4xx_ll_usb.o
 .debug_loc     0x0000a40c       0x21 ./system/src/newlib/_exit.o
 .debug_loc     0x0000a42d       0x6e ./system/src/newlib/_sbrk.o
 .debug_loc     0x0000a49b      0x2a4 ./system/src/newlib/_startup.o
 .debug_loc     0x0000a73f       0x63 ./system/src/newlib/_syscalls.o
 .debug_loc     0x0000a7a2       0xb7 ./system/src/CMSIS/system_stm32f4xx.o
 .debug_loc     0x0000a859      0x677 ./system/STM32_USB_Device_Library/Core/Src/usbd_core.o
 .debug_loc     0x0000aed0      0x622 ./system/STM32_USB_Device_Library/Core/Src/usbd_ctlreq.o
 .debug_loc     0x0000b4f2      0x204 ./system/STM32_USB_Device_Library/Core/Src/usbd_ioreq.o
 .debug_loc     0x0000b6f6      0x426 ./system/STM32_USB_Device_Library/Class/CDC/Src/usbd_cdc.o
 .debug_loc     0x0000bb1c      0x423 ./system/BSP/STM32F4-Discovery/stm32f4_discovery.o
 .debug_loc     0x0000bf3f      0x19e ./src/usbd_cdc_interface.o
 .debug_loc     0x0000c0dd      0x6f1 ./src/usbd_conf.o
 .debug_loc     0x0000c7ce      0x29b ./src/usbd_desc.o

.debug_macinfo
 *(.debug_macinfo)

.debug_weaknames
 *(.debug_weaknames)

.debug_funcnames
 *(.debug_funcnames)

.debug_typenames
 *(.debug_typenames)

.debug_varnames
 *(.debug_varnames)
OUTPUT(VCP.elf elf32-littlearm)

.debug_ranges   0x00000000     0x1428
 .debug_ranges  0x00000000       0xb0 ./system/src/stm32f4-hal/stm32f4xx_hal.o
 .debug_ranges  0x000000b0       0xd0 ./system/src/stm32f4-hal/stm32f4xx_hal_cortex.o
 .debug_ranges  0x00000180       0x90 ./system/src/stm32f4-hal/stm32f4xx_hal_dma.o
 .debug_ranges  0x00000210       0x40 ./system/src/stm32f4-hal/stm32f4xx_hal_gpio.o
 .debug_ranges  0x00000250      0x130 ./system/src/stm32f4-hal/stm32f4xx_hal_pcd.o
 .debug_ranges  0x00000380       0xa8 ./system/src/stm32f4-hal/stm32f4xx_hal_rcc.o
 .debug_ranges  0x00000428      0x5a0 ./system/src/stm32f4-hal/stm32f4xx_hal_tim.o
 .debug_ranges  0x000009c8      0x128 ./system/src/stm32f4-hal/stm32f4xx_hal_tim_ex.o
 .debug_ranges  0x00000af0      0x178 ./system/src/stm32f4-hal/stm32f4xx_hal_uart.o
 .debug_ranges  0x00000c68      0x190 ./system/src/stm32f4-hal/stm32f4xx_ll_usb.o
 .debug_ranges  0x00000df8       0x18 ./system/src/newlib/_exit.o
 .debug_ranges  0x00000e10       0x10 ./system/src/newlib/_sbrk.o
 .debug_ranges  0x00000e20       0x50 ./system/src/newlib/_startup.o
 .debug_ranges  0x00000e70       0x20 ./system/src/newlib/_syscalls.o
 .debug_ranges  0x00000e90       0x10 ./system/src/cortexm/_initialize_hardware.o
 .debug_ranges  0x00000ea0       0x10 ./system/src/cortexm/_reset_hardware.o
 .debug_ranges  0x00000eb0       0x58 ./system/src/cortexm/exception_handlers.o
 .debug_ranges  0x00000f08       0x18 ./system/src/CMSIS/system_stm32f4xx.o
 .debug_ranges  0x00000f20       0x10 ./system/src/CMSIS/vectors_stm32f4xx.o
 .debug_ranges  0x00000f30       0xa8 ./system/STM32_USB_Device_Library/Core/Src/usbd_core.o
 .debug_ranges  0x00000fd8       0x38 ./system/STM32_USB_Device_Library/Core/Src/usbd_ctlreq.o
 .debug_ranges  0x00001010       0x40 ./system/STM32_USB_Device_Library/Core/Src/usbd_ioreq.o
 .debug_ranges  0x00001050       0x80 ./system/STM32_USB_Device_Library/Class/CDC/Src/usbd_cdc.o
 .debug_ranges  0x000010d0       0xf8 ./system/BSP/STM32F4-Discovery/stm32f4_discovery.o
 .debug_ranges  0x000011c8       0x18 ./src/main.o
 .debug_ranges  0x000011e0       0x70 ./src/stm32f4xx_it.o
 .debug_ranges  0x00001250       0x80 ./src/usbd_cdc_interface.o
 .debug_ranges  0x000012d0       0xe8 ./src/usbd_conf.o
 .debug_ranges  0x000013b8       0x70 ./src/usbd_desc.o
